2026-07-03 11:01:23,406 INFO clustering.embeddings: Embedding 1/377 data/courses/.files/2025/course-00269.yml
2026-07-03 11:01:23,476 INFO clustering.embeddings: Embedding 2/377 data/courses/.files/2025/course-00819-A.yml
2026-07-03 11:01:23,546 INFO clustering.embeddings: Embedding 3/377 data/courses/.files/2025/course-00819-B.yml
2026-07-03 11:01:23,615 INFO clustering.embeddings: Embedding 4/377 data/courses/.files/2025/course-00819-C.yml
2026-07-03 11:01:23,685 INFO clustering.embeddings: Embedding 5/377 data/courses/.files/2025/course-00819-D.yml
2026-07-03 11:01:23,754 INFO clustering.embeddings: Embedding 6/377 data/courses/.files/2025/course-00819-E.yml
2026-07-03 11:01:23,824 INFO clustering.embeddings: Embedding 7/377 data/courses/.files/2025/course-03716-A.yml
2026-07-03 11:01:23,893 INFO clustering.embeddings: Embedding 8/377 data/courses/.files/2025/course-03716-B.yml
2026-07-03 11:01:23,963 INFO clustering.embeddings: Embedding 9/377 data/courses/.files/2025/course-04138.yml
2026-07-03 11:01:24,033 INFO clustering.embeddings: Embedding 10/377 data/courses/.files/2025/course-07276-A.yml
2026-07-03 11:01:24,102 INFO clustering.embeddings: Embedding 11/377 data/courses/.files/2025/course-07276-B.yml
2026-07-03 11:01:24,172 INFO clustering.embeddings: Embedding 12/377 data/courses/.files/2025/course-07276-C.yml
2026-07-03 11:01:24,241 INFO clustering.embeddings: Embedding 13/377 data/courses/.files/2025/course-07276-D.yml
2026-07-03 11:01:24,311 INFO clustering.embeddings: Embedding 14/377 data/courses/.files/2025/course-07276-E.yml
2026-07-03 11:01:24,381 INFO clustering.embeddings: Embedding 15/377 data/courses/.files/2025/course-07276-F.yml
2026-07-03 11:01:24,451 INFO clustering.embeddings: Embedding 16/377 data/courses/.files/2025/course-08574-A.yml
2026-07-03 11:01:24,520 INFO clustering.embeddings: Embedding 17/377 data/courses/.files/2025/course-08574-B.yml
2026-07-03 11:01:24,590 INFO clustering.embeddings: Embedding 18/377 data/courses/.files/2025/course-08574-C.yml
2026-07-03 11:01:24,659 INFO clustering.embeddings: Embedding 19/377 data/courses/.files/2025/course-09032.yml
2026-07-03 11:01:24,729 INFO clustering.embeddings: Embedding 20/377 data/courses/.files/2025/course-09679.yml
2026-07-03 11:01:24,827 INFO clustering.embeddings: Embedding 21/377 data/courses/.files/2025/course-09730-A.yml
2026-07-03 11:01:24,896 INFO clustering.embeddings: Embedding 22/377 data/courses/.files/2025/course-09730-B.yml
2026-07-03 11:01:24,966 INFO clustering.embeddings: Embedding 23/377 data/courses/.files/2025/course-10906-A.yml
2026-07-03 11:01:25,035 INFO clustering.embeddings: Embedding 24/377 data/courses/.files/2025/course-10906-B.yml
2026-07-03 11:01:25,104 INFO clustering.embeddings: Embedding 25/377 data/courses/.files/2025/course-10907.yml
2026-07-03 11:01:25,173 INFO clustering.embeddings: Embedding 26/377 data/courses/.files/2025/course-11340.yml
2026-07-03 11:01:25,243 INFO clustering.embeddings: Embedding 27/377 data/courses/.files/2025/course-11925.yml
2026-07-03 11:01:25,312 INFO clustering.embeddings: Embedding 28/377 data/courses/.files/2025/course-11929-A.yml
2026-07-03 11:01:25,382 INFO clustering.embeddings: Embedding 29/377 data/courses/.files/2025/course-11929-B.yml
2026-07-03 11:01:25,451 INFO clustering.embeddings: Embedding 30/377 data/courses/.files/2025/course-11929-C.yml
2026-07-03 11:01:25,521 INFO clustering.embeddings: Embedding 31/377 data/courses/.files/2025/course-11929-D.yml
2026-07-03 11:01:25,590 INFO clustering.embeddings: Embedding 32/377 data/courses/.files/2025/course-11933.yml
2026-07-03 11:01:25,660 INFO clustering.embeddings: Embedding 33/377 data/courses/.files/2025/course-14015.yml
2026-07-03 11:01:25,729 INFO clustering.embeddings: Embedding 34/377 data/courses/.files/2025/course-15305.yml
2026-07-03 11:01:25,799 INFO clustering.embeddings: Embedding 35/377 data/courses/.files/2025/course-15920.yml
2026-07-03 11:01:25,869 INFO clustering.embeddings: Embedding 36/377 data/courses/.files/2025/course-16692.yml
2026-07-03 11:01:25,938 INFO clustering.embeddings: Embedding 37/377 data/courses/.files/2025/course-16870.yml
2026-07-03 11:01:26,008 INFO clustering.embeddings: Embedding 38/377 data/courses/.files/2025/course-17628.yml
2026-07-03 11:01:26,077 INFO clustering.embeddings: Embedding 39/377 data/courses/.files/2025/course-17634.yml
2026-07-03 11:01:26,146 INFO clustering.embeddings: Embedding 40/377 data/courses/.files/2025/course-20741.yml
2026-07-03 11:01:26,199 INFO clustering.embeddings: Embedding 41/377 data/courses/.files/2025/course-27311-A.yml
2026-07-03 11:01:26,269 INFO clustering.embeddings: Embedding 42/377 data/courses/.files/2025/course-27311-B.yml
2026-07-03 11:01:26,339 INFO clustering.embeddings: Embedding 43/377 data/courses/.files/2025/course-28004-A.yml
2026-07-03 11:01:26,435 INFO clustering.embeddings: Embedding 44/377 data/courses/.files/2025/course-28004-B.yml
2026-07-03 11:01:26,505 INFO clustering.embeddings: Embedding 45/377 data/courses/.files/2025/course-28011-A.yml
2026-07-03 11:01:26,577 INFO clustering.embeddings: Embedding 46/377 data/courses/.files/2025/course-28011-B.yml
2026-07-03 11:01:26,653 INFO clustering.embeddings: Embedding 47/377 data/courses/.files/2025/course-28011-C.yml
2026-07-03 11:01:26,721 INFO clustering.embeddings: Embedding 48/377 data/courses/.files/2025/course-28012-A.yml
2026-07-03 11:01:26,791 INFO clustering.embeddings: Embedding 49/377 data/courses/.files/2025/course-28012-B.yml
2026-07-03 11:01:26,860 INFO clustering.embeddings: Embedding 50/377 data/courses/.files/2025/course-28016-A.yml
2026-07-03 11:01:26,929 INFO clustering.embeddings: Embedding 51/377 data/courses/.files/2025/course-28016-B.yml
2026-07-03 11:01:26,999 INFO clustering.embeddings: Embedding 52/377 data/courses/.files/2025/course-28016-C.yml
2026-07-03 11:01:27,068 INFO clustering.embeddings: Embedding 53/377 data/courses/.files/2025/course-28020-A.yml
2026-07-03 11:01:27,137 INFO clustering.embeddings: Embedding 54/377 data/courses/.files/2025/course-28020-B.yml
2026-07-03 11:01:27,206 INFO clustering.embeddings: Embedding 55/377 data/courses/.files/2025/course-28021.yml
2026-07-03 11:01:27,276 INFO clustering.embeddings: Embedding 56/377 data/courses/.files/2025/course-28024-A.yml
2026-07-03 11:01:27,345 INFO clustering.embeddings: Embedding 57/377 data/courses/.files/2025/course-28024-B.yml
2026-07-03 11:01:27,414 INFO clustering.embeddings: Embedding 58/377 data/courses/.files/2025/course-28027.yml
2026-07-03 11:01:27,484 INFO clustering.embeddings: Embedding 59/377 data/courses/.files/2025/course-28040.yml
2026-07-03 11:01:27,553 INFO clustering.embeddings: Embedding 60/377 data/courses/.files/2025/course-28106.yml
2026-07-03 11:01:27,622 INFO clustering.embeddings: Embedding 61/377 data/courses/.files/2025/course-28623.yml
2026-07-03 11:01:27,691 INFO clustering.embeddings: Embedding 62/377 data/courses/.files/2025/course-28651.yml
2026-07-03 11:01:27,760 INFO clustering.embeddings: Embedding 63/377 data/courses/.files/2025/course-28652.yml
2026-07-03 11:01:27,830 INFO clustering.embeddings: Embedding 64/377 data/courses/.files/2025/course-28659-A.yml
2026-07-03 11:01:27,899 INFO clustering.embeddings: Embedding 65/377 data/courses/.files/2025/course-28659-B.yml
2026-07-03 11:01:27,968 INFO clustering.embeddings: Embedding 66/377 data/courses/.files/2025/course-28722.yml
2026-07-03 11:01:28,038 INFO clustering.embeddings: Embedding 67/377 data/courses/.files/2025/course-28724.yml
2026-07-03 11:01:28,107 INFO clustering.embeddings: Embedding 68/377 data/courses/.files/2025/course-28796.yml
2026-07-03 11:01:28,176 INFO clustering.embeddings: Embedding 69/377 data/courses/.files/2025/course-29035.yml
2026-07-03 11:01:28,245 INFO clustering.embeddings: Embedding 70/377 data/courses/.files/2025/course-29227-A.yml
2026-07-03 11:01:28,315 INFO clustering.embeddings: Embedding 71/377 data/courses/.files/2025/course-29227-B.yml
2026-07-03 11:01:28,384 INFO clustering.embeddings: Embedding 72/377 data/courses/.files/2025/course-29227-C.yml
2026-07-03 11:01:28,454 INFO clustering.embeddings: Embedding 73/377 data/courses/.files/2025/course-29227-D.yml
2026-07-03 11:01:28,523 INFO clustering.embeddings: Embedding 74/377 data/courses/.files/2025/course-29227-E.yml
2026-07-03 11:01:28,592 INFO clustering.embeddings: Embedding 75/377 data/courses/.files/2025/course-30376.yml
2026-07-03 11:01:28,662 INFO clustering.embeddings: Embedding 76/377 data/courses/.files/2025/course-34876.yml
2026-07-03 11:01:28,732 INFO clustering.embeddings: Embedding 77/377 data/courses/.files/2025/course-34991.yml
2026-07-03 11:01:28,801 INFO clustering.embeddings: Embedding 78/377 data/courses/.files/2025/course-35148.yml
2026-07-03 11:01:28,871 INFO clustering.embeddings: Embedding 79/377 data/courses/.files/2025/course-35253.yml
2026-07-03 11:01:28,940 INFO clustering.embeddings: Embedding 80/377 data/courses/.files/2025/course-35364.yml
2026-07-03 11:01:29,009 INFO clustering.embeddings: Embedding 81/377 data/courses/.files/2025/course-35367.yml
2026-07-03 11:01:29,079 INFO clustering.embeddings: Embedding 82/377 data/courses/.files/2025/course-35424.yml
2026-07-03 11:01:29,148 INFO clustering.embeddings: Embedding 83/377 data/courses/.files/2025/course-37063.yml
2026-07-03 11:01:29,217 INFO clustering.embeddings: Embedding 84/377 data/courses/.files/2025/course-37085.yml
2026-07-03 11:01:29,286 INFO clustering.embeddings: Embedding 85/377 data/courses/.files/2025/course-37262.yml
2026-07-03 11:01:29,356 INFO clustering.embeddings: Embedding 86/377 data/courses/.files/2025/course-37635.yml
2026-07-03 11:01:29,424 INFO clustering.embeddings: Embedding 87/377 data/courses/.files/2025/course-37760.yml
2026-07-03 11:01:29,493 INFO clustering.embeddings: Embedding 88/377 data/courses/.files/2025/course-37925.yml
2026-07-03 11:01:29,563 INFO clustering.embeddings: Embedding 89/377 data/courses/.files/2025/course-39176-A.yml
2026-07-03 11:01:29,632 INFO clustering.embeddings: Embedding 90/377 data/courses/.files/2025/course-39176-B.yml
2026-07-03 11:01:29,701 INFO clustering.embeddings: Embedding 91/377 data/courses/.files/2025/course-40720.yml
2026-07-03 11:01:29,771 INFO clustering.embeddings: Embedding 92/377 data/courses/.files/2025/course-41169.yml
2026-07-03 11:01:29,840 INFO clustering.embeddings: Embedding 93/377 data/courses/.files/2025/course-41588.yml
2026-07-03 11:01:29,910 INFO clustering.embeddings: Embedding 94/377 data/courses/.files/2025/course-41731-A.yml
2026-07-03 11:01:29,979 INFO clustering.embeddings: Embedding 95/377 data/courses/.files/2025/course-41731-B.yml
2026-07-03 11:01:30,076 INFO clustering.embeddings: Embedding 96/377 data/courses/.files/2025/course-42500.yml
2026-07-03 11:01:30,145 INFO clustering.embeddings: Embedding 97/377 data/courses/.files/2025/course-47240.yml
2026-07-03 11:01:30,215 INFO clustering.embeddings: Embedding 98/377 data/courses/.files/2025/course-48693-A.yml
2026-07-03 11:01:30,284 INFO clustering.embeddings: Embedding 99/377 data/courses/.files/2025/course-48693-B.yml
2026-07-03 11:01:30,354 INFO clustering.embeddings: Embedding 100/377 data/courses/.files/2025/course-57828.yml
2026-07-03 11:01:30,423 INFO clustering.embeddings: Embedding 101/377 data/courses/.files/2025/course-58348.yml
2026-07-03 11:01:30,492 INFO clustering.embeddings: Embedding 102/377 data/courses/.files/2025/course-58423.yml
2026-07-03 11:01:30,562 INFO clustering.embeddings: Embedding 103/377 data/courses/.files/2025/course-58437.yml
2026-07-03 11:01:30,631 INFO clustering.embeddings: Embedding 104/377 data/courses/.files/2025/course-60348.yml
2026-07-03 11:01:30,700 INFO clustering.embeddings: Embedding 105/377 data/courses/.files/2025/course-65094.yml
2026-07-03 11:01:30,770 INFO clustering.embeddings: Embedding 106/377 data/courses/.files/2025/course-66857.yml
2026-07-03 11:01:30,839 INFO clustering.embeddings: Embedding 107/377 data/courses/.files/2025/course-66858.yml
2026-07-03 11:01:30,909 INFO clustering.embeddings: Embedding 108/377 data/courses/.files/2025/course-66860.yml
2026-07-03 11:01:30,978 INFO clustering.embeddings: Embedding 109/377 data/courses/.files/2025/course-66870.yml
2026-07-03 11:01:31,047 INFO clustering.embeddings: Embedding 110/377 data/courses/.files/2025/course-69259.yml
2026-07-03 11:01:31,117 INFO clustering.embeddings: Embedding 111/377 data/courses/.files/2025/course-69430.yml
2026-07-03 11:01:31,186 INFO clustering.embeddings: Embedding 112/377 data/courses/.files/2025/course-69437.yml
2026-07-03 11:01:31,255 INFO clustering.embeddings: Embedding 113/377 data/courses/.files/2025/course-69661.yml
2026-07-03 11:01:31,325 INFO clustering.embeddings: Embedding 114/377 data/courses/.files/2025/course-69731-A.yml
2026-07-03 11:01:31,394 INFO clustering.embeddings: Embedding 115/377 data/courses/.files/2025/course-69731-B.yml
2026-07-03 11:01:31,463 INFO clustering.embeddings: Embedding 116/377 data/courses/.files/2025/course-69773.yml
2026-07-03 11:01:31,533 INFO clustering.embeddings: Embedding 117/377 data/courses/.files/2025/course-69867.yml
2026-07-03 11:01:31,602 INFO clustering.embeddings: Embedding 118/377 data/courses/.files/2025/course-70155.yml
2026-07-03 11:01:31,671 INFO clustering.embeddings: Embedding 119/377 data/courses/.files/2025/course-70210.yml
2026-07-03 11:01:31,741 INFO clustering.embeddings: Embedding 120/377 data/courses/.files/2025/course-70219.yml
2026-07-03 11:01:31,810 INFO clustering.embeddings: Embedding 121/377 data/courses/.files/2025/course-70226.yml
2026-07-03 11:01:31,907 INFO clustering.embeddings: Embedding 122/377 data/courses/.files/2025/course-71148.yml
2026-07-03 11:01:31,977 INFO clustering.embeddings: Embedding 123/377 data/courses/.files/2025/course-72671.yml
2026-07-03 11:01:32,046 INFO clustering.embeddings: Embedding 124/377 data/courses/.files/2025/course-72778.yml
2026-07-03 11:01:32,115 INFO clustering.embeddings: Embedding 125/377 data/courses/.files/2025/course-72787.yml
2026-07-03 11:01:32,184 INFO clustering.embeddings: Embedding 126/377 data/courses/.files/2025/course-72796.yml
2026-07-03 11:01:32,254 INFO clustering.embeddings: Embedding 127/377 data/courses/.files/2025/course-72938.yml
2026-07-03 11:01:32,323 INFO clustering.embeddings: Embedding 128/377 data/courses/.files/2025/course-72939.yml
2026-07-03 11:01:32,393 INFO clustering.embeddings: Embedding 129/377 data/courses/.files/2025/course-72940.yml
2026-07-03 11:01:32,462 INFO clustering.embeddings: Embedding 130/377 data/courses/.files/2025/course-72942.yml
2026-07-03 11:01:32,531 INFO clustering.embeddings: Embedding 131/377 data/courses/.files/2025/course-72945.yml
2026-07-03 11:01:32,601 INFO clustering.embeddings: Embedding 132/377 data/courses/.files/2025/course-73025.yml
2026-07-03 11:01:32,670 INFO clustering.embeddings: Embedding 133/377 data/courses/.files/2025/course-73092.yml
2026-07-03 11:01:32,739 INFO clustering.embeddings: Embedding 134/377 data/courses/.files/2025/course-73110.yml
2026-07-03 11:01:32,808 INFO clustering.embeddings: Embedding 135/377 data/courses/.files/2025/course-73149.yml
2026-07-03 11:01:32,878 INFO clustering.embeddings: Embedding 136/377 data/courses/.files/2025/course-73273.yml
2026-07-03 11:01:32,948 INFO clustering.embeddings: Embedding 137/377 data/courses/.files/2025/course-73302.yml
2026-07-03 11:01:33,017 INFO clustering.embeddings: Embedding 138/377 data/courses/.files/2025/course-73435.yml
2026-07-03 11:01:33,086 INFO clustering.embeddings: Embedding 139/377 data/courses/.files/2025/course-73731.yml
2026-07-03 11:01:33,156 INFO clustering.embeddings: Embedding 140/377 data/courses/.files/2025/course-75198.yml
2026-07-03 11:01:33,225 INFO clustering.embeddings: Embedding 141/377 data/courses/.files/2025/course-75835.yml
2026-07-03 11:01:33,294 INFO clustering.embeddings: Embedding 142/377 data/courses/.files/2025/course-75969-A.yml
2026-07-03 11:01:33,364 INFO clustering.embeddings: Embedding 143/377 data/courses/.files/2025/course-75969-B.yml
2026-07-03 11:01:33,461 INFO clustering.embeddings: Embedding 144/377 data/courses/.files/2025/course-76011.yml
2026-07-03 11:01:33,531 INFO clustering.embeddings: Embedding 145/377 data/courses/.files/2025/course-77780.yml
2026-07-03 11:01:33,600 INFO clustering.embeddings: Embedding 146/377 data/courses/.files/2025/course-77933.yml
2026-07-03 11:01:33,669 INFO clustering.embeddings: Embedding 147/377 data/courses/.files/2025/course-78096.yml
2026-07-03 11:01:33,739 INFO clustering.embeddings: Embedding 148/377 data/courses/.files/2025/course-78501.yml
2026-07-03 11:01:33,791 INFO clustering.embeddings: Embedding 149/377 data/courses/.files/2025/course-78510.yml
2026-07-03 11:01:33,862 INFO clustering.embeddings: Embedding 150/377 data/courses/.files/2025/course-78778.yml
2026-07-03 11:01:33,932 INFO clustering.embeddings: Embedding 151/377 data/courses/.files/2025/course-78779.yml
2026-07-03 11:01:34,001 INFO clustering.embeddings: Embedding 152/377 data/courses/.files/2025/course-78810.yml
2026-07-03 11:01:34,071 INFO clustering.embeddings: Embedding 153/377 data/courses/.files/2025/course-79194.yml
2026-07-03 11:01:34,140 INFO clustering.embeddings: Embedding 154/377 data/courses/.files/2025/course-81609.yml
2026-07-03 11:01:34,209 INFO clustering.embeddings: Embedding 155/377 data/courses/.files/2025/course-81610.yml
2026-07-03 11:01:34,279 INFO clustering.embeddings: Embedding 156/377 data/courses/.files/2025/course-81612.yml
2026-07-03 11:01:34,349 INFO clustering.embeddings: Embedding 157/377 data/courses/.files/2025/course-81649.yml
2026-07-03 11:01:34,419 INFO clustering.embeddings: Embedding 158/377 data/courses/.files/2025/course-81654.yml
2026-07-03 11:01:34,488 INFO clustering.embeddings: Embedding 159/377 data/courses/.files/2025/course-81672.yml
2026-07-03 11:01:34,558 INFO clustering.embeddings: Embedding 160/377 data/courses/.files/2025/course-81676.yml
2026-07-03 11:01:34,627 INFO clustering.embeddings: Embedding 161/377 data/courses/.files/2025/course-81678-A.yml
2026-07-03 11:01:34,696 INFO clustering.embeddings: Embedding 162/377 data/courses/.files/2025/course-81678-B.yml
2026-07-03 11:01:34,766 INFO clustering.embeddings: Embedding 163/377 data/courses/.files/2025/course-81683.yml
2026-07-03 11:01:34,835 INFO clustering.embeddings: Embedding 164/377 data/courses/.files/2025/course-81917.yml
2026-07-03 11:01:34,905 INFO clustering.embeddings: Embedding 165/377 data/courses/.files/2025/course-81932.yml
2026-07-03 11:01:34,975 INFO clustering.embeddings: Embedding 166/377 data/courses/.files/2025/course-81934.yml
2026-07-03 11:01:35,072 INFO clustering.embeddings: Embedding 167/377 data/courses/.files/2025/course-81940.yml
2026-07-03 11:01:35,142 INFO clustering.embeddings: Embedding 168/377 data/courses/.files/2025/course-81942.yml
2026-07-03 11:01:35,211 INFO clustering.embeddings: Embedding 169/377 data/courses/.files/2025/course-82202-A.yml
2026-07-03 11:01:35,280 INFO clustering.embeddings: Embedding 170/377 data/courses/.files/2025/course-82202-B.yml
2026-07-03 11:01:35,350 INFO clustering.embeddings: Embedding 171/377 data/courses/.files/2025/course-84258.yml
2026-07-03 11:01:35,419 INFO clustering.embeddings: Embedding 172/377 data/courses/.files/2025/course-84339.yml
2026-07-03 11:01:35,488 INFO clustering.embeddings: Embedding 173/377 data/courses/.files/2025/course-84401.yml
2026-07-03 11:01:35,558 INFO clustering.embeddings: Embedding 174/377 data/courses/.files/2025/course-84442.yml
2026-07-03 11:01:35,627 INFO clustering.embeddings: Embedding 175/377 data/courses/.files/2025/course-84530.yml
2026-07-03 11:01:35,696 INFO clustering.embeddings: Embedding 176/377 data/courses/.files/2025/course-84531.yml
2026-07-03 11:01:35,765 INFO clustering.embeddings: Embedding 177/377 data/courses/.files/2025/course-85189.yml
2026-07-03 11:01:35,834 INFO clustering.embeddings: Embedding 178/377 data/courses/.files/2025/course-85285.yml
2026-07-03 11:01:35,904 INFO clustering.embeddings: Embedding 179/377 data/courses/.files/2025/course-85301.yml
2026-07-03 11:01:35,973 INFO clustering.embeddings: Embedding 180/377 data/courses/.files/2025/course-85445.yml
2026-07-03 11:01:36,042 INFO clustering.embeddings: Embedding 181/377 data/courses/.files/2025/course-85446.yml
2026-07-03 11:01:36,112 INFO clustering.embeddings: Embedding 182/377 data/courses/.files/2025/course-85573.yml
2026-07-03 11:01:36,181 INFO clustering.embeddings: Embedding 183/377 data/courses/.files/2025/course-85728.yml
2026-07-03 11:01:36,250 INFO clustering.embeddings: Embedding 184/377 data/courses/.files/2025/course-85730.yml
2026-07-03 11:01:36,319 INFO clustering.embeddings: Embedding 185/377 data/courses/.files/2025/course-85733.yml
2026-07-03 11:01:36,389 INFO clustering.embeddings: Embedding 186/377 data/courses/.files/2025/course-85734.yml
2026-07-03 11:01:36,457 INFO clustering.embeddings: Embedding 187/377 data/courses/.files/2025/course-87198.yml
2026-07-03 11:01:36,527 INFO clustering.embeddings: Embedding 188/377 data/courses/.files/2025/course-87469.yml
2026-07-03 11:01:36,596 INFO clustering.embeddings: Embedding 189/377 data/courses/.files/2025/course-87474.yml
2026-07-03 11:01:36,665 INFO clustering.embeddings: Embedding 190/377 data/courses/.files/2025/course-87898.yml
2026-07-03 11:01:36,734 INFO clustering.embeddings: Embedding 191/377 data/courses/.files/2025/course-87901.yml
2026-07-03 11:01:36,803 INFO clustering.embeddings: Embedding 192/377 data/courses/.files/2025/course-88016.yml
2026-07-03 11:01:36,873 INFO clustering.embeddings: Embedding 193/377 data/courses/.files/2025/course-88145.yml
2026-07-03 11:01:36,942 INFO clustering.embeddings: Embedding 194/377 data/courses/.files/2025/course-88146.yml
2026-07-03 11:01:37,011 INFO clustering.embeddings: Embedding 195/377 data/courses/.files/2025/course-88154.yml
2026-07-03 11:01:37,081 INFO clustering.embeddings: Embedding 196/377 data/courses/.files/2025/course-88155.yml
2026-07-03 11:01:37,150 INFO clustering.embeddings: Embedding 197/377 data/courses/.files/2025/course-88202.yml
2026-07-03 11:01:37,219 INFO clustering.embeddings: Embedding 198/377 data/courses/.files/2025/course-88228.yml
2026-07-03 11:01:37,288 INFO clustering.embeddings: Embedding 199/377 data/courses/.files/2025/course-88230.yml
2026-07-03 11:01:37,357 INFO clustering.embeddings: Embedding 200/377 data/courses/.files/2025/course-88324.yml
2026-07-03 11:01:37,427 INFO clustering.embeddings: Embedding 201/377 data/courses/.files/2025/course-88325.yml
2026-07-03 11:01:37,496 INFO clustering.embeddings: Embedding 202/377 data/courses/.files/2025/course-88566.yml
2026-07-03 11:01:37,565 INFO clustering.embeddings: Embedding 203/377 data/courses/.files/2025/course-89988.yml
2026-07-03 11:01:37,634 INFO clustering.embeddings: Embedding 204/377 data/courses/.files/2025/course-90074.yml
2026-07-03 11:01:37,703 INFO clustering.embeddings: Embedding 205/377 data/courses/.files/2025/course-90106-A.yml
2026-07-03 11:01:37,772 INFO clustering.embeddings: Embedding 206/377 data/courses/.files/2025/course-90106-B.yml
2026-07-03 11:01:37,842 INFO clustering.embeddings: Embedding 207/377 data/courses/.files/2025/course-90107.yml
2026-07-03 11:01:37,911 INFO clustering.embeddings: Embedding 208/377 data/courses/.files/2025/course-90147.yml
2026-07-03 11:01:37,980 INFO clustering.embeddings: Embedding 209/377 data/courses/.files/2025/course-90157.yml
2026-07-03 11:01:38,049 INFO clustering.embeddings: Embedding 210/377 data/courses/.files/2025/course-90392.yml
2026-07-03 11:01:38,118 INFO clustering.embeddings: Embedding 211/377 data/courses/.files/2025/course-90477.yml
2026-07-03 11:01:38,187 INFO clustering.embeddings: Embedding 212/377 data/courses/.files/2025/course-90720.yml
2026-07-03 11:01:38,257 INFO clustering.embeddings: Embedding 213/377 data/courses/.files/2025/course-90730.yml
2026-07-03 11:01:38,326 INFO clustering.embeddings: Embedding 214/377 data/courses/.files/2025/course-90748.yml
2026-07-03 11:01:38,395 INFO clustering.embeddings: Embedding 215/377 data/courses/.files/2025/course-90749.yml
2026-07-03 11:01:38,465 INFO clustering.embeddings: Embedding 216/377 data/courses/.files/2025/course-90864.yml
2026-07-03 11:01:38,534 INFO clustering.embeddings: Embedding 217/377 data/courses/.files/2025/course-91161.yml
2026-07-03 11:01:38,603 INFO clustering.embeddings: Embedding 218/377 data/courses/.files/2025/course-91248.yml
2026-07-03 11:01:38,700 INFO clustering.embeddings: Embedding 219/377 data/courses/.files/2025/course-91250-A.yml
2026-07-03 11:01:38,769 INFO clustering.embeddings: Embedding 220/377 data/courses/.files/2025/course-91250-B.yml
2026-07-03 11:01:38,839 INFO clustering.embeddings: Embedding 221/377 data/courses/.files/2025/course-91250-C.yml
2026-07-03 11:01:38,909 INFO clustering.embeddings: Embedding 222/377 data/courses/.files/2025/course-91250-D.yml
2026-07-03 11:01:38,978 INFO clustering.embeddings: Embedding 223/377 data/courses/.files/2025/course-91254.yml
2026-07-03 11:01:39,047 INFO clustering.embeddings: Embedding 224/377 data/courses/.files/2025/course-91258-A.yml
2026-07-03 11:01:39,117 INFO clustering.embeddings: Embedding 225/377 data/courses/.files/2025/course-91258-B.yml
2026-07-03 11:01:39,186 INFO clustering.embeddings: Embedding 226/377 data/courses/.files/2025/course-91258-C.yml
2026-07-03 11:01:39,256 INFO clustering.embeddings: Embedding 227/377 data/courses/.files/2025/course-91259.yml
2026-07-03 11:01:39,326 INFO clustering.embeddings: Embedding 228/377 data/courses/.files/2025/course-91261.yml
2026-07-03 11:01:39,395 INFO clustering.embeddings: Embedding 229/377 data/courses/.files/2025/course-91264.yml
2026-07-03 11:01:39,464 INFO clustering.embeddings: Embedding 230/377 data/courses/.files/2025/course-91265.yml
2026-07-03 11:01:39,534 INFO clustering.embeddings: Embedding 231/377 data/courses/.files/2025/course-91266.yml
2026-07-03 11:01:39,603 INFO clustering.embeddings: Embedding 232/377 data/courses/.files/2025/course-91267.yml
2026-07-03 11:01:39,672 INFO clustering.embeddings: Embedding 233/377 data/courses/.files/2025/course-91269.yml
2026-07-03 11:01:39,741 INFO clustering.embeddings: Embedding 234/377 data/courses/.files/2025/course-91411.yml
2026-07-03 11:01:39,810 INFO clustering.embeddings: Embedding 235/377 data/courses/.files/2025/course-91602.yml
2026-07-03 11:01:39,879 INFO clustering.embeddings: Embedding 236/377 data/courses/.files/2025/course-91685.yml
2026-07-03 11:01:39,947 INFO clustering.embeddings: Embedding 237/377 data/courses/.files/2025/course-91721.yml
2026-07-03 11:01:40,017 INFO clustering.embeddings: Embedding 238/377 data/courses/.files/2025/course-91762.yml
2026-07-03 11:01:40,086 INFO clustering.embeddings: Embedding 239/377 data/courses/.files/2025/course-92858.yml
2026-07-03 11:01:40,155 INFO clustering.embeddings: Embedding 240/377 data/courses/.files/2025/course-93034-A.yml
2026-07-03 11:01:40,225 INFO clustering.embeddings: Embedding 241/377 data/courses/.files/2025/course-93034-B.yml
2026-07-03 11:01:40,294 INFO clustering.embeddings: Embedding 242/377 data/courses/.files/2025/course-93034-C.yml
2026-07-03 11:01:40,364 INFO clustering.embeddings: Embedding 243/377 data/courses/.files/2025/course-93315.yml
2026-07-03 11:01:40,433 INFO clustering.embeddings: Embedding 244/377 data/courses/.files/2025/course-93319.yml
2026-07-03 11:01:40,530 INFO clustering.embeddings: Embedding 245/377 data/courses/.files/2025/course-93321.yml
2026-07-03 11:01:40,600 INFO clustering.embeddings: Embedding 246/377 data/courses/.files/2025/course-93322.yml
2026-07-03 11:01:40,670 INFO clustering.embeddings: Embedding 247/377 data/courses/.files/2025/course-93333.yml
2026-07-03 11:01:40,739 INFO clustering.embeddings: Embedding 248/377 data/courses/.files/2025/course-93363.yml
2026-07-03 11:01:40,809 INFO clustering.embeddings: Embedding 249/377 data/courses/.files/2025/course-93379.yml
2026-07-03 11:01:40,878 INFO clustering.embeddings: Embedding 250/377 data/courses/.files/2025/course-93390.yml
2026-07-03 11:01:40,948 INFO clustering.embeddings: Embedding 251/377 data/courses/.files/2025/course-93391.yml
2026-07-03 11:01:41,018 INFO clustering.embeddings: Embedding 252/377 data/courses/.files/2025/course-93392.yml
2026-07-03 11:01:41,087 INFO clustering.embeddings: Embedding 253/377 data/courses/.files/2025/course-93395.yml
2026-07-03 11:01:41,156 INFO clustering.embeddings: Embedding 254/377 data/courses/.files/2025/course-93398.yml
2026-07-03 11:01:41,226 INFO clustering.embeddings: Embedding 255/377 data/courses/.files/2025/course-93466.yml
2026-07-03 11:01:41,296 INFO clustering.embeddings: Embedding 256/377 data/courses/.files/2025/course-93467.yml
2026-07-03 11:01:41,366 INFO clustering.embeddings: Embedding 257/377 data/courses/.files/2025/course-93468.yml
2026-07-03 11:01:41,436 INFO clustering.embeddings: Embedding 258/377 data/courses/.files/2025/course-93469.yml
2026-07-03 11:01:41,506 INFO clustering.embeddings: Embedding 259/377 data/courses/.files/2025/course-93470-A.yml
2026-07-03 11:01:41,576 INFO clustering.embeddings: Embedding 260/377 data/courses/.files/2025/course-93470-B.yml
2026-07-03 11:01:41,645 INFO clustering.embeddings: Embedding 261/377 data/courses/.files/2025/course-93478.yml
2026-07-03 11:01:41,715 INFO clustering.embeddings: Embedding 262/377 data/courses/.files/2025/course-93653.yml
2026-07-03 11:01:41,785 INFO clustering.embeddings: Embedding 263/377 data/courses/.files/2025/course-93669.yml
2026-07-03 11:01:41,855 INFO clustering.embeddings: Embedding 264/377 data/courses/.files/2025/course-93929.yml
2026-07-03 11:01:41,925 INFO clustering.embeddings: Embedding 265/377 data/courses/.files/2025/course-94247.yml
2026-07-03 11:01:41,994 INFO clustering.embeddings: Embedding 266/377 data/courses/.files/2025/course-94272.yml
2026-07-03 11:01:42,092 INFO clustering.embeddings: Embedding 267/377 data/courses/.files/2025/course-94442.yml
2026-07-03 11:01:42,162 INFO clustering.embeddings: Embedding 268/377 data/courses/.files/2025/course-95602.yml
2026-07-03 11:01:42,232 INFO clustering.embeddings: Embedding 269/377 data/courses/.files/2025/course-95604.yml
2026-07-03 11:01:42,302 INFO clustering.embeddings: Embedding 270/377 data/courses/.files/2025/course-95605.yml
2026-07-03 11:01:42,372 INFO clustering.embeddings: Embedding 271/377 data/courses/.files/2025/course-95611.yml
2026-07-03 11:01:42,442 INFO clustering.embeddings: Embedding 272/377 data/courses/.files/2025/course-95627.yml
2026-07-03 11:01:42,512 INFO clustering.embeddings: Embedding 273/377 data/courses/.files/2025/course-95630.yml
2026-07-03 11:01:42,581 INFO clustering.embeddings: Embedding 274/377 data/courses/.files/2025/course-95631-A.yml
2026-07-03 11:01:42,651 INFO clustering.embeddings: Embedding 275/377 data/courses/.files/2025/course-95631-B.yml
2026-07-03 11:01:42,719 INFO clustering.embeddings: Embedding 276/377 data/courses/.files/2025/course-95632.yml
2026-07-03 11:01:42,790 INFO clustering.embeddings: Embedding 277/377 data/courses/.files/2025/course-95638.yml
2026-07-03 11:01:42,859 INFO clustering.embeddings: Embedding 278/377 data/courses/.files/2025/course-95639.yml
2026-07-03 11:01:42,929 INFO clustering.embeddings: Embedding 279/377 data/courses/.files/2025/course-95644.yml
2026-07-03 11:01:42,998 INFO clustering.embeddings: Embedding 280/377 data/courses/.files/2025/course-95645.yml
2026-07-03 11:01:43,068 INFO clustering.embeddings: Embedding 281/377 data/courses/.files/2025/course-95646.yml
2026-07-03 11:01:43,138 INFO clustering.embeddings: Embedding 282/377 data/courses/.files/2025/course-95648.yml
2026-07-03 11:01:43,207 INFO clustering.embeddings: Embedding 283/377 data/courses/.files/2025/course-95782.yml
2026-07-03 11:01:43,277 INFO clustering.embeddings: Embedding 284/377 data/courses/.files/2025/course-95965.yml
2026-07-03 11:01:43,346 INFO clustering.embeddings: Embedding 285/377 data/courses/.files/2025/course-96007.yml
2026-07-03 11:01:43,417 INFO clustering.embeddings: Embedding 286/377 data/courses/.files/2025/course-96142.yml
2026-07-03 11:01:43,486 INFO clustering.embeddings: Embedding 287/377 data/courses/.files/2025/course-96143.yml
2026-07-03 11:01:43,556 INFO clustering.embeddings: Embedding 288/377 data/courses/.files/2025/course-96346-A.yml
2026-07-03 11:01:43,654 INFO clustering.embeddings: Embedding 289/377 data/courses/.files/2025/course-96346-B.yml
2026-07-03 11:01:43,724 INFO clustering.embeddings: Embedding 290/377 data/courses/.files/2025/course-96346-C.yml
2026-07-03 11:01:43,796 INFO clustering.embeddings: Embedding 291/377 data/courses/.files/2025/course-96642.yml
2026-07-03 11:01:43,865 INFO clustering.embeddings: Embedding 292/377 data/courses/.files/2025/course-96725-A.yml
2026-07-03 11:01:43,936 INFO clustering.embeddings: Embedding 293/377 data/courses/.files/2025/course-96725-B.yml
2026-07-03 11:01:44,005 INFO clustering.embeddings: Embedding 294/377 data/courses/.files/2025/course-96793.yml
2026-07-03 11:01:44,074 INFO clustering.embeddings: Embedding 295/377 data/courses/.files/2025/course-96859.yml
2026-07-03 11:01:44,144 INFO clustering.embeddings: Embedding 296/377 data/courses/.files/2025/course-96994.yml
2026-07-03 11:01:44,213 INFO clustering.embeddings: Embedding 297/377 data/courses/.files/2025/course-96995.yml
2026-07-03 11:01:44,283 INFO clustering.embeddings: Embedding 298/377 data/courses/.files/2025/course-97431.yml
2026-07-03 11:01:44,353 INFO clustering.embeddings: Embedding 299/377 data/courses/.files/2025/course-97466.yml
2026-07-03 11:01:44,422 INFO clustering.embeddings: Embedding 300/377 data/courses/.files/2025/course-97467.yml
2026-07-03 11:01:44,492 INFO clustering.embeddings: Embedding 301/377 data/courses/.files/2025/course-98618.yml
2026-07-03 11:01:44,562 INFO clustering.embeddings: Embedding 302/377 data/courses/.files/2025/course-98671.yml
2026-07-03 11:01:44,632 INFO clustering.embeddings: Embedding 303/377 data/courses/.files/2025/course-98735.yml
2026-07-03 11:01:44,701 INFO clustering.embeddings: Embedding 304/377 data/courses/.files/2025/course-98931.yml
2026-07-03 11:01:44,770 INFO clustering.embeddings: Embedding 305/377 data/courses/.files/2025/course-99191.yml
2026-07-03 11:01:44,840 INFO clustering.embeddings: Embedding 306/377 data/courses/.files/2025/course-99192.yml
2026-07-03 11:01:44,911 INFO clustering.embeddings: Embedding 307/377 data/courses/.files/2025/course-99195.yml
2026-07-03 11:01:44,981 INFO clustering.embeddings: Embedding 308/377 data/courses/.files/2025/course-B0009.yml
2026-07-03 11:01:45,053 INFO clustering.embeddings: Embedding 309/377 data/courses/.files/2025/course-B0010.yml
2026-07-03 11:01:45,122 INFO clustering.embeddings: Embedding 310/377 data/courses/.files/2025/course-B0011.yml
2026-07-03 11:01:45,221 INFO clustering.embeddings: Embedding 311/377 data/courses/.files/2025/course-B0061.yml
2026-07-03 11:01:45,290 INFO clustering.embeddings: Embedding 312/377 data/courses/.files/2025/course-B0063.yml
2026-07-03 11:01:45,360 INFO clustering.embeddings: Embedding 313/377 data/courses/.files/2025/course-B0064.yml
2026-07-03 11:01:45,429 INFO clustering.embeddings: Embedding 314/377 data/courses/.files/2025/course-B0069.yml
2026-07-03 11:01:45,499 INFO clustering.embeddings: Embedding 315/377 data/courses/.files/2025/course-B0070.yml
2026-07-03 11:01:45,570 INFO clustering.embeddings: Embedding 316/377 data/courses/.files/2025/course-B0073.yml
2026-07-03 11:01:45,641 INFO clustering.embeddings: Embedding 317/377 data/courses/.files/2025/course-B0074.yml
2026-07-03 11:01:45,710 INFO clustering.embeddings: Embedding 318/377 data/courses/.files/2025/course-B0159.yml
2026-07-03 11:01:45,780 INFO clustering.embeddings: Embedding 319/377 data/courses/.files/2025/course-B0385.yml
2026-07-03 11:01:45,849 INFO clustering.embeddings: Embedding 320/377 data/courses/.files/2025/course-B0832.yml
2026-07-03 11:01:45,919 INFO clustering.embeddings: Embedding 321/377 data/courses/.files/2025/course-B0833.yml
2026-07-03 11:01:45,989 INFO clustering.embeddings: Embedding 322/377 data/courses/.files/2025/course-B1459.yml
2026-07-03 11:01:46,058 INFO clustering.embeddings: Embedding 323/377 data/courses/.files/2025/course-B1703.yml
2026-07-03 11:01:46,128 INFO clustering.embeddings: Embedding 324/377 data/courses/.files/2025/course-B1873.yml
2026-07-03 11:01:46,197 INFO clustering.embeddings: Embedding 325/377 data/courses/.files/2025/course-B1874.yml
2026-07-03 11:01:46,270 INFO clustering.embeddings: Embedding 326/377 data/courses/.files/2025/course-B2125.yml
2026-07-03 11:01:46,340 INFO clustering.embeddings: Embedding 327/377 data/courses/.files/2025/course-B2133.yml
2026-07-03 11:01:46,409 INFO clustering.embeddings: Embedding 328/377 data/courses/.files/2025/course-B2250.yml
2026-07-03 11:01:46,479 INFO clustering.embeddings: Embedding 329/377 data/courses/.files/2025/course-B2361.yml
2026-07-03 11:01:46,550 INFO clustering.embeddings: Embedding 330/377 data/courses/.files/2025/course-B2696.yml
2026-07-03 11:01:46,620 INFO clustering.embeddings: Embedding 331/377 data/courses/.files/2025/course-B3567.yml
2026-07-03 11:01:46,689 INFO clustering.embeddings: Embedding 332/377 data/courses/.files/2025/course-B4826.yml
2026-07-03 11:01:46,758 INFO clustering.embeddings: Embedding 333/377 data/courses/.files/2025/course-B4913.yml
2026-07-03 11:01:46,855 INFO clustering.embeddings: Embedding 334/377 data/courses/.files/2025/course-B4925.yml
2026-07-03 11:01:46,925 INFO clustering.embeddings: Embedding 335/377 data/courses/.files/2025/course-B4940.yml
2026-07-03 11:01:46,994 INFO clustering.embeddings: Embedding 336/377 data/courses/.files/2025/course-B4948.yml
2026-07-03 11:01:47,064 INFO clustering.embeddings: Embedding 337/377 data/courses/.files/2025/course-B5026.yml
2026-07-03 11:01:47,133 INFO clustering.embeddings: Embedding 338/377 data/courses/.files/2025/course-B5059.yml
2026-07-03 11:01:47,202 INFO clustering.embeddings: Embedding 339/377 data/courses/.files/2025/course-B5079.yml
2026-07-03 11:01:47,272 INFO clustering.embeddings: Embedding 340/377 data/courses/.files/2025/course-B5292.yml
2026-07-03 11:01:47,345 INFO clustering.embeddings: Embedding 341/377 data/courses/.files/2025/course-B5293.yml
2026-07-03 11:01:47,415 INFO clustering.embeddings: Embedding 342/377 data/courses/.files/2025/course-B5474.yml
2026-07-03 11:01:47,484 INFO clustering.embeddings: Embedding 343/377 data/courses/.files/2025/course-B5665.yml
2026-07-03 11:01:47,554 INFO clustering.embeddings: Embedding 344/377 data/courses/.files/2025/course-B5674.yml
2026-07-03 11:01:47,624 INFO clustering.embeddings: Embedding 345/377 data/courses/.files/2025/course-B5722.yml
2026-07-03 11:01:47,693 INFO clustering.embeddings: Embedding 346/377 data/courses/.files/2025/course-B5727.yml
2026-07-03 11:01:47,763 INFO clustering.embeddings: Embedding 347/377 data/courses/.files/2025/course-B5780.yml
2026-07-03 11:01:47,832 INFO clustering.embeddings: Embedding 348/377 data/courses/.files/2025/course-B5782.yml
2026-07-03 11:01:47,902 INFO clustering.embeddings: Embedding 349/377 data/courses/.files/2025/course-B5793.yml
2026-07-03 11:01:47,972 INFO clustering.embeddings: Embedding 350/377 data/courses/.files/2025/course-B5796.yml
2026-07-03 11:01:48,041 INFO clustering.embeddings: Embedding 351/377 data/courses/.files/2025/course-B5812.yml
2026-07-03 11:01:48,110 INFO clustering.embeddings: Embedding 352/377 data/courses/.files/2025/course-B6082.yml
2026-07-03 11:01:48,179 INFO clustering.embeddings: Embedding 353/377 data/courses/.files/2025/course-B8018.yml
2026-07-03 11:01:48,249 INFO clustering.embeddings: Embedding 354/377 data/courses/.files/2025/course-B8019.yml
2026-07-03 11:01:48,319 INFO clustering.embeddings: Embedding 355/377 data/courses/.files/2025/course-B8105.yml
2026-07-03 11:01:48,388 INFO clustering.embeddings: Embedding 356/377 data/courses/.files/2025/course-B8159.yml
2026-07-03 11:01:48,458 INFO clustering.embeddings: Embedding 357/377 data/courses/.files/2025/course-B8309.yml
2026-07-03 11:01:48,510 INFO clustering.embeddings: Embedding 358/377 data/courses/.files/2025/course-B8310.yml
2026-07-03 11:01:48,563 INFO clustering.embeddings: Embedding 359/377 data/courses/.files/2025/course-B8311.yml
2026-07-03 11:01:48,634 INFO clustering.embeddings: Embedding 360/377 data/courses/.files/2025/course-B8378.yml
2026-07-03 11:01:48,703 INFO clustering.embeddings: Embedding 361/377 data/courses/.files/2025/course-B8379.yml
2026-07-03 11:01:48,773 INFO clustering.embeddings: Embedding 362/377 data/courses/.files/2025/course-B8390.yml
2026-07-03 11:01:48,842 INFO clustering.embeddings: Embedding 363/377 data/courses/.files/2025/course-B8396.yml
2026-07-03 11:01:48,942 INFO clustering.embeddings: Embedding 364/377 data/courses/.files/2025/course-B8536-A.yml
2026-07-03 11:01:49,013 INFO clustering.embeddings: Embedding 365/377 data/courses/.files/2025/course-B8536-B.yml
2026-07-03 11:01:49,084 INFO clustering.embeddings: Embedding 366/377 data/courses/.files/2025/course-B8536-C.yml
2026-07-03 11:01:49,153 INFO clustering.embeddings: Embedding 367/377 data/courses/.files/2025/course-B8554-A.yml
2026-07-03 11:01:49,222 INFO clustering.embeddings: Embedding 368/377 data/courses/.files/2025/course-B8554-B.yml
2026-07-03 11:01:49,292 INFO clustering.embeddings: Embedding 369/377 data/courses/.files/2025/course-B8561.yml
2026-07-03 11:01:49,362 INFO clustering.embeddings: Embedding 370/377 data/courses/.files/2025/course-B8562.yml
2026-07-03 11:01:49,434 INFO clustering.embeddings: Embedding 371/377 data/courses/.files/2025/course-B8563.yml
2026-07-03 11:01:49,540 INFO clustering.embeddings: Embedding 372/377 data/courses/.files/2025/course-B8603.yml
2026-07-03 11:01:49,613 INFO clustering.embeddings: Embedding 373/377 data/courses/.files/2025/course-B8836.yml
2026-07-03 11:01:49,686 INFO clustering.embeddings: Embedding 374/377 data/courses/.files/2025/course-B8905.yml
2026-07-03 11:01:49,758 INFO clustering.embeddings: Embedding 375/377 data/courses/.files/2025/course-B8929.yml
2026-07-03 11:01:49,833 INFO clustering.embeddings: Embedding 376/377 data/courses/.files/2025/course-B9254.yml
2026-07-03 11:01:49,982 INFO clustering.embeddings: Embedding 377/377 data/courses/.files/2025/course-C7674.yml
/Users/gciatto/Work/unibo-courses-cs-restructuring/.venv/lib/python3.14/site-packages/sklearn/cluster/_hdbscan/hdbscan.py:722: FutureWarning: The default value of `copy` will change from False to True in 1.10. Explicitly set a value for `copy` to silence this warning.
  warn(
run_dir: data/clusters/runs/2025-20260703-110244-hdbscan
