2026-07-15 12:03:07,099 INFO clustering.embeddings: Embedding 1/293 data/courses/.files/2025/course-00819-A.yml
2026-07-15 12:03:07,154 INFO clustering.embeddings: Embedding 2/293 data/courses/.files/2025/course-00819-B.yml
2026-07-15 12:03:07,210 INFO clustering.embeddings: Embedding 3/293 data/courses/.files/2025/course-00819.yml
2026-07-15 12:03:07,264 INFO clustering.embeddings: Embedding 4/293 data/courses/.files/2025/course-03716.yml
2026-07-15 12:03:07,319 INFO clustering.embeddings: Embedding 5/293 data/courses/.files/2025/course-04138.yml
2026-07-15 12:03:07,375 INFO clustering.embeddings: Embedding 6/293 data/courses/.files/2025/course-07276-A.yml
2026-07-15 12:03:07,431 INFO clustering.embeddings: Embedding 7/293 data/courses/.files/2025/course-07276-B.yml
2026-07-15 12:03:07,486 INFO clustering.embeddings: Embedding 8/293 data/courses/.files/2025/course-07276-C.yml
2026-07-15 12:03:07,553 INFO clustering.embeddings: Embedding 9/293 data/courses/.files/2025/course-07276.yml
2026-07-15 12:03:07,608 INFO clustering.embeddings: Embedding 10/293 data/courses/.files/2025/course-08574-A.yml
2026-07-15 12:03:07,663 INFO clustering.embeddings: Embedding 11/293 data/courses/.files/2025/course-08574-B.yml
2026-07-15 12:03:07,718 INFO clustering.embeddings: Embedding 12/293 data/courses/.files/2025/course-08574.yml
2026-07-15 12:03:07,773 INFO clustering.embeddings: Embedding 13/293 data/courses/.files/2025/course-09032.yml
2026-07-15 12:03:07,828 INFO clustering.embeddings: Embedding 14/293 data/courses/.files/2025/course-09679.yml
2026-07-15 12:03:07,883 INFO clustering.embeddings: Embedding 15/293 data/courses/.files/2025/course-09730-A.yml
2026-07-15 12:03:07,938 INFO clustering.embeddings: Embedding 16/293 data/courses/.files/2025/course-09730.yml
2026-07-15 12:03:07,993 INFO clustering.embeddings: Embedding 17/293 data/courses/.files/2025/course-10906-A.yml
2026-07-15 12:03:08,048 INFO clustering.embeddings: Embedding 18/293 data/courses/.files/2025/course-10906.yml
2026-07-15 12:03:08,103 INFO clustering.embeddings: Embedding 19/293 data/courses/.files/2025/course-11925.yml
2026-07-15 12:03:08,158 INFO clustering.embeddings: Embedding 20/293 data/courses/.files/2025/course-11929-A.yml
2026-07-15 12:03:08,213 INFO clustering.embeddings: Embedding 21/293 data/courses/.files/2025/course-11929-B.yml
2026-07-15 12:03:08,268 INFO clustering.embeddings: Embedding 22/293 data/courses/.files/2025/course-11929.yml
2026-07-15 12:03:08,323 INFO clustering.embeddings: Embedding 23/293 data/courses/.files/2025/course-11933.yml
2026-07-15 12:03:08,377 INFO clustering.embeddings: Embedding 24/293 data/courses/.files/2025/course-14015.yml
2026-07-15 12:03:08,432 INFO clustering.embeddings: Embedding 25/293 data/courses/.files/2025/course-15305.yml
2026-07-15 12:03:08,487 INFO clustering.embeddings: Embedding 26/293 data/courses/.files/2025/course-15920.yml
2026-07-15 12:03:08,542 INFO clustering.embeddings: Embedding 27/293 data/courses/.files/2025/course-16692.yml
2026-07-15 12:03:08,597 INFO clustering.embeddings: Embedding 28/293 data/courses/.files/2025/course-16870.yml
2026-07-15 12:03:08,652 INFO clustering.embeddings: Embedding 29/293 data/courses/.files/2025/course-17628.yml
2026-07-15 12:03:08,708 INFO clustering.embeddings: Embedding 30/293 data/courses/.files/2025/course-17634.yml
2026-07-15 12:03:08,762 INFO clustering.embeddings: Embedding 31/293 data/courses/.files/2025/course-20741.yml
2026-07-15 12:03:08,805 INFO clustering.embeddings: Embedding 32/293 data/courses/.files/2025/course-27311-A.yml
2026-07-15 12:03:08,860 INFO clustering.embeddings: Embedding 33/293 data/courses/.files/2025/course-27311.yml
2026-07-15 12:03:08,916 INFO clustering.embeddings: Embedding 34/293 data/courses/.files/2025/course-28004.yml
2026-07-15 12:03:08,973 INFO clustering.embeddings: Embedding 35/293 data/courses/.files/2025/course-28011-A.yml
2026-07-15 12:03:09,037 INFO clustering.embeddings: Embedding 36/293 data/courses/.files/2025/course-28011.yml
2026-07-15 12:03:09,092 INFO clustering.embeddings: Embedding 37/293 data/courses/.files/2025/course-28012-A.yml
2026-07-15 12:03:09,148 INFO clustering.embeddings: Embedding 38/293 data/courses/.files/2025/course-28012.yml
2026-07-15 12:03:09,203 INFO clustering.embeddings: Embedding 39/293 data/courses/.files/2025/course-28020.yml
2026-07-15 12:03:09,258 INFO clustering.embeddings: Embedding 40/293 data/courses/.files/2025/course-28021.yml
2026-07-15 12:03:09,313 INFO clustering.embeddings: Embedding 41/293 data/courses/.files/2025/course-28024.yml
2026-07-15 12:03:09,368 INFO clustering.embeddings: Embedding 42/293 data/courses/.files/2025/course-28027.yml
2026-07-15 12:03:09,423 INFO clustering.embeddings: Embedding 43/293 data/courses/.files/2025/course-28040.yml
2026-07-15 12:03:09,478 INFO clustering.embeddings: Embedding 44/293 data/courses/.files/2025/course-28106.yml
2026-07-15 12:03:09,533 INFO clustering.embeddings: Embedding 45/293 data/courses/.files/2025/course-28623.yml
2026-07-15 12:03:09,588 INFO clustering.embeddings: Embedding 46/293 data/courses/.files/2025/course-28652.yml
2026-07-15 12:03:09,643 INFO clustering.embeddings: Embedding 47/293 data/courses/.files/2025/course-28659.yml
2026-07-15 12:03:09,699 INFO clustering.embeddings: Embedding 48/293 data/courses/.files/2025/course-28796.yml
2026-07-15 12:03:09,754 INFO clustering.embeddings: Embedding 49/293 data/courses/.files/2025/course-29227-A.yml
2026-07-15 12:03:09,809 INFO clustering.embeddings: Embedding 50/293 data/courses/.files/2025/course-29227-B.yml
2026-07-15 12:03:09,864 INFO clustering.embeddings: Embedding 51/293 data/courses/.files/2025/course-29227.yml
2026-07-15 12:03:09,920 INFO clustering.embeddings: Embedding 52/293 data/courses/.files/2025/course-30376.yml
2026-07-15 12:03:09,975 INFO clustering.embeddings: Embedding 53/293 data/courses/.files/2025/course-37085.yml
2026-07-15 12:03:10,029 INFO clustering.embeddings: Embedding 54/293 data/courses/.files/2025/course-37262.yml
2026-07-15 12:03:10,084 INFO clustering.embeddings: Embedding 55/293 data/courses/.files/2025/course-37635.yml
2026-07-15 12:03:10,139 INFO clustering.embeddings: Embedding 56/293 data/courses/.files/2025/course-37760.yml
2026-07-15 12:03:10,194 INFO clustering.embeddings: Embedding 57/293 data/courses/.files/2025/course-37925.yml
2026-07-15 12:03:10,251 INFO clustering.embeddings: Embedding 58/293 data/courses/.files/2025/course-39176.yml
2026-07-15 12:03:10,306 INFO clustering.embeddings: Embedding 59/293 data/courses/.files/2025/course-40720.yml
2026-07-15 12:03:10,361 INFO clustering.embeddings: Embedding 60/293 data/courses/.files/2025/course-41169.yml
2026-07-15 12:03:10,426 INFO clustering.embeddings: Embedding 61/293 data/courses/.files/2025/course-41588.yml
2026-07-15 12:03:10,482 INFO clustering.embeddings: Embedding 62/293 data/courses/.files/2025/course-41731-A.yml
2026-07-15 12:03:10,536 INFO clustering.embeddings: Embedding 63/293 data/courses/.files/2025/course-41731.yml
2026-07-15 12:03:10,591 INFO clustering.embeddings: Embedding 64/293 data/courses/.files/2025/course-42500.yml
2026-07-15 12:03:10,646 INFO clustering.embeddings: Embedding 65/293 data/courses/.files/2025/course-47240.yml
2026-07-15 12:03:10,701 INFO clustering.embeddings: Embedding 66/293 data/courses/.files/2025/course-48693-A.yml
2026-07-15 12:03:10,756 INFO clustering.embeddings: Embedding 67/293 data/courses/.files/2025/course-48693.yml
2026-07-15 12:03:10,812 INFO clustering.embeddings: Embedding 68/293 data/courses/.files/2025/course-57828.yml
2026-07-15 12:03:10,866 INFO clustering.embeddings: Embedding 69/293 data/courses/.files/2025/course-58348.yml
2026-07-15 12:03:10,921 INFO clustering.embeddings: Embedding 70/293 data/courses/.files/2025/course-58423.yml
2026-07-15 12:03:10,977 INFO clustering.embeddings: Embedding 71/293 data/courses/.files/2025/course-58437.yml
2026-07-15 12:03:11,031 INFO clustering.embeddings: Embedding 72/293 data/courses/.files/2025/course-60348.yml
2026-07-15 12:03:11,085 INFO clustering.embeddings: Embedding 73/293 data/courses/.files/2025/course-65094.yml
2026-07-15 12:03:11,140 INFO clustering.embeddings: Embedding 74/293 data/courses/.files/2025/course-66857.yml
2026-07-15 12:03:11,197 INFO clustering.embeddings: Embedding 75/293 data/courses/.files/2025/course-66858.yml
2026-07-15 12:03:11,251 INFO clustering.embeddings: Embedding 76/293 data/courses/.files/2025/course-66860.yml
2026-07-15 12:03:11,306 INFO clustering.embeddings: Embedding 77/293 data/courses/.files/2025/course-66870.yml
2026-07-15 12:03:11,361 INFO clustering.embeddings: Embedding 78/293 data/courses/.files/2025/course-69259.yml
2026-07-15 12:03:11,415 INFO clustering.embeddings: Embedding 79/293 data/courses/.files/2025/course-69430.yml
2026-07-15 12:03:11,470 INFO clustering.embeddings: Embedding 80/293 data/courses/.files/2025/course-69661.yml
2026-07-15 12:03:11,524 INFO clustering.embeddings: Embedding 81/293 data/courses/.files/2025/course-69731.yml
2026-07-15 12:03:11,579 INFO clustering.embeddings: Embedding 82/293 data/courses/.files/2025/course-69867.yml
2026-07-15 12:03:11,635 INFO clustering.embeddings: Embedding 83/293 data/courses/.files/2025/course-70155.yml
2026-07-15 12:03:11,691 INFO clustering.embeddings: Embedding 84/293 data/courses/.files/2025/course-70210.yml
2026-07-15 12:03:11,746 INFO clustering.embeddings: Embedding 85/293 data/courses/.files/2025/course-70219.yml
2026-07-15 12:03:11,802 INFO clustering.embeddings: Embedding 86/293 data/courses/.files/2025/course-70226.yml
2026-07-15 12:03:11,869 INFO clustering.embeddings: Embedding 87/293 data/courses/.files/2025/course-72671.yml
2026-07-15 12:03:11,924 INFO clustering.embeddings: Embedding 88/293 data/courses/.files/2025/course-72778.yml
2026-07-15 12:03:11,979 INFO clustering.embeddings: Embedding 89/293 data/courses/.files/2025/course-72787.yml
2026-07-15 12:03:12,034 INFO clustering.embeddings: Embedding 90/293 data/courses/.files/2025/course-72796.yml
2026-07-15 12:03:12,089 INFO clustering.embeddings: Embedding 91/293 data/courses/.files/2025/course-72938.yml
2026-07-15 12:03:12,144 INFO clustering.embeddings: Embedding 92/293 data/courses/.files/2025/course-72939.yml
2026-07-15 12:03:12,199 INFO clustering.embeddings: Embedding 93/293 data/courses/.files/2025/course-72940.yml
2026-07-15 12:03:12,254 INFO clustering.embeddings: Embedding 94/293 data/courses/.files/2025/course-72942.yml
2026-07-15 12:03:12,309 INFO clustering.embeddings: Embedding 95/293 data/courses/.files/2025/course-72945.yml
2026-07-15 12:03:12,364 INFO clustering.embeddings: Embedding 96/293 data/courses/.files/2025/course-73025.yml
2026-07-15 12:03:12,419 INFO clustering.embeddings: Embedding 97/293 data/courses/.files/2025/course-73149.yml
2026-07-15 12:03:12,474 INFO clustering.embeddings: Embedding 98/293 data/courses/.files/2025/course-73273.yml
2026-07-15 12:03:12,529 INFO clustering.embeddings: Embedding 99/293 data/courses/.files/2025/course-73302.yml
2026-07-15 12:03:12,584 INFO clustering.embeddings: Embedding 100/293 data/courses/.files/2025/course-73435.yml
2026-07-15 12:03:12,639 INFO clustering.embeddings: Embedding 101/293 data/courses/.files/2025/course-75198.yml
2026-07-15 12:03:12,694 INFO clustering.embeddings: Embedding 102/293 data/courses/.files/2025/course-75835.yml
2026-07-15 12:03:12,749 INFO clustering.embeddings: Embedding 103/293 data/courses/.files/2025/course-75969.yml
2026-07-15 12:03:12,804 INFO clustering.embeddings: Embedding 104/293 data/courses/.files/2025/course-76011.yml
2026-07-15 12:03:12,858 INFO clustering.embeddings: Embedding 105/293 data/courses/.files/2025/course-77780.yml
2026-07-15 12:03:12,913 INFO clustering.embeddings: Embedding 106/293 data/courses/.files/2025/course-77933.yml
2026-07-15 12:03:12,969 INFO clustering.embeddings: Embedding 107/293 data/courses/.files/2025/course-78096.yml
2026-07-15 12:03:13,024 INFO clustering.embeddings: Embedding 108/293 data/courses/.files/2025/course-78510.yml
2026-07-15 12:03:13,082 INFO clustering.embeddings: Embedding 109/293 data/courses/.files/2025/course-78778.yml
2026-07-15 12:03:13,150 INFO clustering.embeddings: Embedding 110/293 data/courses/.files/2025/course-78779.yml
2026-07-15 12:03:13,207 INFO clustering.embeddings: Embedding 111/293 data/courses/.files/2025/course-78810.yml
2026-07-15 12:03:13,262 INFO clustering.embeddings: Embedding 112/293 data/courses/.files/2025/course-79194.yml
2026-07-15 12:03:13,329 INFO clustering.embeddings: Embedding 113/293 data/courses/.files/2025/course-81609.yml
2026-07-15 12:03:13,384 INFO clustering.embeddings: Embedding 114/293 data/courses/.files/2025/course-81610.yml
2026-07-15 12:03:13,438 INFO clustering.embeddings: Embedding 115/293 data/courses/.files/2025/course-81612.yml
2026-07-15 12:03:13,493 INFO clustering.embeddings: Embedding 116/293 data/courses/.files/2025/course-81672.yml
2026-07-15 12:03:13,548 INFO clustering.embeddings: Embedding 117/293 data/courses/.files/2025/course-81676.yml
2026-07-15 12:03:13,602 INFO clustering.embeddings: Embedding 118/293 data/courses/.files/2025/course-81678.yml
2026-07-15 12:03:13,656 INFO clustering.embeddings: Embedding 119/293 data/courses/.files/2025/course-81683.yml
2026-07-15 12:03:13,711 INFO clustering.embeddings: Embedding 120/293 data/courses/.files/2025/course-81917.yml
2026-07-15 12:03:13,766 INFO clustering.embeddings: Embedding 121/293 data/courses/.files/2025/course-81932.yml
2026-07-15 12:03:13,821 INFO clustering.embeddings: Embedding 122/293 data/courses/.files/2025/course-81934.yml
2026-07-15 12:03:13,876 INFO clustering.embeddings: Embedding 123/293 data/courses/.files/2025/course-81940.yml
2026-07-15 12:03:13,931 INFO clustering.embeddings: Embedding 124/293 data/courses/.files/2025/course-81942.yml
2026-07-15 12:03:13,986 INFO clustering.embeddings: Embedding 125/293 data/courses/.files/2025/course-82202-A.yml
2026-07-15 12:03:14,041 INFO clustering.embeddings: Embedding 126/293 data/courses/.files/2025/course-82202.yml
2026-07-15 12:03:14,096 INFO clustering.embeddings: Embedding 127/293 data/courses/.files/2025/course-84339.yml
2026-07-15 12:03:14,151 INFO clustering.embeddings: Embedding 128/293 data/courses/.files/2025/course-84401.yml
2026-07-15 12:03:14,206 INFO clustering.embeddings: Embedding 129/293 data/courses/.files/2025/course-84530.yml
2026-07-15 12:03:14,262 INFO clustering.embeddings: Embedding 130/293 data/courses/.files/2025/course-84531.yml
2026-07-15 12:03:14,317 INFO clustering.embeddings: Embedding 131/293 data/courses/.files/2025/course-85189.yml
2026-07-15 12:03:14,372 INFO clustering.embeddings: Embedding 132/293 data/courses/.files/2025/course-85285.yml
2026-07-15 12:03:14,428 INFO clustering.embeddings: Embedding 133/293 data/courses/.files/2025/course-85301.yml
2026-07-15 12:03:14,483 INFO clustering.embeddings: Embedding 134/293 data/courses/.files/2025/course-85445.yml
2026-07-15 12:03:14,537 INFO clustering.embeddings: Embedding 135/293 data/courses/.files/2025/course-85446.yml
2026-07-15 12:03:14,593 INFO clustering.embeddings: Embedding 136/293 data/courses/.files/2025/course-85573.yml
2026-07-15 12:03:14,650 INFO clustering.embeddings: Embedding 137/293 data/courses/.files/2025/course-85728.yml
2026-07-15 12:03:14,708 INFO clustering.embeddings: Embedding 138/293 data/courses/.files/2025/course-87469.yml
2026-07-15 12:03:14,774 INFO clustering.embeddings: Embedding 139/293 data/courses/.files/2025/course-87474.yml
2026-07-15 12:03:14,829 INFO clustering.embeddings: Embedding 140/293 data/courses/.files/2025/course-87898.yml
2026-07-15 12:03:14,884 INFO clustering.embeddings: Embedding 141/293 data/courses/.files/2025/course-87901.yml
2026-07-15 12:03:14,939 INFO clustering.embeddings: Embedding 142/293 data/courses/.files/2025/course-88016.yml
2026-07-15 12:03:14,994 INFO clustering.embeddings: Embedding 143/293 data/courses/.files/2025/course-88145.yml
2026-07-15 12:03:15,050 INFO clustering.embeddings: Embedding 144/293 data/courses/.files/2025/course-88146.yml
2026-07-15 12:03:15,105 INFO clustering.embeddings: Embedding 145/293 data/courses/.files/2025/course-88155.yml
2026-07-15 12:03:15,160 INFO clustering.embeddings: Embedding 146/293 data/courses/.files/2025/course-88202.yml
2026-07-15 12:03:15,216 INFO clustering.embeddings: Embedding 147/293 data/courses/.files/2025/course-88324.yml
2026-07-15 12:03:15,271 INFO clustering.embeddings: Embedding 148/293 data/courses/.files/2025/course-88325.yml
2026-07-15 12:03:15,327 INFO clustering.embeddings: Embedding 149/293 data/courses/.files/2025/course-88566.yml
2026-07-15 12:03:15,382 INFO clustering.embeddings: Embedding 150/293 data/courses/.files/2025/course-89988.yml
2026-07-15 12:03:15,437 INFO clustering.embeddings: Embedding 151/293 data/courses/.files/2025/course-90074.yml
2026-07-15 12:03:15,492 INFO clustering.embeddings: Embedding 152/293 data/courses/.files/2025/course-90106.yml
2026-07-15 12:03:15,547 INFO clustering.embeddings: Embedding 153/293 data/courses/.files/2025/course-90107.yml
2026-07-15 12:03:15,602 INFO clustering.embeddings: Embedding 154/293 data/courses/.files/2025/course-90147.yml
2026-07-15 12:03:15,656 INFO clustering.embeddings: Embedding 155/293 data/courses/.files/2025/course-90157.yml
2026-07-15 12:03:15,711 INFO clustering.embeddings: Embedding 156/293 data/courses/.files/2025/course-90477.yml
2026-07-15 12:03:15,766 INFO clustering.embeddings: Embedding 157/293 data/courses/.files/2025/course-90720.yml
2026-07-15 12:03:15,822 INFO clustering.embeddings: Embedding 158/293 data/courses/.files/2025/course-90730.yml
2026-07-15 12:03:15,878 INFO clustering.embeddings: Embedding 159/293 data/courses/.files/2025/course-90748.yml
2026-07-15 12:03:15,932 INFO clustering.embeddings: Embedding 160/293 data/courses/.files/2025/course-90749.yml
2026-07-15 12:03:15,987 INFO clustering.embeddings: Embedding 161/293 data/courses/.files/2025/course-90864.yml
2026-07-15 12:03:16,043 INFO clustering.embeddings: Embedding 162/293 data/courses/.files/2025/course-91161.yml
2026-07-15 12:03:16,099 INFO clustering.embeddings: Embedding 163/293 data/courses/.files/2025/course-91248.yml
2026-07-15 12:03:16,155 INFO clustering.embeddings: Embedding 164/293 data/courses/.files/2025/course-91250-A.yml
2026-07-15 12:03:16,221 INFO clustering.embeddings: Embedding 165/293 data/courses/.files/2025/course-91250-B.yml
2026-07-15 12:03:16,276 INFO clustering.embeddings: Embedding 166/293 data/courses/.files/2025/course-91250.yml
2026-07-15 12:03:16,331 INFO clustering.embeddings: Embedding 167/293 data/courses/.files/2025/course-91254.yml
2026-07-15 12:03:16,386 INFO clustering.embeddings: Embedding 168/293 data/courses/.files/2025/course-91258-A.yml
2026-07-15 12:03:16,441 INFO clustering.embeddings: Embedding 169/293 data/courses/.files/2025/course-91258-B.yml
2026-07-15 12:03:16,496 INFO clustering.embeddings: Embedding 170/293 data/courses/.files/2025/course-91258.yml
2026-07-15 12:03:16,551 INFO clustering.embeddings: Embedding 171/293 data/courses/.files/2025/course-91259.yml
2026-07-15 12:03:16,606 INFO clustering.embeddings: Embedding 172/293 data/courses/.files/2025/course-91261.yml
2026-07-15 12:03:16,661 INFO clustering.embeddings: Embedding 173/293 data/courses/.files/2025/course-91264.yml
2026-07-15 12:03:16,715 INFO clustering.embeddings: Embedding 174/293 data/courses/.files/2025/course-91265.yml
2026-07-15 12:03:16,771 INFO clustering.embeddings: Embedding 175/293 data/courses/.files/2025/course-91266.yml
2026-07-15 12:03:16,825 INFO clustering.embeddings: Embedding 176/293 data/courses/.files/2025/course-91267.yml
2026-07-15 12:03:16,880 INFO clustering.embeddings: Embedding 177/293 data/courses/.files/2025/course-91269.yml
2026-07-15 12:03:16,935 INFO clustering.embeddings: Embedding 178/293 data/courses/.files/2025/course-91411.yml
2026-07-15 12:03:16,990 INFO clustering.embeddings: Embedding 179/293 data/courses/.files/2025/course-91602.yml
2026-07-15 12:03:17,045 INFO clustering.embeddings: Embedding 180/293 data/courses/.files/2025/course-91685.yml
2026-07-15 12:03:17,100 INFO clustering.embeddings: Embedding 181/293 data/courses/.files/2025/course-91721.yml
2026-07-15 12:03:17,155 INFO clustering.embeddings: Embedding 182/293 data/courses/.files/2025/course-91762.yml
2026-07-15 12:03:17,210 INFO clustering.embeddings: Embedding 183/293 data/courses/.files/2025/course-92858.yml
2026-07-15 12:03:17,266 INFO clustering.embeddings: Embedding 184/293 data/courses/.files/2025/course-93034-A.yml
2026-07-15 12:03:17,322 INFO clustering.embeddings: Embedding 185/293 data/courses/.files/2025/course-93034.yml
2026-07-15 12:03:17,377 INFO clustering.embeddings: Embedding 186/293 data/courses/.files/2025/course-93315.yml
2026-07-15 12:03:17,432 INFO clustering.embeddings: Embedding 187/293 data/courses/.files/2025/course-93319.yml
2026-07-15 12:03:17,488 INFO clustering.embeddings: Embedding 188/293 data/courses/.files/2025/course-93333.yml
2026-07-15 12:03:17,544 INFO clustering.embeddings: Embedding 189/293 data/courses/.files/2025/course-93363.yml
2026-07-15 12:03:17,599 INFO clustering.embeddings: Embedding 190/293 data/courses/.files/2025/course-93379.yml
2026-07-15 12:03:17,666 INFO clustering.embeddings: Embedding 191/293 data/courses/.files/2025/course-93466.yml
2026-07-15 12:03:17,721 INFO clustering.embeddings: Embedding 192/293 data/courses/.files/2025/course-93467.yml
2026-07-15 12:03:17,776 INFO clustering.embeddings: Embedding 193/293 data/courses/.files/2025/course-93468.yml
2026-07-15 12:03:17,831 INFO clustering.embeddings: Embedding 194/293 data/courses/.files/2025/course-93469.yml
2026-07-15 12:03:17,886 INFO clustering.embeddings: Embedding 195/293 data/courses/.files/2025/course-93470-A.yml
2026-07-15 12:03:17,941 INFO clustering.embeddings: Embedding 196/293 data/courses/.files/2025/course-93470.yml
2026-07-15 12:03:17,996 INFO clustering.embeddings: Embedding 197/293 data/courses/.files/2025/course-93478.yml
2026-07-15 12:03:18,051 INFO clustering.embeddings: Embedding 198/293 data/courses/.files/2025/course-93653.yml
2026-07-15 12:03:18,106 INFO clustering.embeddings: Embedding 199/293 data/courses/.files/2025/course-93669.yml
2026-07-15 12:03:18,161 INFO clustering.embeddings: Embedding 200/293 data/courses/.files/2025/course-94442.yml
2026-07-15 12:03:18,216 INFO clustering.embeddings: Embedding 201/293 data/courses/.files/2025/course-95602.yml
2026-07-15 12:03:18,271 INFO clustering.embeddings: Embedding 202/293 data/courses/.files/2025/course-95604.yml
2026-07-15 12:03:18,326 INFO clustering.embeddings: Embedding 203/293 data/courses/.files/2025/course-95605.yml
2026-07-15 12:03:18,381 INFO clustering.embeddings: Embedding 204/293 data/courses/.files/2025/course-95611.yml
2026-07-15 12:03:18,436 INFO clustering.embeddings: Embedding 205/293 data/courses/.files/2025/course-95627.yml
2026-07-15 12:03:18,491 INFO clustering.embeddings: Embedding 206/293 data/courses/.files/2025/course-95630.yml
2026-07-15 12:03:18,546 INFO clustering.embeddings: Embedding 207/293 data/courses/.files/2025/course-95631-A.yml
2026-07-15 12:03:18,601 INFO clustering.embeddings: Embedding 208/293 data/courses/.files/2025/course-95631.yml
2026-07-15 12:03:18,656 INFO clustering.embeddings: Embedding 209/293 data/courses/.files/2025/course-95632.yml
2026-07-15 12:03:18,712 INFO clustering.embeddings: Embedding 210/293 data/courses/.files/2025/course-95638.yml
2026-07-15 12:03:18,766 INFO clustering.embeddings: Embedding 211/293 data/courses/.files/2025/course-95639.yml
2026-07-15 12:03:18,821 INFO clustering.embeddings: Embedding 212/293 data/courses/.files/2025/course-95644.yml
2026-07-15 12:03:18,876 INFO clustering.embeddings: Embedding 213/293 data/courses/.files/2025/course-95645.yml
2026-07-15 12:03:18,932 INFO clustering.embeddings: Embedding 214/293 data/courses/.files/2025/course-95646.yml
2026-07-15 12:03:18,988 INFO clustering.embeddings: Embedding 215/293 data/courses/.files/2025/course-95648.yml
2026-07-15 12:03:19,044 INFO clustering.embeddings: Embedding 216/293 data/courses/.files/2025/course-95782.yml
2026-07-15 12:03:19,111 INFO clustering.embeddings: Embedding 217/293 data/courses/.files/2025/course-95965.yml
2026-07-15 12:03:19,166 INFO clustering.embeddings: Embedding 218/293 data/courses/.files/2025/course-96007.yml
2026-07-15 12:03:19,220 INFO clustering.embeddings: Embedding 219/293 data/courses/.files/2025/course-96142.yml
2026-07-15 12:03:19,277 INFO clustering.embeddings: Embedding 220/293 data/courses/.files/2025/course-96143.yml
2026-07-15 12:03:19,332 INFO clustering.embeddings: Embedding 221/293 data/courses/.files/2025/course-96346-A.yml
2026-07-15 12:03:19,386 INFO clustering.embeddings: Embedding 222/293 data/courses/.files/2025/course-96346-B.yml
2026-07-15 12:03:19,441 INFO clustering.embeddings: Embedding 223/293 data/courses/.files/2025/course-96346.yml
2026-07-15 12:03:19,496 INFO clustering.embeddings: Embedding 224/293 data/courses/.files/2025/course-96642.yml
2026-07-15 12:03:19,551 INFO clustering.embeddings: Embedding 225/293 data/courses/.files/2025/course-96725.yml
2026-07-15 12:03:19,605 INFO clustering.embeddings: Embedding 226/293 data/courses/.files/2025/course-96793.yml
2026-07-15 12:03:19,661 INFO clustering.embeddings: Embedding 227/293 data/courses/.files/2025/course-96859.yml
2026-07-15 12:03:19,715 INFO clustering.embeddings: Embedding 228/293 data/courses/.files/2025/course-96994.yml
2026-07-15 12:03:19,770 INFO clustering.embeddings: Embedding 229/293 data/courses/.files/2025/course-96995.yml
2026-07-15 12:03:19,825 INFO clustering.embeddings: Embedding 230/293 data/courses/.files/2025/course-97431.yml
2026-07-15 12:03:19,880 INFO clustering.embeddings: Embedding 231/293 data/courses/.files/2025/course-97466.yml
2026-07-15 12:03:19,935 INFO clustering.embeddings: Embedding 232/293 data/courses/.files/2025/course-98618.yml
2026-07-15 12:03:19,990 INFO clustering.embeddings: Embedding 233/293 data/courses/.files/2025/course-98671.yml
2026-07-15 12:03:20,045 INFO clustering.embeddings: Embedding 234/293 data/courses/.files/2025/course-98735.yml
2026-07-15 12:03:20,101 INFO clustering.embeddings: Embedding 235/293 data/courses/.files/2025/course-98931.yml
2026-07-15 12:03:20,155 INFO clustering.embeddings: Embedding 236/293 data/courses/.files/2025/course-99195.yml
2026-07-15 12:03:20,209 INFO clustering.embeddings: Embedding 237/293 data/courses/.files/2025/course-B0009.yml
2026-07-15 12:03:20,264 INFO clustering.embeddings: Embedding 238/293 data/courses/.files/2025/course-B0010.yml
2026-07-15 12:03:20,319 INFO clustering.embeddings: Embedding 239/293 data/courses/.files/2025/course-B0011.yml
2026-07-15 12:03:20,375 INFO clustering.embeddings: Embedding 240/293 data/courses/.files/2025/course-B0061.yml
2026-07-15 12:03:20,431 INFO clustering.embeddings: Embedding 241/293 data/courses/.files/2025/course-B0063.yml
2026-07-15 12:03:20,487 INFO clustering.embeddings: Embedding 242/293 data/courses/.files/2025/course-B0064.yml
2026-07-15 12:03:20,553 INFO clustering.embeddings: Embedding 243/293 data/courses/.files/2025/course-B0069.yml
2026-07-15 12:03:20,608 INFO clustering.embeddings: Embedding 244/293 data/courses/.files/2025/course-B0070.yml
2026-07-15 12:03:20,663 INFO clustering.embeddings: Embedding 245/293 data/courses/.files/2025/course-B0073.yml
2026-07-15 12:03:20,718 INFO clustering.embeddings: Embedding 246/293 data/courses/.files/2025/course-B0074.yml
2026-07-15 12:03:20,773 INFO clustering.embeddings: Embedding 247/293 data/courses/.files/2025/course-B0385.yml
2026-07-15 12:03:20,828 INFO clustering.embeddings: Embedding 248/293 data/courses/.files/2025/course-B0832.yml
2026-07-15 12:03:20,883 INFO clustering.embeddings: Embedding 249/293 data/courses/.files/2025/course-B0833.yml
2026-07-15 12:03:20,938 INFO clustering.embeddings: Embedding 250/293 data/courses/.files/2025/course-B1459.yml
2026-07-15 12:03:20,993 INFO clustering.embeddings: Embedding 251/293 data/courses/.files/2025/course-B1703.yml
2026-07-15 12:03:21,048 INFO clustering.embeddings: Embedding 252/293 data/courses/.files/2025/course-B1873.yml
2026-07-15 12:03:21,103 INFO clustering.embeddings: Embedding 253/293 data/courses/.files/2025/course-B1874.yml
2026-07-15 12:03:21,158 INFO clustering.embeddings: Embedding 254/293 data/courses/.files/2025/course-B2125.yml
2026-07-15 12:03:21,213 INFO clustering.embeddings: Embedding 255/293 data/courses/.files/2025/course-B2133.yml
2026-07-15 12:03:21,268 INFO clustering.embeddings: Embedding 256/293 data/courses/.files/2025/course-B2696.yml
2026-07-15 12:03:21,324 INFO clustering.embeddings: Embedding 257/293 data/courses/.files/2025/course-B3567.yml
2026-07-15 12:03:21,380 INFO clustering.embeddings: Embedding 258/293 data/courses/.files/2025/course-B4826.yml
2026-07-15 12:03:21,436 INFO clustering.embeddings: Embedding 259/293 data/courses/.files/2025/course-B4913.yml
2026-07-15 12:03:21,491 INFO clustering.embeddings: Embedding 260/293 data/courses/.files/2025/course-B4925.yml
2026-07-15 12:03:21,546 INFO clustering.embeddings: Embedding 261/293 data/courses/.files/2025/course-B4940.yml
2026-07-15 12:03:21,601 INFO clustering.embeddings: Embedding 262/293 data/courses/.files/2025/course-B4948.yml
2026-07-15 12:03:21,656 INFO clustering.embeddings: Embedding 263/293 data/courses/.files/2025/course-B5026.yml
2026-07-15 12:03:21,711 INFO clustering.embeddings: Embedding 264/293 data/courses/.files/2025/course-B5059.yml
2026-07-15 12:03:21,765 INFO clustering.embeddings: Embedding 265/293 data/courses/.files/2025/course-B5079.yml
2026-07-15 12:03:21,820 INFO clustering.embeddings: Embedding 266/293 data/courses/.files/2025/course-B5292.yml
2026-07-15 12:03:21,876 INFO clustering.embeddings: Embedding 267/293 data/courses/.files/2025/course-B5293.yml
2026-07-15 12:03:21,932 INFO clustering.embeddings: Embedding 268/293 data/courses/.files/2025/course-B5474.yml
2026-07-15 12:03:21,998 INFO clustering.embeddings: Embedding 269/293 data/courses/.files/2025/course-B5665.yml
2026-07-15 12:03:22,053 INFO clustering.embeddings: Embedding 270/293 data/courses/.files/2025/course-B5674.yml
2026-07-15 12:03:22,108 INFO clustering.embeddings: Embedding 271/293 data/courses/.files/2025/course-B5722.yml
2026-07-15 12:03:22,163 INFO clustering.embeddings: Embedding 272/293 data/courses/.files/2025/course-B5727.yml
2026-07-15 12:03:22,224 INFO clustering.embeddings: Embedding 273/293 data/courses/.files/2025/course-B5780.yml
2026-07-15 12:03:22,285 INFO clustering.embeddings: Embedding 274/293 data/courses/.files/2025/course-B5782.yml
2026-07-15 12:03:22,340 INFO clustering.embeddings: Embedding 275/293 data/courses/.files/2025/course-B5793.yml
2026-07-15 12:03:22,406 INFO clustering.embeddings: Embedding 276/293 data/courses/.files/2025/course-B5796.yml
2026-07-15 12:03:22,464 INFO clustering.embeddings: Embedding 277/293 data/courses/.files/2025/course-B5812.yml
2026-07-15 12:03:22,522 INFO clustering.embeddings: Embedding 278/293 data/courses/.files/2025/course-B6082.yml
2026-07-15 12:03:22,579 INFO clustering.embeddings: Embedding 279/293 data/courses/.files/2025/course-B8018.yml
2026-07-15 12:03:22,636 INFO clustering.embeddings: Embedding 280/293 data/courses/.files/2025/course-B8019.yml
2026-07-15 12:03:22,693 INFO clustering.embeddings: Embedding 281/293 data/courses/.files/2025/course-B8105.yml
2026-07-15 12:03:22,750 INFO clustering.embeddings: Embedding 282/293 data/courses/.files/2025/course-B8159.yml
2026-07-15 12:03:22,807 INFO clustering.embeddings: Embedding 283/293 data/courses/.files/2025/course-B8396.yml
2026-07-15 12:03:22,863 INFO clustering.embeddings: Embedding 284/293 data/courses/.files/2025/course-B8536.yml
2026-07-15 12:03:22,921 INFO clustering.embeddings: Embedding 285/293 data/courses/.files/2025/course-B8554.yml
2026-07-15 12:03:22,978 INFO clustering.embeddings: Embedding 286/293 data/courses/.files/2025/course-B8561.yml
2026-07-15 12:03:23,034 INFO clustering.embeddings: Embedding 287/293 data/courses/.files/2025/course-B8562.yml
2026-07-15 12:03:23,091 INFO clustering.embeddings: Embedding 288/293 data/courses/.files/2025/course-B8563.yml
2026-07-15 12:03:23,148 INFO clustering.embeddings: Embedding 289/293 data/courses/.files/2025/course-B8603.yml
2026-07-15 12:03:23,206 INFO clustering.embeddings: Embedding 290/293 data/courses/.files/2025/course-B8836.yml
2026-07-15 12:03:23,263 INFO clustering.embeddings: Embedding 291/293 data/courses/.files/2025/course-B8905.yml
2026-07-15 12:03:23,321 INFO clustering.embeddings: Embedding 292/293 data/courses/.files/2025/course-B8929.yml
2026-07-15 12:03:23,379 INFO clustering.embeddings: Embedding 293/293 data/courses/.files/2025/course-B9254.yml
run_dir: data/clusters/runs/2025-20260715-120359-spectral
