2026-07-03 10:07:10,930 INFO clustering.embeddings: Embedding 1/377 data/courses/.files/2025/course-00269.yml
2026-07-03 10:07:10,984 INFO clustering.embeddings: Embedding 2/377 data/courses/.files/2025/course-00819-A.yml
2026-07-03 10:07:11,040 INFO clustering.embeddings: Embedding 3/377 data/courses/.files/2025/course-00819-B.yml
2026-07-03 10:07:11,094 INFO clustering.embeddings: Embedding 4/377 data/courses/.files/2025/course-00819-C.yml
2026-07-03 10:07:11,153 INFO clustering.embeddings: Embedding 5/377 data/courses/.files/2025/course-00819-D.yml
2026-07-03 10:07:11,214 INFO clustering.embeddings: Embedding 6/377 data/courses/.files/2025/course-00819-E.yml
2026-07-03 10:07:11,272 INFO clustering.embeddings: Embedding 7/377 data/courses/.files/2025/course-03716-A.yml
2026-07-03 10:07:11,337 INFO clustering.embeddings: Embedding 8/377 data/courses/.files/2025/course-03716-B.yml
2026-07-03 10:07:11,395 INFO clustering.embeddings: Embedding 9/377 data/courses/.files/2025/course-04138.yml
2026-07-03 10:07:11,450 INFO clustering.embeddings: Embedding 10/377 data/courses/.files/2025/course-07276-A.yml
2026-07-03 10:07:11,504 INFO clustering.embeddings: Embedding 11/377 data/courses/.files/2025/course-07276-B.yml
2026-07-03 10:07:11,558 INFO clustering.embeddings: Embedding 12/377 data/courses/.files/2025/course-07276-C.yml
2026-07-03 10:07:11,612 INFO clustering.embeddings: Embedding 13/377 data/courses/.files/2025/course-07276-D.yml
2026-07-03 10:07:11,672 INFO clustering.embeddings: Embedding 14/377 data/courses/.files/2025/course-07276-E.yml
2026-07-03 10:07:11,777 INFO clustering.embeddings: Embedding 15/377 data/courses/.files/2025/course-07276-F.yml
2026-07-03 10:07:11,837 INFO clustering.embeddings: Embedding 16/377 data/courses/.files/2025/course-08574-A.yml
2026-07-03 10:07:11,896 INFO clustering.embeddings: Embedding 17/377 data/courses/.files/2025/course-08574-B.yml
2026-07-03 10:07:11,953 INFO clustering.embeddings: Embedding 18/377 data/courses/.files/2025/course-08574-C.yml
2026-07-03 10:07:12,010 INFO clustering.embeddings: Embedding 19/377 data/courses/.files/2025/course-09032.yml
2026-07-03 10:07:12,066 INFO clustering.embeddings: Embedding 20/377 data/courses/.files/2025/course-09679.yml
2026-07-03 10:07:12,122 INFO clustering.embeddings: Embedding 21/377 data/courses/.files/2025/course-09730-A.yml
2026-07-03 10:07:12,180 INFO clustering.embeddings: Embedding 22/377 data/courses/.files/2025/course-09730-B.yml
2026-07-03 10:07:12,239 INFO clustering.embeddings: Embedding 23/377 data/courses/.files/2025/course-10906-A.yml
2026-07-03 10:07:12,295 INFO clustering.embeddings: Embedding 24/377 data/courses/.files/2025/course-10906-B.yml
2026-07-03 10:07:12,350 INFO clustering.embeddings: Embedding 25/377 data/courses/.files/2025/course-10907.yml
2026-07-03 10:07:12,404 INFO clustering.embeddings: Embedding 26/377 data/courses/.files/2025/course-11340.yml
2026-07-03 10:07:12,459 INFO clustering.embeddings: Embedding 27/377 data/courses/.files/2025/course-11925.yml
2026-07-03 10:07:12,512 INFO clustering.embeddings: Embedding 28/377 data/courses/.files/2025/course-11929-A.yml
2026-07-03 10:07:12,566 INFO clustering.embeddings: Embedding 29/377 data/courses/.files/2025/course-11929-B.yml
2026-07-03 10:07:12,626 INFO clustering.embeddings: Embedding 30/377 data/courses/.files/2025/course-11929-C.yml
2026-07-03 10:07:12,716 INFO clustering.embeddings: Embedding 31/377 data/courses/.files/2025/course-11929-D.yml
2026-07-03 10:07:12,771 INFO clustering.embeddings: Embedding 32/377 data/courses/.files/2025/course-11933.yml
2026-07-03 10:07:12,825 INFO clustering.embeddings: Embedding 33/377 data/courses/.files/2025/course-14015.yml
2026-07-03 10:07:12,879 INFO clustering.embeddings: Embedding 34/377 data/courses/.files/2025/course-15305.yml
2026-07-03 10:07:12,933 INFO clustering.embeddings: Embedding 35/377 data/courses/.files/2025/course-15920.yml
2026-07-03 10:07:12,987 INFO clustering.embeddings: Embedding 36/377 data/courses/.files/2025/course-16692.yml
2026-07-03 10:07:13,041 INFO clustering.embeddings: Embedding 37/377 data/courses/.files/2025/course-16870.yml
2026-07-03 10:07:13,094 INFO clustering.embeddings: Embedding 38/377 data/courses/.files/2025/course-17628.yml
2026-07-03 10:07:13,148 INFO clustering.embeddings: Embedding 39/377 data/courses/.files/2025/course-17634.yml
2026-07-03 10:07:13,201 INFO clustering.embeddings: Embedding 40/377 data/courses/.files/2025/course-20741.yml
2026-07-03 10:07:13,242 INFO clustering.embeddings: Embedding 41/377 data/courses/.files/2025/course-27311-A.yml
2026-07-03 10:07:13,295 INFO clustering.embeddings: Embedding 42/377 data/courses/.files/2025/course-27311-B.yml
2026-07-03 10:07:13,349 INFO clustering.embeddings: Embedding 43/377 data/courses/.files/2025/course-28004-A.yml
2026-07-03 10:07:13,403 INFO clustering.embeddings: Embedding 44/377 data/courses/.files/2025/course-28004-B.yml
2026-07-03 10:07:13,457 INFO clustering.embeddings: Embedding 45/377 data/courses/.files/2025/course-28011-A.yml
2026-07-03 10:07:13,511 INFO clustering.embeddings: Embedding 46/377 data/courses/.files/2025/course-28011-B.yml
2026-07-03 10:07:13,565 INFO clustering.embeddings: Embedding 47/377 data/courses/.files/2025/course-28011-C.yml
2026-07-03 10:07:13,618 INFO clustering.embeddings: Embedding 48/377 data/courses/.files/2025/course-28012-A.yml
2026-07-03 10:07:13,673 INFO clustering.embeddings: Embedding 49/377 data/courses/.files/2025/course-28012-B.yml
2026-07-03 10:07:13,726 INFO clustering.embeddings: Embedding 50/377 data/courses/.files/2025/course-28016-A.yml
2026-07-03 10:07:13,780 INFO clustering.embeddings: Embedding 51/377 data/courses/.files/2025/course-28016-B.yml
2026-07-03 10:07:13,833 INFO clustering.embeddings: Embedding 52/377 data/courses/.files/2025/course-28016-C.yml
2026-07-03 10:07:13,886 INFO clustering.embeddings: Embedding 53/377 data/courses/.files/2025/course-28020-A.yml
2026-07-03 10:07:13,939 INFO clustering.embeddings: Embedding 54/377 data/courses/.files/2025/course-28020-B.yml
2026-07-03 10:07:13,993 INFO clustering.embeddings: Embedding 55/377 data/courses/.files/2025/course-28021.yml
2026-07-03 10:07:14,046 INFO clustering.embeddings: Embedding 56/377 data/courses/.files/2025/course-28024-A.yml
2026-07-03 10:07:14,099 INFO clustering.embeddings: Embedding 57/377 data/courses/.files/2025/course-28024-B.yml
2026-07-03 10:07:14,152 INFO clustering.embeddings: Embedding 58/377 data/courses/.files/2025/course-28027.yml
2026-07-03 10:07:14,205 INFO clustering.embeddings: Embedding 59/377 data/courses/.files/2025/course-28040.yml
2026-07-03 10:07:14,258 INFO clustering.embeddings: Embedding 60/377 data/courses/.files/2025/course-28106.yml
2026-07-03 10:07:14,311 INFO clustering.embeddings: Embedding 61/377 data/courses/.files/2025/course-28623.yml
2026-07-03 10:07:14,364 INFO clustering.embeddings: Embedding 62/377 data/courses/.files/2025/course-28651.yml
2026-07-03 10:07:14,417 INFO clustering.embeddings: Embedding 63/377 data/courses/.files/2025/course-28652.yml
2026-07-03 10:07:14,470 INFO clustering.embeddings: Embedding 64/377 data/courses/.files/2025/course-28659-A.yml
2026-07-03 10:07:14,525 INFO clustering.embeddings: Embedding 65/377 data/courses/.files/2025/course-28659-B.yml
2026-07-03 10:07:14,578 INFO clustering.embeddings: Embedding 66/377 data/courses/.files/2025/course-28722.yml
2026-07-03 10:07:14,632 INFO clustering.embeddings: Embedding 67/377 data/courses/.files/2025/course-28724.yml
2026-07-03 10:07:14,685 INFO clustering.embeddings: Embedding 68/377 data/courses/.files/2025/course-28796.yml
2026-07-03 10:07:14,738 INFO clustering.embeddings: Embedding 69/377 data/courses/.files/2025/course-29035.yml
2026-07-03 10:07:14,791 INFO clustering.embeddings: Embedding 70/377 data/courses/.files/2025/course-29227-A.yml
2026-07-03 10:07:14,844 INFO clustering.embeddings: Embedding 71/377 data/courses/.files/2025/course-29227-B.yml
2026-07-03 10:07:14,897 INFO clustering.embeddings: Embedding 72/377 data/courses/.files/2025/course-29227-C.yml
2026-07-03 10:07:14,951 INFO clustering.embeddings: Embedding 73/377 data/courses/.files/2025/course-29227-D.yml
2026-07-03 10:07:15,004 INFO clustering.embeddings: Embedding 74/377 data/courses/.files/2025/course-29227-E.yml
2026-07-03 10:07:15,057 INFO clustering.embeddings: Embedding 75/377 data/courses/.files/2025/course-30376.yml
2026-07-03 10:07:15,139 INFO clustering.embeddings: Embedding 76/377 data/courses/.files/2025/course-34876.yml
2026-07-03 10:07:15,192 INFO clustering.embeddings: Embedding 77/377 data/courses/.files/2025/course-34991.yml
2026-07-03 10:07:15,245 INFO clustering.embeddings: Embedding 78/377 data/courses/.files/2025/course-35148.yml
2026-07-03 10:07:15,298 INFO clustering.embeddings: Embedding 79/377 data/courses/.files/2025/course-35253.yml
2026-07-03 10:07:15,351 INFO clustering.embeddings: Embedding 80/377 data/courses/.files/2025/course-35364.yml
2026-07-03 10:07:15,404 INFO clustering.embeddings: Embedding 81/377 data/courses/.files/2025/course-35367.yml
2026-07-03 10:07:15,459 INFO clustering.embeddings: Embedding 82/377 data/courses/.files/2025/course-35424.yml
2026-07-03 10:07:15,512 INFO clustering.embeddings: Embedding 83/377 data/courses/.files/2025/course-37063.yml
2026-07-03 10:07:15,566 INFO clustering.embeddings: Embedding 84/377 data/courses/.files/2025/course-37085.yml
2026-07-03 10:07:15,619 INFO clustering.embeddings: Embedding 85/377 data/courses/.files/2025/course-37262.yml
2026-07-03 10:07:15,672 INFO clustering.embeddings: Embedding 86/377 data/courses/.files/2025/course-37635.yml
2026-07-03 10:07:15,725 INFO clustering.embeddings: Embedding 87/377 data/courses/.files/2025/course-37760.yml
2026-07-03 10:07:15,779 INFO clustering.embeddings: Embedding 88/377 data/courses/.files/2025/course-37925.yml
2026-07-03 10:07:15,832 INFO clustering.embeddings: Embedding 89/377 data/courses/.files/2025/course-39176-A.yml
2026-07-03 10:07:15,885 INFO clustering.embeddings: Embedding 90/377 data/courses/.files/2025/course-39176-B.yml
2026-07-03 10:07:15,939 INFO clustering.embeddings: Embedding 91/377 data/courses/.files/2025/course-40720.yml
2026-07-03 10:07:15,992 INFO clustering.embeddings: Embedding 92/377 data/courses/.files/2025/course-41169.yml
2026-07-03 10:07:16,045 INFO clustering.embeddings: Embedding 93/377 data/courses/.files/2025/course-41588.yml
2026-07-03 10:07:16,098 INFO clustering.embeddings: Embedding 94/377 data/courses/.files/2025/course-41731-A.yml
2026-07-03 10:07:16,151 INFO clustering.embeddings: Embedding 95/377 data/courses/.files/2025/course-41731-B.yml
2026-07-03 10:07:16,204 INFO clustering.embeddings: Embedding 96/377 data/courses/.files/2025/course-42500.yml
2026-07-03 10:07:16,257 INFO clustering.embeddings: Embedding 97/377 data/courses/.files/2025/course-47240.yml
2026-07-03 10:07:16,310 INFO clustering.embeddings: Embedding 98/377 data/courses/.files/2025/course-48693-A.yml
2026-07-03 10:07:16,363 INFO clustering.embeddings: Embedding 99/377 data/courses/.files/2025/course-48693-B.yml
2026-07-03 10:07:16,416 INFO clustering.embeddings: Embedding 100/377 data/courses/.files/2025/course-57828.yml
2026-07-03 10:07:16,469 INFO clustering.embeddings: Embedding 101/377 data/courses/.files/2025/course-58348.yml
2026-07-03 10:07:16,522 INFO clustering.embeddings: Embedding 102/377 data/courses/.files/2025/course-58423.yml
2026-07-03 10:07:16,575 INFO clustering.embeddings: Embedding 103/377 data/courses/.files/2025/course-58437.yml
2026-07-03 10:07:16,628 INFO clustering.embeddings: Embedding 104/377 data/courses/.files/2025/course-60348.yml
2026-07-03 10:07:16,681 INFO clustering.embeddings: Embedding 105/377 data/courses/.files/2025/course-65094.yml
2026-07-03 10:07:16,735 INFO clustering.embeddings: Embedding 106/377 data/courses/.files/2025/course-66857.yml
2026-07-03 10:07:16,788 INFO clustering.embeddings: Embedding 107/377 data/courses/.files/2025/course-66858.yml
2026-07-03 10:07:16,840 INFO clustering.embeddings: Embedding 108/377 data/courses/.files/2025/course-66860.yml
2026-07-03 10:07:16,923 INFO clustering.embeddings: Embedding 109/377 data/courses/.files/2025/course-66870.yml
2026-07-03 10:07:16,976 INFO clustering.embeddings: Embedding 110/377 data/courses/.files/2025/course-69259.yml
2026-07-03 10:07:17,029 INFO clustering.embeddings: Embedding 111/377 data/courses/.files/2025/course-69430.yml
2026-07-03 10:07:17,083 INFO clustering.embeddings: Embedding 112/377 data/courses/.files/2025/course-69437.yml
2026-07-03 10:07:17,136 INFO clustering.embeddings: Embedding 113/377 data/courses/.files/2025/course-69661.yml
2026-07-03 10:07:17,189 INFO clustering.embeddings: Embedding 114/377 data/courses/.files/2025/course-69731-A.yml
2026-07-03 10:07:17,243 INFO clustering.embeddings: Embedding 115/377 data/courses/.files/2025/course-69731-B.yml
2026-07-03 10:07:17,296 INFO clustering.embeddings: Embedding 116/377 data/courses/.files/2025/course-69773.yml
2026-07-03 10:07:17,350 INFO clustering.embeddings: Embedding 117/377 data/courses/.files/2025/course-69867.yml
2026-07-03 10:07:17,403 INFO clustering.embeddings: Embedding 118/377 data/courses/.files/2025/course-70155.yml
2026-07-03 10:07:17,456 INFO clustering.embeddings: Embedding 119/377 data/courses/.files/2025/course-70210.yml
2026-07-03 10:07:17,511 INFO clustering.embeddings: Embedding 120/377 data/courses/.files/2025/course-70219.yml
2026-07-03 10:07:17,564 INFO clustering.embeddings: Embedding 121/377 data/courses/.files/2025/course-70226.yml
2026-07-03 10:07:17,618 INFO clustering.embeddings: Embedding 122/377 data/courses/.files/2025/course-71148.yml
2026-07-03 10:07:17,671 INFO clustering.embeddings: Embedding 123/377 data/courses/.files/2025/course-72671.yml
2026-07-03 10:07:17,725 INFO clustering.embeddings: Embedding 124/377 data/courses/.files/2025/course-72778.yml
2026-07-03 10:07:17,778 INFO clustering.embeddings: Embedding 125/377 data/courses/.files/2025/course-72787.yml
2026-07-03 10:07:17,831 INFO clustering.embeddings: Embedding 126/377 data/courses/.files/2025/course-72796.yml
2026-07-03 10:07:17,885 INFO clustering.embeddings: Embedding 127/377 data/courses/.files/2025/course-72938.yml
2026-07-03 10:07:17,938 INFO clustering.embeddings: Embedding 128/377 data/courses/.files/2025/course-72939.yml
2026-07-03 10:07:17,991 INFO clustering.embeddings: Embedding 129/377 data/courses/.files/2025/course-72940.yml
2026-07-03 10:07:18,045 INFO clustering.embeddings: Embedding 130/377 data/courses/.files/2025/course-72942.yml
2026-07-03 10:07:18,098 INFO clustering.embeddings: Embedding 131/377 data/courses/.files/2025/course-72945.yml
2026-07-03 10:07:18,151 INFO clustering.embeddings: Embedding 132/377 data/courses/.files/2025/course-73025.yml
2026-07-03 10:07:18,204 INFO clustering.embeddings: Embedding 133/377 data/courses/.files/2025/course-73092.yml
2026-07-03 10:07:18,258 INFO clustering.embeddings: Embedding 134/377 data/courses/.files/2025/course-73110.yml
2026-07-03 10:07:18,311 INFO clustering.embeddings: Embedding 135/377 data/courses/.files/2025/course-73149.yml
2026-07-03 10:07:18,405 INFO clustering.embeddings: Embedding 136/377 data/courses/.files/2025/course-73273.yml
2026-07-03 10:07:18,459 INFO clustering.embeddings: Embedding 137/377 data/courses/.files/2025/course-73302.yml
2026-07-03 10:07:18,512 INFO clustering.embeddings: Embedding 138/377 data/courses/.files/2025/course-73435.yml
2026-07-03 10:07:18,565 INFO clustering.embeddings: Embedding 139/377 data/courses/.files/2025/course-73731.yml
2026-07-03 10:07:18,618 INFO clustering.embeddings: Embedding 140/377 data/courses/.files/2025/course-75198.yml
2026-07-03 10:07:18,671 INFO clustering.embeddings: Embedding 141/377 data/courses/.files/2025/course-75835.yml
2026-07-03 10:07:18,725 INFO clustering.embeddings: Embedding 142/377 data/courses/.files/2025/course-75969-A.yml
2026-07-03 10:07:18,806 INFO clustering.embeddings: Embedding 143/377 data/courses/.files/2025/course-75969-B.yml
2026-07-03 10:07:18,859 INFO clustering.embeddings: Embedding 144/377 data/courses/.files/2025/course-76011.yml
2026-07-03 10:07:18,912 INFO clustering.embeddings: Embedding 145/377 data/courses/.files/2025/course-77780.yml
2026-07-03 10:07:18,965 INFO clustering.embeddings: Embedding 146/377 data/courses/.files/2025/course-77933.yml
2026-07-03 10:07:19,018 INFO clustering.embeddings: Embedding 147/377 data/courses/.files/2025/course-78096.yml
2026-07-03 10:07:19,071 INFO clustering.embeddings: Embedding 148/377 data/courses/.files/2025/course-78501.yml
2026-07-03 10:07:19,111 INFO clustering.embeddings: Embedding 149/377 data/courses/.files/2025/course-78510.yml
2026-07-03 10:07:19,164 INFO clustering.embeddings: Embedding 150/377 data/courses/.files/2025/course-78778.yml
2026-07-03 10:07:19,217 INFO clustering.embeddings: Embedding 151/377 data/courses/.files/2025/course-78779.yml
2026-07-03 10:07:19,270 INFO clustering.embeddings: Embedding 152/377 data/courses/.files/2025/course-78810.yml
2026-07-03 10:07:19,323 INFO clustering.embeddings: Embedding 153/377 data/courses/.files/2025/course-79194.yml
2026-07-03 10:07:19,376 INFO clustering.embeddings: Embedding 154/377 data/courses/.files/2025/course-81609.yml
2026-07-03 10:07:19,429 INFO clustering.embeddings: Embedding 155/377 data/courses/.files/2025/course-81610.yml
2026-07-03 10:07:19,482 INFO clustering.embeddings: Embedding 156/377 data/courses/.files/2025/course-81612.yml
2026-07-03 10:07:19,535 INFO clustering.embeddings: Embedding 157/377 data/courses/.files/2025/course-81649.yml
2026-07-03 10:07:19,589 INFO clustering.embeddings: Embedding 158/377 data/courses/.files/2025/course-81654.yml
2026-07-03 10:07:19,643 INFO clustering.embeddings: Embedding 159/377 data/courses/.files/2025/course-81672.yml
2026-07-03 10:07:19,696 INFO clustering.embeddings: Embedding 160/377 data/courses/.files/2025/course-81676.yml
2026-07-03 10:07:19,749 INFO clustering.embeddings: Embedding 161/377 data/courses/.files/2025/course-81678-A.yml
2026-07-03 10:07:19,802 INFO clustering.embeddings: Embedding 162/377 data/courses/.files/2025/course-81678-B.yml
2026-07-03 10:07:19,856 INFO clustering.embeddings: Embedding 163/377 data/courses/.files/2025/course-81683.yml
2026-07-03 10:07:19,909 INFO clustering.embeddings: Embedding 164/377 data/courses/.files/2025/course-81917.yml
2026-07-03 10:07:19,962 INFO clustering.embeddings: Embedding 165/377 data/courses/.files/2025/course-81932.yml
2026-07-03 10:07:20,015 INFO clustering.embeddings: Embedding 166/377 data/courses/.files/2025/course-81934.yml
2026-07-03 10:07:20,068 INFO clustering.embeddings: Embedding 167/377 data/courses/.files/2025/course-81940.yml
2026-07-03 10:07:20,121 INFO clustering.embeddings: Embedding 168/377 data/courses/.files/2025/course-81942.yml
2026-07-03 10:07:20,174 INFO clustering.embeddings: Embedding 169/377 data/courses/.files/2025/course-82202-A.yml
2026-07-03 10:07:20,228 INFO clustering.embeddings: Embedding 170/377 data/courses/.files/2025/course-82202-B.yml
2026-07-03 10:07:20,281 INFO clustering.embeddings: Embedding 171/377 data/courses/.files/2025/course-84258.yml
2026-07-03 10:07:20,334 INFO clustering.embeddings: Embedding 172/377 data/courses/.files/2025/course-84339.yml
2026-07-03 10:07:20,387 INFO clustering.embeddings: Embedding 173/377 data/courses/.files/2025/course-84401.yml
2026-07-03 10:07:20,440 INFO clustering.embeddings: Embedding 174/377 data/courses/.files/2025/course-84442.yml
2026-07-03 10:07:20,493 INFO clustering.embeddings: Embedding 175/377 data/courses/.files/2025/course-84530.yml
2026-07-03 10:07:20,546 INFO clustering.embeddings: Embedding 176/377 data/courses/.files/2025/course-84531.yml
2026-07-03 10:07:20,599 INFO clustering.embeddings: Embedding 177/377 data/courses/.files/2025/course-85189.yml
2026-07-03 10:07:20,652 INFO clustering.embeddings: Embedding 178/377 data/courses/.files/2025/course-85285.yml
2026-07-03 10:07:20,705 INFO clustering.embeddings: Embedding 179/377 data/courses/.files/2025/course-85301.yml
2026-07-03 10:07:20,758 INFO clustering.embeddings: Embedding 180/377 data/courses/.files/2025/course-85445.yml
2026-07-03 10:07:20,811 INFO clustering.embeddings: Embedding 181/377 data/courses/.files/2025/course-85446.yml
2026-07-03 10:07:20,864 INFO clustering.embeddings: Embedding 182/377 data/courses/.files/2025/course-85573.yml
2026-07-03 10:07:20,917 INFO clustering.embeddings: Embedding 183/377 data/courses/.files/2025/course-85728.yml
2026-07-03 10:07:20,971 INFO clustering.embeddings: Embedding 184/377 data/courses/.files/2025/course-85730.yml
2026-07-03 10:07:21,053 INFO clustering.embeddings: Embedding 185/377 data/courses/.files/2025/course-85733.yml
2026-07-03 10:07:21,106 INFO clustering.embeddings: Embedding 186/377 data/courses/.files/2025/course-85734.yml
2026-07-03 10:07:21,159 INFO clustering.embeddings: Embedding 187/377 data/courses/.files/2025/course-87198.yml
2026-07-03 10:07:21,212 INFO clustering.embeddings: Embedding 188/377 data/courses/.files/2025/course-87469.yml
2026-07-03 10:07:21,265 INFO clustering.embeddings: Embedding 189/377 data/courses/.files/2025/course-87474.yml
2026-07-03 10:07:21,318 INFO clustering.embeddings: Embedding 190/377 data/courses/.files/2025/course-87898.yml
2026-07-03 10:07:21,371 INFO clustering.embeddings: Embedding 191/377 data/courses/.files/2025/course-87901.yml
2026-07-03 10:07:21,424 INFO clustering.embeddings: Embedding 192/377 data/courses/.files/2025/course-88016.yml
2026-07-03 10:07:21,477 INFO clustering.embeddings: Embedding 193/377 data/courses/.files/2025/course-88145.yml
2026-07-03 10:07:21,530 INFO clustering.embeddings: Embedding 194/377 data/courses/.files/2025/course-88146.yml
2026-07-03 10:07:21,583 INFO clustering.embeddings: Embedding 195/377 data/courses/.files/2025/course-88154.yml
2026-07-03 10:07:21,636 INFO clustering.embeddings: Embedding 196/377 data/courses/.files/2025/course-88155.yml
2026-07-03 10:07:21,690 INFO clustering.embeddings: Embedding 197/377 data/courses/.files/2025/course-88202.yml
2026-07-03 10:07:21,743 INFO clustering.embeddings: Embedding 198/377 data/courses/.files/2025/course-88228.yml
2026-07-03 10:07:21,796 INFO clustering.embeddings: Embedding 199/377 data/courses/.files/2025/course-88230.yml
2026-07-03 10:07:21,849 INFO clustering.embeddings: Embedding 200/377 data/courses/.files/2025/course-88324.yml
2026-07-03 10:07:21,902 INFO clustering.embeddings: Embedding 201/377 data/courses/.files/2025/course-88325.yml
2026-07-03 10:07:21,955 INFO clustering.embeddings: Embedding 202/377 data/courses/.files/2025/course-88566.yml
2026-07-03 10:07:22,008 INFO clustering.embeddings: Embedding 203/377 data/courses/.files/2025/course-89988.yml
2026-07-03 10:07:22,061 INFO clustering.embeddings: Embedding 204/377 data/courses/.files/2025/course-90074.yml
2026-07-03 10:07:22,115 INFO clustering.embeddings: Embedding 205/377 data/courses/.files/2025/course-90106-A.yml
2026-07-03 10:07:22,168 INFO clustering.embeddings: Embedding 206/377 data/courses/.files/2025/course-90106-B.yml
2026-07-03 10:07:22,222 INFO clustering.embeddings: Embedding 207/377 data/courses/.files/2025/course-90107.yml
2026-07-03 10:07:22,275 INFO clustering.embeddings: Embedding 208/377 data/courses/.files/2025/course-90147.yml
2026-07-03 10:07:22,328 INFO clustering.embeddings: Embedding 209/377 data/courses/.files/2025/course-90157.yml
2026-07-03 10:07:22,381 INFO clustering.embeddings: Embedding 210/377 data/courses/.files/2025/course-90392.yml
2026-07-03 10:07:22,434 INFO clustering.embeddings: Embedding 211/377 data/courses/.files/2025/course-90477.yml
2026-07-03 10:07:22,487 INFO clustering.embeddings: Embedding 212/377 data/courses/.files/2025/course-90720.yml
2026-07-03 10:07:22,540 INFO clustering.embeddings: Embedding 213/377 data/courses/.files/2025/course-90730.yml
2026-07-03 10:07:22,593 INFO clustering.embeddings: Embedding 214/377 data/courses/.files/2025/course-90748.yml
2026-07-03 10:07:22,646 INFO clustering.embeddings: Embedding 215/377 data/courses/.files/2025/course-90749.yml
2026-07-03 10:07:22,699 INFO clustering.embeddings: Embedding 216/377 data/courses/.files/2025/course-90864.yml
2026-07-03 10:07:22,752 INFO clustering.embeddings: Embedding 217/377 data/courses/.files/2025/course-91161.yml
2026-07-03 10:07:22,835 INFO clustering.embeddings: Embedding 218/377 data/courses/.files/2025/course-91248.yml
2026-07-03 10:07:22,888 INFO clustering.embeddings: Embedding 219/377 data/courses/.files/2025/course-91250-A.yml
2026-07-03 10:07:22,941 INFO clustering.embeddings: Embedding 220/377 data/courses/.files/2025/course-91250-B.yml
2026-07-03 10:07:22,994 INFO clustering.embeddings: Embedding 221/377 data/courses/.files/2025/course-91250-C.yml
2026-07-03 10:07:23,048 INFO clustering.embeddings: Embedding 222/377 data/courses/.files/2025/course-91250-D.yml
2026-07-03 10:07:23,101 INFO clustering.embeddings: Embedding 223/377 data/courses/.files/2025/course-91254.yml
2026-07-03 10:07:23,154 INFO clustering.embeddings: Embedding 224/377 data/courses/.files/2025/course-91258-A.yml
2026-07-03 10:07:23,207 INFO clustering.embeddings: Embedding 225/377 data/courses/.files/2025/course-91258-B.yml
2026-07-03 10:07:23,260 INFO clustering.embeddings: Embedding 226/377 data/courses/.files/2025/course-91258-C.yml
2026-07-03 10:07:23,314 INFO clustering.embeddings: Embedding 227/377 data/courses/.files/2025/course-91259.yml
2026-07-03 10:07:23,367 INFO clustering.embeddings: Embedding 228/377 data/courses/.files/2025/course-91261.yml
2026-07-03 10:07:23,472 INFO clustering.embeddings: Embedding 229/377 data/courses/.files/2025/course-91264.yml
2026-07-03 10:07:23,540 INFO clustering.embeddings: Embedding 230/377 data/courses/.files/2025/course-91265.yml
2026-07-03 10:07:23,593 INFO clustering.embeddings: Embedding 231/377 data/courses/.files/2025/course-91266.yml
2026-07-03 10:07:23,646 INFO clustering.embeddings: Embedding 232/377 data/courses/.files/2025/course-91267.yml
2026-07-03 10:07:23,699 INFO clustering.embeddings: Embedding 233/377 data/courses/.files/2025/course-91269.yml
2026-07-03 10:07:23,752 INFO clustering.embeddings: Embedding 234/377 data/courses/.files/2025/course-91411.yml
2026-07-03 10:07:23,805 INFO clustering.embeddings: Embedding 235/377 data/courses/.files/2025/course-91602.yml
2026-07-03 10:07:23,858 INFO clustering.embeddings: Embedding 236/377 data/courses/.files/2025/course-91685.yml
2026-07-03 10:07:23,911 INFO clustering.embeddings: Embedding 237/377 data/courses/.files/2025/course-91721.yml
2026-07-03 10:07:23,964 INFO clustering.embeddings: Embedding 238/377 data/courses/.files/2025/course-91762.yml
2026-07-03 10:07:24,017 INFO clustering.embeddings: Embedding 239/377 data/courses/.files/2025/course-92858.yml
2026-07-03 10:07:24,070 INFO clustering.embeddings: Embedding 240/377 data/courses/.files/2025/course-93034-A.yml
2026-07-03 10:07:24,123 INFO clustering.embeddings: Embedding 241/377 data/courses/.files/2025/course-93034-B.yml
2026-07-03 10:07:24,177 INFO clustering.embeddings: Embedding 242/377 data/courses/.files/2025/course-93034-C.yml
2026-07-03 10:07:24,230 INFO clustering.embeddings: Embedding 243/377 data/courses/.files/2025/course-93315.yml
2026-07-03 10:07:24,283 INFO clustering.embeddings: Embedding 244/377 data/courses/.files/2025/course-93319.yml
2026-07-03 10:07:24,337 INFO clustering.embeddings: Embedding 245/377 data/courses/.files/2025/course-93321.yml
2026-07-03 10:07:24,390 INFO clustering.embeddings: Embedding 246/377 data/courses/.files/2025/course-93322.yml
2026-07-03 10:07:24,443 INFO clustering.embeddings: Embedding 247/377 data/courses/.files/2025/course-93333.yml
2026-07-03 10:07:24,496 INFO clustering.embeddings: Embedding 248/377 data/courses/.files/2025/course-93363.yml
2026-07-03 10:07:24,549 INFO clustering.embeddings: Embedding 249/377 data/courses/.files/2025/course-93379.yml
2026-07-03 10:07:24,602 INFO clustering.embeddings: Embedding 250/377 data/courses/.files/2025/course-93390.yml
2026-07-03 10:07:24,655 INFO clustering.embeddings: Embedding 251/377 data/courses/.files/2025/course-93391.yml
2026-07-03 10:07:24,737 INFO clustering.embeddings: Embedding 252/377 data/courses/.files/2025/course-93392.yml
2026-07-03 10:07:24,790 INFO clustering.embeddings: Embedding 253/377 data/courses/.files/2025/course-93395.yml
2026-07-03 10:07:24,843 INFO clustering.embeddings: Embedding 254/377 data/courses/.files/2025/course-93398.yml
2026-07-03 10:07:24,897 INFO clustering.embeddings: Embedding 255/377 data/courses/.files/2025/course-93466.yml
2026-07-03 10:07:24,951 INFO clustering.embeddings: Embedding 256/377 data/courses/.files/2025/course-93467.yml
2026-07-03 10:07:25,004 INFO clustering.embeddings: Embedding 257/377 data/courses/.files/2025/course-93468.yml
2026-07-03 10:07:25,057 INFO clustering.embeddings: Embedding 258/377 data/courses/.files/2025/course-93469.yml
2026-07-03 10:07:25,110 INFO clustering.embeddings: Embedding 259/377 data/courses/.files/2025/course-93470-A.yml
2026-07-03 10:07:25,163 INFO clustering.embeddings: Embedding 260/377 data/courses/.files/2025/course-93470-B.yml
2026-07-03 10:07:25,216 INFO clustering.embeddings: Embedding 261/377 data/courses/.files/2025/course-93478.yml
2026-07-03 10:07:25,269 INFO clustering.embeddings: Embedding 262/377 data/courses/.files/2025/course-93653.yml
2026-07-03 10:07:25,322 INFO clustering.embeddings: Embedding 263/377 data/courses/.files/2025/course-93669.yml
2026-07-03 10:07:25,375 INFO clustering.embeddings: Embedding 264/377 data/courses/.files/2025/course-93929.yml
2026-07-03 10:07:25,428 INFO clustering.embeddings: Embedding 265/377 data/courses/.files/2025/course-94247.yml
2026-07-03 10:07:25,481 INFO clustering.embeddings: Embedding 266/377 data/courses/.files/2025/course-94272.yml
2026-07-03 10:07:25,534 INFO clustering.embeddings: Embedding 267/377 data/courses/.files/2025/course-94442.yml
2026-07-03 10:07:25,587 INFO clustering.embeddings: Embedding 268/377 data/courses/.files/2025/course-95602.yml
2026-07-03 10:07:25,640 INFO clustering.embeddings: Embedding 269/377 data/courses/.files/2025/course-95604.yml
2026-07-03 10:07:25,693 INFO clustering.embeddings: Embedding 270/377 data/courses/.files/2025/course-95605.yml
2026-07-03 10:07:25,746 INFO clustering.embeddings: Embedding 271/377 data/courses/.files/2025/course-95611.yml
2026-07-03 10:07:25,799 INFO clustering.embeddings: Embedding 272/377 data/courses/.files/2025/course-95627.yml
2026-07-03 10:07:25,852 INFO clustering.embeddings: Embedding 273/377 data/courses/.files/2025/course-95630.yml
2026-07-03 10:07:25,904 INFO clustering.embeddings: Embedding 274/377 data/courses/.files/2025/course-95631-A.yml
2026-07-03 10:07:25,957 INFO clustering.embeddings: Embedding 275/377 data/courses/.files/2025/course-95631-B.yml
2026-07-03 10:07:26,010 INFO clustering.embeddings: Embedding 276/377 data/courses/.files/2025/course-95632.yml
2026-07-03 10:07:26,063 INFO clustering.embeddings: Embedding 277/377 data/courses/.files/2025/course-95638.yml
2026-07-03 10:07:26,116 INFO clustering.embeddings: Embedding 278/377 data/courses/.files/2025/course-95639.yml
2026-07-03 10:07:26,169 INFO clustering.embeddings: Embedding 279/377 data/courses/.files/2025/course-95644.yml
2026-07-03 10:07:26,222 INFO clustering.embeddings: Embedding 280/377 data/courses/.files/2025/course-95645.yml
2026-07-03 10:07:26,275 INFO clustering.embeddings: Embedding 281/377 data/courses/.files/2025/course-95646.yml
2026-07-03 10:07:26,329 INFO clustering.embeddings: Embedding 282/377 data/courses/.files/2025/course-95648.yml
2026-07-03 10:07:26,383 INFO clustering.embeddings: Embedding 283/377 data/courses/.files/2025/course-95782.yml
2026-07-03 10:07:26,436 INFO clustering.embeddings: Embedding 284/377 data/courses/.files/2025/course-95965.yml
2026-07-03 10:07:26,489 INFO clustering.embeddings: Embedding 285/377 data/courses/.files/2025/course-96007.yml
2026-07-03 10:07:26,542 INFO clustering.embeddings: Embedding 286/377 data/courses/.files/2025/course-96142.yml
2026-07-03 10:07:26,595 INFO clustering.embeddings: Embedding 287/377 data/courses/.files/2025/course-96143.yml
2026-07-03 10:07:26,648 INFO clustering.embeddings: Embedding 288/377 data/courses/.files/2025/course-96346-A.yml
2026-07-03 10:07:26,701 INFO clustering.embeddings: Embedding 289/377 data/courses/.files/2025/course-96346-B.yml
2026-07-03 10:07:26,754 INFO clustering.embeddings: Embedding 290/377 data/courses/.files/2025/course-96346-C.yml
2026-07-03 10:07:26,807 INFO clustering.embeddings: Embedding 291/377 data/courses/.files/2025/course-96642.yml
2026-07-03 10:07:26,860 INFO clustering.embeddings: Embedding 292/377 data/courses/.files/2025/course-96725-A.yml
2026-07-03 10:07:26,913 INFO clustering.embeddings: Embedding 293/377 data/courses/.files/2025/course-96725-B.yml
2026-07-03 10:07:26,966 INFO clustering.embeddings: Embedding 294/377 data/courses/.files/2025/course-96793.yml
2026-07-03 10:07:27,019 INFO clustering.embeddings: Embedding 295/377 data/courses/.files/2025/course-96859.yml
2026-07-03 10:07:27,072 INFO clustering.embeddings: Embedding 296/377 data/courses/.files/2025/course-96994.yml
2026-07-03 10:07:27,125 INFO clustering.embeddings: Embedding 297/377 data/courses/.files/2025/course-96995.yml
2026-07-03 10:07:27,178 INFO clustering.embeddings: Embedding 298/377 data/courses/.files/2025/course-97431.yml
2026-07-03 10:07:27,231 INFO clustering.embeddings: Embedding 299/377 data/courses/.files/2025/course-97466.yml
2026-07-03 10:07:27,284 INFO clustering.embeddings: Embedding 300/377 data/courses/.files/2025/course-97467.yml
2026-07-03 10:07:27,337 INFO clustering.embeddings: Embedding 301/377 data/courses/.files/2025/course-98618.yml
2026-07-03 10:07:27,390 INFO clustering.embeddings: Embedding 302/377 data/courses/.files/2025/course-98671.yml
2026-07-03 10:07:27,443 INFO clustering.embeddings: Embedding 303/377 data/courses/.files/2025/course-98735.yml
2026-07-03 10:07:27,496 INFO clustering.embeddings: Embedding 304/377 data/courses/.files/2025/course-98931.yml
2026-07-03 10:07:27,549 INFO clustering.embeddings: Embedding 305/377 data/courses/.files/2025/course-99191.yml
2026-07-03 10:07:27,602 INFO clustering.embeddings: Embedding 306/377 data/courses/.files/2025/course-99192.yml
2026-07-03 10:07:27,655 INFO clustering.embeddings: Embedding 307/377 data/courses/.files/2025/course-99195.yml
2026-07-03 10:07:27,708 INFO clustering.embeddings: Embedding 308/377 data/courses/.files/2025/course-B0009.yml
2026-07-03 10:07:27,762 INFO clustering.embeddings: Embedding 309/377 data/courses/.files/2025/course-B0010.yml
2026-07-03 10:07:27,815 INFO clustering.embeddings: Embedding 310/377 data/courses/.files/2025/course-B0011.yml
2026-07-03 10:07:27,868 INFO clustering.embeddings: Embedding 311/377 data/courses/.files/2025/course-B0061.yml
2026-07-03 10:07:27,921 INFO clustering.embeddings: Embedding 312/377 data/courses/.files/2025/course-B0063.yml
2026-07-03 10:07:27,974 INFO clustering.embeddings: Embedding 313/377 data/courses/.files/2025/course-B0064.yml
2026-07-03 10:07:28,027 INFO clustering.embeddings: Embedding 314/377 data/courses/.files/2025/course-B0069.yml
2026-07-03 10:07:28,080 INFO clustering.embeddings: Embedding 315/377 data/courses/.files/2025/course-B0070.yml
2026-07-03 10:07:28,133 INFO clustering.embeddings: Embedding 316/377 data/courses/.files/2025/course-B0073.yml
2026-07-03 10:07:28,186 INFO clustering.embeddings: Embedding 317/377 data/courses/.files/2025/course-B0074.yml
2026-07-03 10:07:28,239 INFO clustering.embeddings: Embedding 318/377 data/courses/.files/2025/course-B0159.yml
2026-07-03 10:07:28,292 INFO clustering.embeddings: Embedding 319/377 data/courses/.files/2025/course-B0385.yml
2026-07-03 10:07:28,345 INFO clustering.embeddings: Embedding 320/377 data/courses/.files/2025/course-B0832.yml
2026-07-03 10:07:28,398 INFO clustering.embeddings: Embedding 321/377 data/courses/.files/2025/course-B0833.yml
2026-07-03 10:07:28,451 INFO clustering.embeddings: Embedding 322/377 data/courses/.files/2025/course-B1459.yml
2026-07-03 10:07:28,504 INFO clustering.embeddings: Embedding 323/377 data/courses/.files/2025/course-B1703.yml
2026-07-03 10:07:28,557 INFO clustering.embeddings: Embedding 324/377 data/courses/.files/2025/course-B1873.yml
2026-07-03 10:07:28,610 INFO clustering.embeddings: Embedding 325/377 data/courses/.files/2025/course-B1874.yml
2026-07-03 10:07:28,663 INFO clustering.embeddings: Embedding 326/377 data/courses/.files/2025/course-B2125.yml
2026-07-03 10:07:28,716 INFO clustering.embeddings: Embedding 327/377 data/courses/.files/2025/course-B2133.yml
2026-07-03 10:07:28,769 INFO clustering.embeddings: Embedding 328/377 data/courses/.files/2025/course-B2250.yml
2026-07-03 10:07:28,822 INFO clustering.embeddings: Embedding 329/377 data/courses/.files/2025/course-B2361.yml
2026-07-03 10:07:28,904 INFO clustering.embeddings: Embedding 330/377 data/courses/.files/2025/course-B2696.yml
2026-07-03 10:07:28,957 INFO clustering.embeddings: Embedding 331/377 data/courses/.files/2025/course-B3567.yml
2026-07-03 10:07:29,011 INFO clustering.embeddings: Embedding 332/377 data/courses/.files/2025/course-B4826.yml
2026-07-03 10:07:29,064 INFO clustering.embeddings: Embedding 333/377 data/courses/.files/2025/course-B4913.yml
2026-07-03 10:07:29,118 INFO clustering.embeddings: Embedding 334/377 data/courses/.files/2025/course-B4925.yml
2026-07-03 10:07:29,171 INFO clustering.embeddings: Embedding 335/377 data/courses/.files/2025/course-B4940.yml
2026-07-03 10:07:29,224 INFO clustering.embeddings: Embedding 336/377 data/courses/.files/2025/course-B4948.yml
2026-07-03 10:07:29,277 INFO clustering.embeddings: Embedding 337/377 data/courses/.files/2025/course-B5026.yml
2026-07-03 10:07:29,330 INFO clustering.embeddings: Embedding 338/377 data/courses/.files/2025/course-B5059.yml
2026-07-03 10:07:29,383 INFO clustering.embeddings: Embedding 339/377 data/courses/.files/2025/course-B5079.yml
2026-07-03 10:07:29,436 INFO clustering.embeddings: Embedding 340/377 data/courses/.files/2025/course-B5292.yml
2026-07-03 10:07:29,490 INFO clustering.embeddings: Embedding 341/377 data/courses/.files/2025/course-B5293.yml
2026-07-03 10:07:29,543 INFO clustering.embeddings: Embedding 342/377 data/courses/.files/2025/course-B5474.yml
2026-07-03 10:07:29,596 INFO clustering.embeddings: Embedding 343/377 data/courses/.files/2025/course-B5665.yml
2026-07-03 10:07:29,649 INFO clustering.embeddings: Embedding 344/377 data/courses/.files/2025/course-B5674.yml
2026-07-03 10:07:29,702 INFO clustering.embeddings: Embedding 345/377 data/courses/.files/2025/course-B5722.yml
2026-07-03 10:07:29,755 INFO clustering.embeddings: Embedding 346/377 data/courses/.files/2025/course-B5727.yml
2026-07-03 10:07:29,808 INFO clustering.embeddings: Embedding 347/377 data/courses/.files/2025/course-B5780.yml
2026-07-03 10:07:29,862 INFO clustering.embeddings: Embedding 348/377 data/courses/.files/2025/course-B5782.yml
2026-07-03 10:07:29,915 INFO clustering.embeddings: Embedding 349/377 data/courses/.files/2025/course-B5793.yml
2026-07-03 10:07:29,968 INFO clustering.embeddings: Embedding 350/377 data/courses/.files/2025/course-B5796.yml
2026-07-03 10:07:30,021 INFO clustering.embeddings: Embedding 351/377 data/courses/.files/2025/course-B5812.yml
2026-07-03 10:07:30,074 INFO clustering.embeddings: Embedding 352/377 data/courses/.files/2025/course-B6082.yml
2026-07-03 10:07:30,127 INFO clustering.embeddings: Embedding 353/377 data/courses/.files/2025/course-B8018.yml
2026-07-03 10:07:30,181 INFO clustering.embeddings: Embedding 354/377 data/courses/.files/2025/course-B8019.yml
2026-07-03 10:07:30,234 INFO clustering.embeddings: Embedding 355/377 data/courses/.files/2025/course-B8105.yml
2026-07-03 10:07:30,288 INFO clustering.embeddings: Embedding 356/377 data/courses/.files/2025/course-B8159.yml
2026-07-03 10:07:30,343 INFO clustering.embeddings: Embedding 357/377 data/courses/.files/2025/course-B8309.yml
2026-07-03 10:07:30,384 INFO clustering.embeddings: Embedding 358/377 data/courses/.files/2025/course-B8310.yml
2026-07-03 10:07:30,424 INFO clustering.embeddings: Embedding 359/377 data/courses/.files/2025/course-B8311.yml
2026-07-03 10:07:30,480 INFO clustering.embeddings: Embedding 360/377 data/courses/.files/2025/course-B8378.yml
2026-07-03 10:07:30,534 INFO clustering.embeddings: Embedding 361/377 data/courses/.files/2025/course-B8379.yml
2026-07-03 10:07:30,589 INFO clustering.embeddings: Embedding 362/377 data/courses/.files/2025/course-B8390.yml
2026-07-03 10:07:30,644 INFO clustering.embeddings: Embedding 363/377 data/courses/.files/2025/course-B8396.yml
2026-07-03 10:07:30,728 INFO clustering.embeddings: Embedding 364/377 data/courses/.files/2025/course-B8536-A.yml
2026-07-03 10:07:30,782 INFO clustering.embeddings: Embedding 365/377 data/courses/.files/2025/course-B8536-B.yml
2026-07-03 10:07:30,836 INFO clustering.embeddings: Embedding 366/377 data/courses/.files/2025/course-B8536-C.yml
2026-07-03 10:07:30,891 INFO clustering.embeddings: Embedding 367/377 data/courses/.files/2025/course-B8554-A.yml
2026-07-03 10:07:30,945 INFO clustering.embeddings: Embedding 368/377 data/courses/.files/2025/course-B8554-B.yml
2026-07-03 10:07:30,999 INFO clustering.embeddings: Embedding 369/377 data/courses/.files/2025/course-B8561.yml
2026-07-03 10:07:31,054 INFO clustering.embeddings: Embedding 370/377 data/courses/.files/2025/course-B8562.yml
2026-07-03 10:07:31,108 INFO clustering.embeddings: Embedding 371/377 data/courses/.files/2025/course-B8563.yml
2026-07-03 10:07:31,162 INFO clustering.embeddings: Embedding 372/377 data/courses/.files/2025/course-B8603.yml
2026-07-03 10:07:31,217 INFO clustering.embeddings: Embedding 373/377 data/courses/.files/2025/course-B8836.yml
2026-07-03 10:07:31,271 INFO clustering.embeddings: Embedding 374/377 data/courses/.files/2025/course-B8905.yml
2026-07-03 10:07:31,325 INFO clustering.embeddings: Embedding 375/377 data/courses/.files/2025/course-B8929.yml
2026-07-03 10:07:31,380 INFO clustering.embeddings: Embedding 376/377 data/courses/.files/2025/course-B9254.yml
2026-07-03 10:07:31,434 INFO clustering.embeddings: Embedding 377/377 data/courses/.files/2025/course-C7674.yml
/Users/gciatto/Work/unibo-courses-cs-restructuring/.venv/lib/python3.14/site-packages/sklearn/cluster/_hdbscan/hdbscan.py:722: FutureWarning: The default value of `copy` will change from False to True in 1.10. Explicitly set a value for `copy` to silence this warning.
  warn(
run_dir: data/clusters/runs/2025-20260703-100830-hdbscan
