2026-07-03 11:38:50,538 INFO clustering.embeddings: Embedding 1/377 data/courses/.files/2025/course-00269.yml
2026-07-03 11:38:50,591 INFO clustering.embeddings: Embedding 2/377 data/courses/.files/2025/course-00819-A.yml
2026-07-03 11:38:50,644 INFO clustering.embeddings: Embedding 3/377 data/courses/.files/2025/course-00819-B.yml
2026-07-03 11:38:50,698 INFO clustering.embeddings: Embedding 4/377 data/courses/.files/2025/course-00819-C.yml
2026-07-03 11:38:50,751 INFO clustering.embeddings: Embedding 5/377 data/courses/.files/2025/course-00819-D.yml
2026-07-03 11:38:50,805 INFO clustering.embeddings: Embedding 6/377 data/courses/.files/2025/course-00819-E.yml
2026-07-03 11:38:50,859 INFO clustering.embeddings: Embedding 7/377 data/courses/.files/2025/course-03716-A.yml
2026-07-03 11:38:50,913 INFO clustering.embeddings: Embedding 8/377 data/courses/.files/2025/course-03716-B.yml
2026-07-03 11:38:50,967 INFO clustering.embeddings: Embedding 9/377 data/courses/.files/2025/course-04138.yml
2026-07-03 11:38:51,021 INFO clustering.embeddings: Embedding 10/377 data/courses/.files/2025/course-07276-A.yml
2026-07-03 11:38:51,074 INFO clustering.embeddings: Embedding 11/377 data/courses/.files/2025/course-07276-B.yml
2026-07-03 11:38:51,128 INFO clustering.embeddings: Embedding 12/377 data/courses/.files/2025/course-07276-C.yml
2026-07-03 11:38:51,181 INFO clustering.embeddings: Embedding 13/377 data/courses/.files/2025/course-07276-D.yml
2026-07-03 11:38:51,232 INFO clustering.embeddings: Embedding 14/377 data/courses/.files/2025/course-07276-E.yml
2026-07-03 11:38:51,284 INFO clustering.embeddings: Embedding 15/377 data/courses/.files/2025/course-07276-F.yml
2026-07-03 11:38:51,338 INFO clustering.embeddings: Embedding 16/377 data/courses/.files/2025/course-08574-A.yml
2026-07-03 11:38:51,392 INFO clustering.embeddings: Embedding 17/377 data/courses/.files/2025/course-08574-B.yml
2026-07-03 11:38:51,446 INFO clustering.embeddings: Embedding 18/377 data/courses/.files/2025/course-08574-C.yml
2026-07-03 11:38:51,499 INFO clustering.embeddings: Embedding 19/377 data/courses/.files/2025/course-09032.yml
2026-07-03 11:38:51,552 INFO clustering.embeddings: Embedding 20/377 data/courses/.files/2025/course-09679.yml
2026-07-03 11:38:51,604 INFO clustering.embeddings: Embedding 21/377 data/courses/.files/2025/course-09730-A.yml
2026-07-03 11:38:51,658 INFO clustering.embeddings: Embedding 22/377 data/courses/.files/2025/course-09730-B.yml
2026-07-03 11:38:51,711 INFO clustering.embeddings: Embedding 23/377 data/courses/.files/2025/course-10906-A.yml
2026-07-03 11:38:51,764 INFO clustering.embeddings: Embedding 24/377 data/courses/.files/2025/course-10906-B.yml
2026-07-03 11:38:51,816 INFO clustering.embeddings: Embedding 25/377 data/courses/.files/2025/course-10907.yml
2026-07-03 11:38:51,870 INFO clustering.embeddings: Embedding 26/377 data/courses/.files/2025/course-11340.yml
2026-07-03 11:38:51,924 INFO clustering.embeddings: Embedding 27/377 data/courses/.files/2025/course-11925.yml
2026-07-03 11:38:51,978 INFO clustering.embeddings: Embedding 28/377 data/courses/.files/2025/course-11929-A.yml
2026-07-03 11:38:52,031 INFO clustering.embeddings: Embedding 29/377 data/courses/.files/2025/course-11929-B.yml
2026-07-03 11:38:52,084 INFO clustering.embeddings: Embedding 30/377 data/courses/.files/2025/course-11929-C.yml
2026-07-03 11:38:52,165 INFO clustering.embeddings: Embedding 31/377 data/courses/.files/2025/course-11929-D.yml
2026-07-03 11:38:52,218 INFO clustering.embeddings: Embedding 32/377 data/courses/.files/2025/course-11933.yml
2026-07-03 11:38:52,269 INFO clustering.embeddings: Embedding 33/377 data/courses/.files/2025/course-14015.yml
2026-07-03 11:38:52,323 INFO clustering.embeddings: Embedding 34/377 data/courses/.files/2025/course-15305.yml
2026-07-03 11:38:52,375 INFO clustering.embeddings: Embedding 35/377 data/courses/.files/2025/course-15920.yml
2026-07-03 11:38:52,427 INFO clustering.embeddings: Embedding 36/377 data/courses/.files/2025/course-16692.yml
2026-07-03 11:38:52,479 INFO clustering.embeddings: Embedding 37/377 data/courses/.files/2025/course-16870.yml
2026-07-03 11:38:52,532 INFO clustering.embeddings: Embedding 38/377 data/courses/.files/2025/course-17628.yml
2026-07-03 11:38:52,583 INFO clustering.embeddings: Embedding 39/377 data/courses/.files/2025/course-17634.yml
2026-07-03 11:38:52,635 INFO clustering.embeddings: Embedding 40/377 data/courses/.files/2025/course-20741.yml
2026-07-03 11:38:52,674 INFO clustering.embeddings: Embedding 41/377 data/courses/.files/2025/course-27311-A.yml
2026-07-03 11:38:52,726 INFO clustering.embeddings: Embedding 42/377 data/courses/.files/2025/course-27311-B.yml
2026-07-03 11:38:52,778 INFO clustering.embeddings: Embedding 43/377 data/courses/.files/2025/course-28004-A.yml
2026-07-03 11:38:52,830 INFO clustering.embeddings: Embedding 44/377 data/courses/.files/2025/course-28004-B.yml
2026-07-03 11:38:52,884 INFO clustering.embeddings: Embedding 45/377 data/courses/.files/2025/course-28011-A.yml
2026-07-03 11:38:52,937 INFO clustering.embeddings: Embedding 46/377 data/courses/.files/2025/course-28011-B.yml
2026-07-03 11:38:52,990 INFO clustering.embeddings: Embedding 47/377 data/courses/.files/2025/course-28011-C.yml
2026-07-03 11:38:53,044 INFO clustering.embeddings: Embedding 48/377 data/courses/.files/2025/course-28012-A.yml
2026-07-03 11:38:53,096 INFO clustering.embeddings: Embedding 49/377 data/courses/.files/2025/course-28012-B.yml
2026-07-03 11:38:53,150 INFO clustering.embeddings: Embedding 50/377 data/courses/.files/2025/course-28016-A.yml
2026-07-03 11:38:53,234 INFO clustering.embeddings: Embedding 51/377 data/courses/.files/2025/course-28016-B.yml
2026-07-03 11:38:53,289 INFO clustering.embeddings: Embedding 52/377 data/courses/.files/2025/course-28016-C.yml
2026-07-03 11:38:53,342 INFO clustering.embeddings: Embedding 53/377 data/courses/.files/2025/course-28020-A.yml
2026-07-03 11:38:53,395 INFO clustering.embeddings: Embedding 54/377 data/courses/.files/2025/course-28020-B.yml
2026-07-03 11:38:53,448 INFO clustering.embeddings: Embedding 55/377 data/courses/.files/2025/course-28021.yml
2026-07-03 11:38:53,502 INFO clustering.embeddings: Embedding 56/377 data/courses/.files/2025/course-28024-A.yml
2026-07-03 11:38:53,555 INFO clustering.embeddings: Embedding 57/377 data/courses/.files/2025/course-28024-B.yml
2026-07-03 11:38:53,609 INFO clustering.embeddings: Embedding 58/377 data/courses/.files/2025/course-28027.yml
2026-07-03 11:38:53,662 INFO clustering.embeddings: Embedding 59/377 data/courses/.files/2025/course-28040.yml
2026-07-03 11:38:53,717 INFO clustering.embeddings: Embedding 60/377 data/courses/.files/2025/course-28106.yml
2026-07-03 11:38:53,770 INFO clustering.embeddings: Embedding 61/377 data/courses/.files/2025/course-28623.yml
2026-07-03 11:38:53,824 INFO clustering.embeddings: Embedding 62/377 data/courses/.files/2025/course-28651.yml
2026-07-03 11:38:53,878 INFO clustering.embeddings: Embedding 63/377 data/courses/.files/2025/course-28652.yml
2026-07-03 11:38:53,929 INFO clustering.embeddings: Embedding 64/377 data/courses/.files/2025/course-28659-A.yml
2026-07-03 11:38:53,983 INFO clustering.embeddings: Embedding 65/377 data/courses/.files/2025/course-28659-B.yml
2026-07-03 11:38:54,036 INFO clustering.embeddings: Embedding 66/377 data/courses/.files/2025/course-28722.yml
2026-07-03 11:38:54,090 INFO clustering.embeddings: Embedding 67/377 data/courses/.files/2025/course-28724.yml
2026-07-03 11:38:54,143 INFO clustering.embeddings: Embedding 68/377 data/courses/.files/2025/course-28796.yml
2026-07-03 11:38:54,196 INFO clustering.embeddings: Embedding 69/377 data/courses/.files/2025/course-29035.yml
2026-07-03 11:38:54,251 INFO clustering.embeddings: Embedding 70/377 data/courses/.files/2025/course-29227-A.yml
2026-07-03 11:38:54,304 INFO clustering.embeddings: Embedding 71/377 data/courses/.files/2025/course-29227-B.yml
2026-07-03 11:38:54,357 INFO clustering.embeddings: Embedding 72/377 data/courses/.files/2025/course-29227-C.yml
2026-07-03 11:38:54,410 INFO clustering.embeddings: Embedding 73/377 data/courses/.files/2025/course-29227-D.yml
2026-07-03 11:38:54,464 INFO clustering.embeddings: Embedding 74/377 data/courses/.files/2025/course-29227-E.yml
2026-07-03 11:38:54,517 INFO clustering.embeddings: Embedding 75/377 data/courses/.files/2025/course-30376.yml
2026-07-03 11:38:54,598 INFO clustering.embeddings: Embedding 76/377 data/courses/.files/2025/course-34876.yml
2026-07-03 11:38:54,651 INFO clustering.embeddings: Embedding 77/377 data/courses/.files/2025/course-34991.yml
2026-07-03 11:38:54,704 INFO clustering.embeddings: Embedding 78/377 data/courses/.files/2025/course-35148.yml
2026-07-03 11:38:54,757 INFO clustering.embeddings: Embedding 79/377 data/courses/.files/2025/course-35253.yml
2026-07-03 11:38:54,811 INFO clustering.embeddings: Embedding 80/377 data/courses/.files/2025/course-35364.yml
2026-07-03 11:38:54,865 INFO clustering.embeddings: Embedding 81/377 data/courses/.files/2025/course-35367.yml
2026-07-03 11:38:54,919 INFO clustering.embeddings: Embedding 82/377 data/courses/.files/2025/course-35424.yml
2026-07-03 11:38:54,972 INFO clustering.embeddings: Embedding 83/377 data/courses/.files/2025/course-37063.yml
2026-07-03 11:38:55,025 INFO clustering.embeddings: Embedding 84/377 data/courses/.files/2025/course-37085.yml
2026-07-03 11:38:55,078 INFO clustering.embeddings: Embedding 85/377 data/courses/.files/2025/course-37262.yml
2026-07-03 11:38:55,130 INFO clustering.embeddings: Embedding 86/377 data/courses/.files/2025/course-37635.yml
2026-07-03 11:38:55,184 INFO clustering.embeddings: Embedding 87/377 data/courses/.files/2025/course-37760.yml
2026-07-03 11:38:55,237 INFO clustering.embeddings: Embedding 88/377 data/courses/.files/2025/course-37925.yml
2026-07-03 11:38:55,290 INFO clustering.embeddings: Embedding 89/377 data/courses/.files/2025/course-39176-A.yml
2026-07-03 11:38:55,344 INFO clustering.embeddings: Embedding 90/377 data/courses/.files/2025/course-39176-B.yml
2026-07-03 11:38:55,396 INFO clustering.embeddings: Embedding 91/377 data/courses/.files/2025/course-40720.yml
2026-07-03 11:38:55,449 INFO clustering.embeddings: Embedding 92/377 data/courses/.files/2025/course-41169.yml
2026-07-03 11:38:55,502 INFO clustering.embeddings: Embedding 93/377 data/courses/.files/2025/course-41588.yml
2026-07-03 11:38:55,556 INFO clustering.embeddings: Embedding 94/377 data/courses/.files/2025/course-41731-A.yml
2026-07-03 11:38:55,609 INFO clustering.embeddings: Embedding 95/377 data/courses/.files/2025/course-41731-B.yml
2026-07-03 11:38:55,662 INFO clustering.embeddings: Embedding 96/377 data/courses/.files/2025/course-42500.yml
2026-07-03 11:38:55,716 INFO clustering.embeddings: Embedding 97/377 data/courses/.files/2025/course-47240.yml
2026-07-03 11:38:55,769 INFO clustering.embeddings: Embedding 98/377 data/courses/.files/2025/course-48693-A.yml
2026-07-03 11:38:55,822 INFO clustering.embeddings: Embedding 99/377 data/courses/.files/2025/course-48693-B.yml
2026-07-03 11:38:55,876 INFO clustering.embeddings: Embedding 100/377 data/courses/.files/2025/course-57828.yml
2026-07-03 11:38:55,929 INFO clustering.embeddings: Embedding 101/377 data/courses/.files/2025/course-58348.yml
2026-07-03 11:38:55,980 INFO clustering.embeddings: Embedding 102/377 data/courses/.files/2025/course-58423.yml
2026-07-03 11:38:56,035 INFO clustering.embeddings: Embedding 103/377 data/courses/.files/2025/course-58437.yml
2026-07-03 11:38:56,088 INFO clustering.embeddings: Embedding 104/377 data/courses/.files/2025/course-60348.yml
2026-07-03 11:38:56,141 INFO clustering.embeddings: Embedding 105/377 data/courses/.files/2025/course-65094.yml
2026-07-03 11:38:56,195 INFO clustering.embeddings: Embedding 106/377 data/courses/.files/2025/course-66857.yml
2026-07-03 11:38:56,247 INFO clustering.embeddings: Embedding 107/377 data/courses/.files/2025/course-66858.yml
2026-07-03 11:38:56,301 INFO clustering.embeddings: Embedding 108/377 data/courses/.files/2025/course-66860.yml
2026-07-03 11:38:56,382 INFO clustering.embeddings: Embedding 109/377 data/courses/.files/2025/course-66870.yml
2026-07-03 11:38:56,435 INFO clustering.embeddings: Embedding 110/377 data/courses/.files/2025/course-69259.yml
2026-07-03 11:38:56,488 INFO clustering.embeddings: Embedding 111/377 data/courses/.files/2025/course-69430.yml
2026-07-03 11:38:56,542 INFO clustering.embeddings: Embedding 112/377 data/courses/.files/2025/course-69437.yml
2026-07-03 11:38:56,595 INFO clustering.embeddings: Embedding 113/377 data/courses/.files/2025/course-69661.yml
2026-07-03 11:38:56,648 INFO clustering.embeddings: Embedding 114/377 data/courses/.files/2025/course-69731-A.yml
2026-07-03 11:38:56,702 INFO clustering.embeddings: Embedding 115/377 data/courses/.files/2025/course-69731-B.yml
2026-07-03 11:38:56,755 INFO clustering.embeddings: Embedding 116/377 data/courses/.files/2025/course-69773.yml
2026-07-03 11:38:56,809 INFO clustering.embeddings: Embedding 117/377 data/courses/.files/2025/course-69867.yml
2026-07-03 11:38:56,861 INFO clustering.embeddings: Embedding 118/377 data/courses/.files/2025/course-70155.yml
2026-07-03 11:38:56,912 INFO clustering.embeddings: Embedding 119/377 data/courses/.files/2025/course-70210.yml
2026-07-03 11:38:56,965 INFO clustering.embeddings: Embedding 120/377 data/courses/.files/2025/course-70219.yml
2026-07-03 11:38:57,019 INFO clustering.embeddings: Embedding 121/377 data/courses/.files/2025/course-70226.yml
2026-07-03 11:38:57,072 INFO clustering.embeddings: Embedding 122/377 data/courses/.files/2025/course-71148.yml
2026-07-03 11:38:57,125 INFO clustering.embeddings: Embedding 123/377 data/courses/.files/2025/course-72671.yml
2026-07-03 11:38:57,179 INFO clustering.embeddings: Embedding 124/377 data/courses/.files/2025/course-72778.yml
2026-07-03 11:38:57,232 INFO clustering.embeddings: Embedding 125/377 data/courses/.files/2025/course-72787.yml
2026-07-03 11:38:57,285 INFO clustering.embeddings: Embedding 126/377 data/courses/.files/2025/course-72796.yml
2026-07-03 11:38:57,339 INFO clustering.embeddings: Embedding 127/377 data/courses/.files/2025/course-72938.yml
2026-07-03 11:38:57,392 INFO clustering.embeddings: Embedding 128/377 data/courses/.files/2025/course-72939.yml
2026-07-03 11:38:57,445 INFO clustering.embeddings: Embedding 129/377 data/courses/.files/2025/course-72940.yml
2026-07-03 11:38:57,499 INFO clustering.embeddings: Embedding 130/377 data/courses/.files/2025/course-72942.yml
2026-07-03 11:38:57,552 INFO clustering.embeddings: Embedding 131/377 data/courses/.files/2025/course-72945.yml
2026-07-03 11:38:57,605 INFO clustering.embeddings: Embedding 132/377 data/courses/.files/2025/course-73025.yml
2026-07-03 11:38:57,659 INFO clustering.embeddings: Embedding 133/377 data/courses/.files/2025/course-73092.yml
2026-07-03 11:38:57,712 INFO clustering.embeddings: Embedding 134/377 data/courses/.files/2025/course-73110.yml
2026-07-03 11:38:57,763 INFO clustering.embeddings: Embedding 135/377 data/courses/.files/2025/course-73149.yml
2026-07-03 11:38:57,818 INFO clustering.embeddings: Embedding 136/377 data/courses/.files/2025/course-73273.yml
2026-07-03 11:38:57,871 INFO clustering.embeddings: Embedding 137/377 data/courses/.files/2025/course-73302.yml
2026-07-03 11:38:57,924 INFO clustering.embeddings: Embedding 138/377 data/courses/.files/2025/course-73435.yml
2026-07-03 11:38:57,978 INFO clustering.embeddings: Embedding 139/377 data/courses/.files/2025/course-73731.yml
2026-07-03 11:38:58,031 INFO clustering.embeddings: Embedding 140/377 data/courses/.files/2025/course-75198.yml
2026-07-03 11:38:58,084 INFO clustering.embeddings: Embedding 141/377 data/courses/.files/2025/course-75835.yml
2026-07-03 11:38:58,138 INFO clustering.embeddings: Embedding 142/377 data/courses/.files/2025/course-75969-A.yml
2026-07-03 11:38:58,218 INFO clustering.embeddings: Embedding 143/377 data/courses/.files/2025/course-75969-B.yml
2026-07-03 11:38:58,271 INFO clustering.embeddings: Embedding 144/377 data/courses/.files/2025/course-76011.yml
2026-07-03 11:38:58,324 INFO clustering.embeddings: Embedding 145/377 data/courses/.files/2025/course-77780.yml
2026-07-03 11:38:58,377 INFO clustering.embeddings: Embedding 146/377 data/courses/.files/2025/course-77933.yml
2026-07-03 11:38:58,429 INFO clustering.embeddings: Embedding 147/377 data/courses/.files/2025/course-78096.yml
2026-07-03 11:38:58,480 INFO clustering.embeddings: Embedding 148/377 data/courses/.files/2025/course-78501.yml
2026-07-03 11:38:58,519 INFO clustering.embeddings: Embedding 149/377 data/courses/.files/2025/course-78510.yml
2026-07-03 11:38:58,570 INFO clustering.embeddings: Embedding 150/377 data/courses/.files/2025/course-78778.yml
2026-07-03 11:38:58,624 INFO clustering.embeddings: Embedding 151/377 data/courses/.files/2025/course-78779.yml
2026-07-03 11:38:58,678 INFO clustering.embeddings: Embedding 152/377 data/courses/.files/2025/course-78810.yml
2026-07-03 11:38:58,731 INFO clustering.embeddings: Embedding 153/377 data/courses/.files/2025/course-79194.yml
2026-07-03 11:38:58,784 INFO clustering.embeddings: Embedding 154/377 data/courses/.files/2025/course-81609.yml
2026-07-03 11:38:58,838 INFO clustering.embeddings: Embedding 155/377 data/courses/.files/2025/course-81610.yml
2026-07-03 11:38:58,891 INFO clustering.embeddings: Embedding 156/377 data/courses/.files/2025/course-81612.yml
2026-07-03 11:38:58,945 INFO clustering.embeddings: Embedding 157/377 data/courses/.files/2025/course-81649.yml
2026-07-03 11:38:58,998 INFO clustering.embeddings: Embedding 158/377 data/courses/.files/2025/course-81654.yml
2026-07-03 11:38:59,051 INFO clustering.embeddings: Embedding 159/377 data/courses/.files/2025/course-81672.yml
2026-07-03 11:38:59,105 INFO clustering.embeddings: Embedding 160/377 data/courses/.files/2025/course-81676.yml
2026-07-03 11:38:59,158 INFO clustering.embeddings: Embedding 161/377 data/courses/.files/2025/course-81678-A.yml
2026-07-03 11:38:59,211 INFO clustering.embeddings: Embedding 162/377 data/courses/.files/2025/course-81678-B.yml
2026-07-03 11:38:59,265 INFO clustering.embeddings: Embedding 163/377 data/courses/.files/2025/course-81683.yml
2026-07-03 11:38:59,316 INFO clustering.embeddings: Embedding 164/377 data/courses/.files/2025/course-81917.yml
2026-07-03 11:38:59,370 INFO clustering.embeddings: Embedding 165/377 data/courses/.files/2025/course-81932.yml
2026-07-03 11:38:59,423 INFO clustering.embeddings: Embedding 166/377 data/courses/.files/2025/course-81934.yml
2026-07-03 11:38:59,477 INFO clustering.embeddings: Embedding 167/377 data/courses/.files/2025/course-81940.yml
2026-07-03 11:38:59,530 INFO clustering.embeddings: Embedding 168/377 data/courses/.files/2025/course-81942.yml
2026-07-03 11:38:59,583 INFO clustering.embeddings: Embedding 169/377 data/courses/.files/2025/course-82202-A.yml
2026-07-03 11:38:59,637 INFO clustering.embeddings: Embedding 170/377 data/courses/.files/2025/course-82202-B.yml
2026-07-03 11:38:59,690 INFO clustering.embeddings: Embedding 171/377 data/courses/.files/2025/course-84258.yml
2026-07-03 11:38:59,743 INFO clustering.embeddings: Embedding 172/377 data/courses/.files/2025/course-84339.yml
2026-07-03 11:38:59,797 INFO clustering.embeddings: Embedding 173/377 data/courses/.files/2025/course-84401.yml
2026-07-03 11:38:59,850 INFO clustering.embeddings: Embedding 174/377 data/courses/.files/2025/course-84442.yml
2026-07-03 11:38:59,903 INFO clustering.embeddings: Embedding 175/377 data/courses/.files/2025/course-84530.yml
2026-07-03 11:38:59,957 INFO clustering.embeddings: Embedding 176/377 data/courses/.files/2025/course-84531.yml
2026-07-03 11:39:00,011 INFO clustering.embeddings: Embedding 177/377 data/courses/.files/2025/course-85189.yml
2026-07-03 11:39:00,064 INFO clustering.embeddings: Embedding 178/377 data/courses/.files/2025/course-85285.yml
2026-07-03 11:39:00,117 INFO clustering.embeddings: Embedding 179/377 data/courses/.files/2025/course-85301.yml
2026-07-03 11:39:00,170 INFO clustering.embeddings: Embedding 180/377 data/courses/.files/2025/course-85445.yml
2026-07-03 11:39:00,224 INFO clustering.embeddings: Embedding 181/377 data/courses/.files/2025/course-85446.yml
2026-07-03 11:39:00,277 INFO clustering.embeddings: Embedding 182/377 data/courses/.files/2025/course-85573.yml
2026-07-03 11:39:00,329 INFO clustering.embeddings: Embedding 183/377 data/courses/.files/2025/course-85728.yml
2026-07-03 11:39:00,382 INFO clustering.embeddings: Embedding 184/377 data/courses/.files/2025/course-85730.yml
2026-07-03 11:39:00,464 INFO clustering.embeddings: Embedding 185/377 data/courses/.files/2025/course-85733.yml
2026-07-03 11:39:00,517 INFO clustering.embeddings: Embedding 186/377 data/courses/.files/2025/course-85734.yml
2026-07-03 11:39:00,569 INFO clustering.embeddings: Embedding 187/377 data/courses/.files/2025/course-87198.yml
2026-07-03 11:39:00,623 INFO clustering.embeddings: Embedding 188/377 data/courses/.files/2025/course-87469.yml
2026-07-03 11:39:00,676 INFO clustering.embeddings: Embedding 189/377 data/courses/.files/2025/course-87474.yml
2026-07-03 11:39:00,730 INFO clustering.embeddings: Embedding 190/377 data/courses/.files/2025/course-87898.yml
2026-07-03 11:39:00,783 INFO clustering.embeddings: Embedding 191/377 data/courses/.files/2025/course-87901.yml
2026-07-03 11:39:00,836 INFO clustering.embeddings: Embedding 192/377 data/courses/.files/2025/course-88016.yml
2026-07-03 11:39:00,890 INFO clustering.embeddings: Embedding 193/377 data/courses/.files/2025/course-88145.yml
2026-07-03 11:39:00,943 INFO clustering.embeddings: Embedding 194/377 data/courses/.files/2025/course-88146.yml
2026-07-03 11:39:00,996 INFO clustering.embeddings: Embedding 195/377 data/courses/.files/2025/course-88154.yml
2026-07-03 11:39:01,050 INFO clustering.embeddings: Embedding 196/377 data/courses/.files/2025/course-88155.yml
2026-07-03 11:39:01,103 INFO clustering.embeddings: Embedding 197/377 data/courses/.files/2025/course-88202.yml
2026-07-03 11:39:01,157 INFO clustering.embeddings: Embedding 198/377 data/courses/.files/2025/course-88228.yml
2026-07-03 11:39:01,210 INFO clustering.embeddings: Embedding 199/377 data/courses/.files/2025/course-88230.yml
2026-07-03 11:39:01,264 INFO clustering.embeddings: Embedding 200/377 data/courses/.files/2025/course-88324.yml
2026-07-03 11:39:01,317 INFO clustering.embeddings: Embedding 201/377 data/courses/.files/2025/course-88325.yml
2026-07-03 11:39:01,370 INFO clustering.embeddings: Embedding 202/377 data/courses/.files/2025/course-88566.yml
2026-07-03 11:39:01,424 INFO clustering.embeddings: Embedding 203/377 data/courses/.files/2025/course-89988.yml
2026-07-03 11:39:01,477 INFO clustering.embeddings: Embedding 204/377 data/courses/.files/2025/course-90074.yml
2026-07-03 11:39:01,530 INFO clustering.embeddings: Embedding 205/377 data/courses/.files/2025/course-90106-A.yml
2026-07-03 11:39:01,584 INFO clustering.embeddings: Embedding 206/377 data/courses/.files/2025/course-90106-B.yml
2026-07-03 11:39:01,637 INFO clustering.embeddings: Embedding 207/377 data/courses/.files/2025/course-90107.yml
2026-07-03 11:39:01,690 INFO clustering.embeddings: Embedding 208/377 data/courses/.files/2025/course-90147.yml
2026-07-03 11:39:01,744 INFO clustering.embeddings: Embedding 209/377 data/courses/.files/2025/course-90157.yml
2026-07-03 11:39:01,797 INFO clustering.embeddings: Embedding 210/377 data/courses/.files/2025/course-90392.yml
2026-07-03 11:39:01,850 INFO clustering.embeddings: Embedding 211/377 data/courses/.files/2025/course-90477.yml
2026-07-03 11:39:01,904 INFO clustering.embeddings: Embedding 212/377 data/courses/.files/2025/course-90720.yml
2026-07-03 11:39:01,957 INFO clustering.embeddings: Embedding 213/377 data/courses/.files/2025/course-90730.yml
2026-07-03 11:39:02,010 INFO clustering.embeddings: Embedding 214/377 data/courses/.files/2025/course-90748.yml
2026-07-03 11:39:02,064 INFO clustering.embeddings: Embedding 215/377 data/courses/.files/2025/course-90749.yml
2026-07-03 11:39:02,117 INFO clustering.embeddings: Embedding 216/377 data/courses/.files/2025/course-90864.yml
2026-07-03 11:39:02,170 INFO clustering.embeddings: Embedding 217/377 data/courses/.files/2025/course-91161.yml
2026-07-03 11:39:02,252 INFO clustering.embeddings: Embedding 218/377 data/courses/.files/2025/course-91248.yml
2026-07-03 11:39:02,305 INFO clustering.embeddings: Embedding 219/377 data/courses/.files/2025/course-91250-A.yml
2026-07-03 11:39:02,358 INFO clustering.embeddings: Embedding 220/377 data/courses/.files/2025/course-91250-B.yml
2026-07-03 11:39:02,411 INFO clustering.embeddings: Embedding 221/377 data/courses/.files/2025/course-91250-C.yml
2026-07-03 11:39:02,464 INFO clustering.embeddings: Embedding 222/377 data/courses/.files/2025/course-91250-D.yml
2026-07-03 11:39:02,519 INFO clustering.embeddings: Embedding 223/377 data/courses/.files/2025/course-91254.yml
2026-07-03 11:39:02,571 INFO clustering.embeddings: Embedding 224/377 data/courses/.files/2025/course-91258-A.yml
2026-07-03 11:39:02,624 INFO clustering.embeddings: Embedding 225/377 data/courses/.files/2025/course-91258-B.yml
2026-07-03 11:39:02,677 INFO clustering.embeddings: Embedding 226/377 data/courses/.files/2025/course-91258-C.yml
2026-07-03 11:39:02,731 INFO clustering.embeddings: Embedding 227/377 data/courses/.files/2025/course-91259.yml
2026-07-03 11:39:02,784 INFO clustering.embeddings: Embedding 228/377 data/courses/.files/2025/course-91261.yml
2026-07-03 11:39:02,838 INFO clustering.embeddings: Embedding 229/377 data/courses/.files/2025/course-91264.yml
2026-07-03 11:39:02,891 INFO clustering.embeddings: Embedding 230/377 data/courses/.files/2025/course-91265.yml
2026-07-03 11:39:02,944 INFO clustering.embeddings: Embedding 231/377 data/courses/.files/2025/course-91266.yml
2026-07-03 11:39:02,998 INFO clustering.embeddings: Embedding 232/377 data/courses/.files/2025/course-91267.yml
2026-07-03 11:39:03,052 INFO clustering.embeddings: Embedding 233/377 data/courses/.files/2025/course-91269.yml
2026-07-03 11:39:03,104 INFO clustering.embeddings: Embedding 234/377 data/courses/.files/2025/course-91411.yml
2026-07-03 11:39:03,156 INFO clustering.embeddings: Embedding 235/377 data/courses/.files/2025/course-91602.yml
2026-07-03 11:39:03,207 INFO clustering.embeddings: Embedding 236/377 data/courses/.files/2025/course-91685.yml
2026-07-03 11:39:03,261 INFO clustering.embeddings: Embedding 237/377 data/courses/.files/2025/course-91721.yml
2026-07-03 11:39:03,314 INFO clustering.embeddings: Embedding 238/377 data/courses/.files/2025/course-91762.yml
2026-07-03 11:39:03,368 INFO clustering.embeddings: Embedding 239/377 data/courses/.files/2025/course-92858.yml
2026-07-03 11:39:03,421 INFO clustering.embeddings: Embedding 240/377 data/courses/.files/2025/course-93034-A.yml
2026-07-03 11:39:03,474 INFO clustering.embeddings: Embedding 241/377 data/courses/.files/2025/course-93034-B.yml
2026-07-03 11:39:03,529 INFO clustering.embeddings: Embedding 242/377 data/courses/.files/2025/course-93034-C.yml
2026-07-03 11:39:03,584 INFO clustering.embeddings: Embedding 243/377 data/courses/.files/2025/course-93315.yml
2026-07-03 11:39:03,636 INFO clustering.embeddings: Embedding 244/377 data/courses/.files/2025/course-93319.yml
2026-07-03 11:39:03,687 INFO clustering.embeddings: Embedding 245/377 data/courses/.files/2025/course-93321.yml
2026-07-03 11:39:03,741 INFO clustering.embeddings: Embedding 246/377 data/courses/.files/2025/course-93322.yml
2026-07-03 11:39:03,795 INFO clustering.embeddings: Embedding 247/377 data/courses/.files/2025/course-93333.yml
2026-07-03 11:39:03,848 INFO clustering.embeddings: Embedding 248/377 data/courses/.files/2025/course-93363.yml
2026-07-03 11:39:03,899 INFO clustering.embeddings: Embedding 249/377 data/courses/.files/2025/course-93379.yml
2026-07-03 11:39:03,953 INFO clustering.embeddings: Embedding 250/377 data/courses/.files/2025/course-93390.yml
2026-07-03 11:39:04,007 INFO clustering.embeddings: Embedding 251/377 data/courses/.files/2025/course-93391.yml
2026-07-03 11:39:04,087 INFO clustering.embeddings: Embedding 252/377 data/courses/.files/2025/course-93392.yml
2026-07-03 11:39:04,140 INFO clustering.embeddings: Embedding 253/377 data/courses/.files/2025/course-93395.yml
2026-07-03 11:39:04,193 INFO clustering.embeddings: Embedding 254/377 data/courses/.files/2025/course-93398.yml
2026-07-03 11:39:04,246 INFO clustering.embeddings: Embedding 255/377 data/courses/.files/2025/course-93466.yml
2026-07-03 11:39:04,300 INFO clustering.embeddings: Embedding 256/377 data/courses/.files/2025/course-93467.yml
2026-07-03 11:39:04,353 INFO clustering.embeddings: Embedding 257/377 data/courses/.files/2025/course-93468.yml
2026-07-03 11:39:04,406 INFO clustering.embeddings: Embedding 258/377 data/courses/.files/2025/course-93469.yml
2026-07-03 11:39:04,460 INFO clustering.embeddings: Embedding 259/377 data/courses/.files/2025/course-93470-A.yml
2026-07-03 11:39:04,512 INFO clustering.embeddings: Embedding 260/377 data/courses/.files/2025/course-93470-B.yml
2026-07-03 11:39:04,563 INFO clustering.embeddings: Embedding 261/377 data/courses/.files/2025/course-93478.yml
2026-07-03 11:39:04,618 INFO clustering.embeddings: Embedding 262/377 data/courses/.files/2025/course-93653.yml
2026-07-03 11:39:04,673 INFO clustering.embeddings: Embedding 263/377 data/courses/.files/2025/course-93669.yml
2026-07-03 11:39:04,725 INFO clustering.embeddings: Embedding 264/377 data/courses/.files/2025/course-93929.yml
2026-07-03 11:39:04,776 INFO clustering.embeddings: Embedding 265/377 data/courses/.files/2025/course-94247.yml
2026-07-03 11:39:04,828 INFO clustering.embeddings: Embedding 266/377 data/courses/.files/2025/course-94272.yml
2026-07-03 11:39:04,879 INFO clustering.embeddings: Embedding 267/377 data/courses/.files/2025/course-94442.yml
2026-07-03 11:39:04,931 INFO clustering.embeddings: Embedding 268/377 data/courses/.files/2025/course-95602.yml
2026-07-03 11:39:04,982 INFO clustering.embeddings: Embedding 269/377 data/courses/.files/2025/course-95604.yml
2026-07-03 11:39:05,033 INFO clustering.embeddings: Embedding 270/377 data/courses/.files/2025/course-95605.yml
2026-07-03 11:39:05,087 INFO clustering.embeddings: Embedding 271/377 data/courses/.files/2025/course-95611.yml
2026-07-03 11:39:05,140 INFO clustering.embeddings: Embedding 272/377 data/courses/.files/2025/course-95627.yml
2026-07-03 11:39:05,194 INFO clustering.embeddings: Embedding 273/377 data/courses/.files/2025/course-95630.yml
2026-07-03 11:39:05,247 INFO clustering.embeddings: Embedding 274/377 data/courses/.files/2025/course-95631-A.yml
2026-07-03 11:39:05,301 INFO clustering.embeddings: Embedding 275/377 data/courses/.files/2025/course-95631-B.yml
2026-07-03 11:39:05,354 INFO clustering.embeddings: Embedding 276/377 data/courses/.files/2025/course-95632.yml
2026-07-03 11:39:05,407 INFO clustering.embeddings: Embedding 277/377 data/courses/.files/2025/course-95638.yml
2026-07-03 11:39:05,460 INFO clustering.embeddings: Embedding 278/377 data/courses/.files/2025/course-95639.yml
2026-07-03 11:39:05,514 INFO clustering.embeddings: Embedding 279/377 data/courses/.files/2025/course-95644.yml
2026-07-03 11:39:05,567 INFO clustering.embeddings: Embedding 280/377 data/courses/.files/2025/course-95645.yml
2026-07-03 11:39:05,621 INFO clustering.embeddings: Embedding 281/377 data/courses/.files/2025/course-95646.yml
2026-07-03 11:39:05,674 INFO clustering.embeddings: Embedding 282/377 data/courses/.files/2025/course-95648.yml
2026-07-03 11:39:05,728 INFO clustering.embeddings: Embedding 283/377 data/courses/.files/2025/course-95782.yml
2026-07-03 11:39:05,781 INFO clustering.embeddings: Embedding 284/377 data/courses/.files/2025/course-95965.yml
2026-07-03 11:39:05,834 INFO clustering.embeddings: Embedding 285/377 data/courses/.files/2025/course-96007.yml
2026-07-03 11:39:05,887 INFO clustering.embeddings: Embedding 286/377 data/courses/.files/2025/course-96142.yml
2026-07-03 11:39:05,941 INFO clustering.embeddings: Embedding 287/377 data/courses/.files/2025/course-96143.yml
2026-07-03 11:39:05,994 INFO clustering.embeddings: Embedding 288/377 data/courses/.files/2025/course-96346-A.yml
2026-07-03 11:39:06,048 INFO clustering.embeddings: Embedding 289/377 data/courses/.files/2025/course-96346-B.yml
2026-07-03 11:39:06,101 INFO clustering.embeddings: Embedding 290/377 data/courses/.files/2025/course-96346-C.yml
2026-07-03 11:39:06,154 INFO clustering.embeddings: Embedding 291/377 data/courses/.files/2025/course-96642.yml
2026-07-03 11:39:06,208 INFO clustering.embeddings: Embedding 292/377 data/courses/.files/2025/course-96725-A.yml
2026-07-03 11:39:06,261 INFO clustering.embeddings: Embedding 293/377 data/courses/.files/2025/course-96725-B.yml
2026-07-03 11:39:06,315 INFO clustering.embeddings: Embedding 294/377 data/courses/.files/2025/course-96793.yml
2026-07-03 11:39:06,368 INFO clustering.embeddings: Embedding 295/377 data/courses/.files/2025/course-96859.yml
2026-07-03 11:39:06,421 INFO clustering.embeddings: Embedding 296/377 data/courses/.files/2025/course-96994.yml
2026-07-03 11:39:06,474 INFO clustering.embeddings: Embedding 297/377 data/courses/.files/2025/course-96995.yml
2026-07-03 11:39:06,528 INFO clustering.embeddings: Embedding 298/377 data/courses/.files/2025/course-97431.yml
2026-07-03 11:39:06,583 INFO clustering.embeddings: Embedding 299/377 data/courses/.files/2025/course-97466.yml
2026-07-03 11:39:06,634 INFO clustering.embeddings: Embedding 300/377 data/courses/.files/2025/course-97467.yml
2026-07-03 11:39:06,688 INFO clustering.embeddings: Embedding 301/377 data/courses/.files/2025/course-98618.yml
2026-07-03 11:39:06,743 INFO clustering.embeddings: Embedding 302/377 data/courses/.files/2025/course-98671.yml
2026-07-03 11:39:06,795 INFO clustering.embeddings: Embedding 303/377 data/courses/.files/2025/course-98735.yml
2026-07-03 11:39:06,849 INFO clustering.embeddings: Embedding 304/377 data/courses/.files/2025/course-98931.yml
2026-07-03 11:39:06,902 INFO clustering.embeddings: Embedding 305/377 data/courses/.files/2025/course-99191.yml
2026-07-03 11:39:06,955 INFO clustering.embeddings: Embedding 306/377 data/courses/.files/2025/course-99192.yml
2026-07-03 11:39:07,008 INFO clustering.embeddings: Embedding 307/377 data/courses/.files/2025/course-99195.yml
2026-07-03 11:39:07,062 INFO clustering.embeddings: Embedding 308/377 data/courses/.files/2025/course-B0009.yml
2026-07-03 11:39:07,115 INFO clustering.embeddings: Embedding 309/377 data/courses/.files/2025/course-B0010.yml
2026-07-03 11:39:07,168 INFO clustering.embeddings: Embedding 310/377 data/courses/.files/2025/course-B0011.yml
2026-07-03 11:39:07,222 INFO clustering.embeddings: Embedding 311/377 data/courses/.files/2025/course-B0061.yml
2026-07-03 11:39:07,275 INFO clustering.embeddings: Embedding 312/377 data/courses/.files/2025/course-B0063.yml
2026-07-03 11:39:07,329 INFO clustering.embeddings: Embedding 313/377 data/courses/.files/2025/course-B0064.yml
2026-07-03 11:39:07,383 INFO clustering.embeddings: Embedding 314/377 data/courses/.files/2025/course-B0069.yml
2026-07-03 11:39:07,438 INFO clustering.embeddings: Embedding 315/377 data/courses/.files/2025/course-B0070.yml
2026-07-03 11:39:07,492 INFO clustering.embeddings: Embedding 316/377 data/courses/.files/2025/course-B0073.yml
2026-07-03 11:39:07,545 INFO clustering.embeddings: Embedding 317/377 data/courses/.files/2025/course-B0074.yml
2026-07-03 11:39:07,598 INFO clustering.embeddings: Embedding 318/377 data/courses/.files/2025/course-B0159.yml
2026-07-03 11:39:07,650 INFO clustering.embeddings: Embedding 319/377 data/courses/.files/2025/course-B0385.yml
2026-07-03 11:39:07,703 INFO clustering.embeddings: Embedding 320/377 data/courses/.files/2025/course-B0832.yml
2026-07-03 11:39:07,757 INFO clustering.embeddings: Embedding 321/377 data/courses/.files/2025/course-B0833.yml
2026-07-03 11:39:07,810 INFO clustering.embeddings: Embedding 322/377 data/courses/.files/2025/course-B1459.yml
2026-07-03 11:39:07,863 INFO clustering.embeddings: Embedding 323/377 data/courses/.files/2025/course-B1703.yml
2026-07-03 11:39:07,917 INFO clustering.embeddings: Embedding 324/377 data/courses/.files/2025/course-B1873.yml
2026-07-03 11:39:07,970 INFO clustering.embeddings: Embedding 325/377 data/courses/.files/2025/course-B1874.yml
2026-07-03 11:39:08,023 INFO clustering.embeddings: Embedding 326/377 data/courses/.files/2025/course-B2125.yml
2026-07-03 11:39:08,077 INFO clustering.embeddings: Embedding 327/377 data/courses/.files/2025/course-B2133.yml
2026-07-03 11:39:08,129 INFO clustering.embeddings: Embedding 328/377 data/courses/.files/2025/course-B2250.yml
2026-07-03 11:39:08,183 INFO clustering.embeddings: Embedding 329/377 data/courses/.files/2025/course-B2361.yml
2026-07-03 11:39:08,266 INFO clustering.embeddings: Embedding 330/377 data/courses/.files/2025/course-B2696.yml
2026-07-03 11:39:08,319 INFO clustering.embeddings: Embedding 331/377 data/courses/.files/2025/course-B3567.yml
2026-07-03 11:39:08,372 INFO clustering.embeddings: Embedding 332/377 data/courses/.files/2025/course-B4826.yml
2026-07-03 11:39:08,426 INFO clustering.embeddings: Embedding 333/377 data/courses/.files/2025/course-B4913.yml
2026-07-03 11:39:08,479 INFO clustering.embeddings: Embedding 334/377 data/courses/.files/2025/course-B4925.yml
2026-07-03 11:39:08,532 INFO clustering.embeddings: Embedding 335/377 data/courses/.files/2025/course-B4940.yml
2026-07-03 11:39:08,586 INFO clustering.embeddings: Embedding 336/377 data/courses/.files/2025/course-B4948.yml
2026-07-03 11:39:08,637 INFO clustering.embeddings: Embedding 337/377 data/courses/.files/2025/course-B5026.yml
2026-07-03 11:39:08,688 INFO clustering.embeddings: Embedding 338/377 data/courses/.files/2025/course-B5059.yml
2026-07-03 11:39:08,742 INFO clustering.embeddings: Embedding 339/377 data/courses/.files/2025/course-B5079.yml
2026-07-03 11:39:08,795 INFO clustering.embeddings: Embedding 340/377 data/courses/.files/2025/course-B5292.yml
2026-07-03 11:39:08,849 INFO clustering.embeddings: Embedding 341/377 data/courses/.files/2025/course-B5293.yml
2026-07-03 11:39:08,902 INFO clustering.embeddings: Embedding 342/377 data/courses/.files/2025/course-B5474.yml
2026-07-03 11:39:08,955 INFO clustering.embeddings: Embedding 343/377 data/courses/.files/2025/course-B5665.yml
2026-07-03 11:39:09,009 INFO clustering.embeddings: Embedding 344/377 data/courses/.files/2025/course-B5674.yml
2026-07-03 11:39:09,062 INFO clustering.embeddings: Embedding 345/377 data/courses/.files/2025/course-B5722.yml
2026-07-03 11:39:09,115 INFO clustering.embeddings: Embedding 346/377 data/courses/.files/2025/course-B5727.yml
2026-07-03 11:39:09,169 INFO clustering.embeddings: Embedding 347/377 data/courses/.files/2025/course-B5780.yml
2026-07-03 11:39:09,222 INFO clustering.embeddings: Embedding 348/377 data/courses/.files/2025/course-B5782.yml
2026-07-03 11:39:09,276 INFO clustering.embeddings: Embedding 349/377 data/courses/.files/2025/course-B5793.yml
2026-07-03 11:39:09,329 INFO clustering.embeddings: Embedding 350/377 data/courses/.files/2025/course-B5796.yml
2026-07-03 11:39:09,382 INFO clustering.embeddings: Embedding 351/377 data/courses/.files/2025/course-B5812.yml
2026-07-03 11:39:09,436 INFO clustering.embeddings: Embedding 352/377 data/courses/.files/2025/course-B6082.yml
2026-07-03 11:39:09,489 INFO clustering.embeddings: Embedding 353/377 data/courses/.files/2025/course-B8018.yml
2026-07-03 11:39:09,543 INFO clustering.embeddings: Embedding 354/377 data/courses/.files/2025/course-B8019.yml
2026-07-03 11:39:09,596 INFO clustering.embeddings: Embedding 355/377 data/courses/.files/2025/course-B8105.yml
2026-07-03 11:39:09,647 INFO clustering.embeddings: Embedding 356/377 data/courses/.files/2025/course-B8159.yml
2026-07-03 11:39:09,701 INFO clustering.embeddings: Embedding 357/377 data/courses/.files/2025/course-B8309.yml
2026-07-03 11:39:09,742 INFO clustering.embeddings: Embedding 358/377 data/courses/.files/2025/course-B8310.yml
2026-07-03 11:39:09,781 INFO clustering.embeddings: Embedding 359/377 data/courses/.files/2025/course-B8311.yml
2026-07-03 11:39:09,833 INFO clustering.embeddings: Embedding 360/377 data/courses/.files/2025/course-B8378.yml
2026-07-03 11:39:09,886 INFO clustering.embeddings: Embedding 361/377 data/courses/.files/2025/course-B8379.yml
2026-07-03 11:39:09,940 INFO clustering.embeddings: Embedding 362/377 data/courses/.files/2025/course-B8390.yml
2026-07-03 11:39:09,993 INFO clustering.embeddings: Embedding 363/377 data/courses/.files/2025/course-B8396.yml
2026-07-03 11:39:10,074 INFO clustering.embeddings: Embedding 364/377 data/courses/.files/2025/course-B8536-A.yml
2026-07-03 11:39:10,126 INFO clustering.embeddings: Embedding 365/377 data/courses/.files/2025/course-B8536-B.yml
2026-07-03 11:39:10,179 INFO clustering.embeddings: Embedding 366/377 data/courses/.files/2025/course-B8536-C.yml
2026-07-03 11:39:10,233 INFO clustering.embeddings: Embedding 367/377 data/courses/.files/2025/course-B8554-A.yml
2026-07-03 11:39:10,286 INFO clustering.embeddings: Embedding 368/377 data/courses/.files/2025/course-B8554-B.yml
2026-07-03 11:39:10,340 INFO clustering.embeddings: Embedding 369/377 data/courses/.files/2025/course-B8561.yml
2026-07-03 11:39:10,393 INFO clustering.embeddings: Embedding 370/377 data/courses/.files/2025/course-B8562.yml
2026-07-03 11:39:10,446 INFO clustering.embeddings: Embedding 371/377 data/courses/.files/2025/course-B8563.yml
2026-07-03 11:39:10,500 INFO clustering.embeddings: Embedding 372/377 data/courses/.files/2025/course-B8603.yml
2026-07-03 11:39:10,553 INFO clustering.embeddings: Embedding 373/377 data/courses/.files/2025/course-B8836.yml
2026-07-03 11:39:10,606 INFO clustering.embeddings: Embedding 374/377 data/courses/.files/2025/course-B8905.yml
2026-07-03 11:39:10,660 INFO clustering.embeddings: Embedding 375/377 data/courses/.files/2025/course-B8929.yml
2026-07-03 11:39:10,713 INFO clustering.embeddings: Embedding 376/377 data/courses/.files/2025/course-B9254.yml
2026-07-03 11:39:10,766 INFO clustering.embeddings: Embedding 377/377 data/courses/.files/2025/course-C7674.yml
run_dir: data/clusters/runs/2025-20260703-114011-agglomerative
