2026-07-15 12:03:25,394 INFO clustering.embeddings: Embedding 1/293 data/courses/.files/2025/course-00819-A.yml
2026-07-15 12:03:25,452 INFO clustering.embeddings: Embedding 2/293 data/courses/.files/2025/course-00819-B.yml
2026-07-15 12:03:25,509 INFO clustering.embeddings: Embedding 3/293 data/courses/.files/2025/course-00819.yml
2026-07-15 12:03:25,565 INFO clustering.embeddings: Embedding 4/293 data/courses/.files/2025/course-03716.yml
2026-07-15 12:03:25,622 INFO clustering.embeddings: Embedding 5/293 data/courses/.files/2025/course-04138.yml
2026-07-15 12:03:25,680 INFO clustering.embeddings: Embedding 6/293 data/courses/.files/2025/course-07276-A.yml
2026-07-15 12:03:25,737 INFO clustering.embeddings: Embedding 7/293 data/courses/.files/2025/course-07276-B.yml
2026-07-15 12:03:25,795 INFO clustering.embeddings: Embedding 8/293 data/courses/.files/2025/course-07276-C.yml
2026-07-15 12:03:25,864 INFO clustering.embeddings: Embedding 9/293 data/courses/.files/2025/course-07276.yml
2026-07-15 12:03:25,922 INFO clustering.embeddings: Embedding 10/293 data/courses/.files/2025/course-08574-A.yml
2026-07-15 12:03:25,979 INFO clustering.embeddings: Embedding 11/293 data/courses/.files/2025/course-08574-B.yml
2026-07-15 12:03:26,036 INFO clustering.embeddings: Embedding 12/293 data/courses/.files/2025/course-08574.yml
2026-07-15 12:03:26,093 INFO clustering.embeddings: Embedding 13/293 data/courses/.files/2025/course-09032.yml
2026-07-15 12:03:26,150 INFO clustering.embeddings: Embedding 14/293 data/courses/.files/2025/course-09679.yml
2026-07-15 12:03:26,207 INFO clustering.embeddings: Embedding 15/293 data/courses/.files/2025/course-09730-A.yml
2026-07-15 12:03:26,263 INFO clustering.embeddings: Embedding 16/293 data/courses/.files/2025/course-09730.yml
2026-07-15 12:03:26,320 INFO clustering.embeddings: Embedding 17/293 data/courses/.files/2025/course-10906-A.yml
2026-07-15 12:03:26,377 INFO clustering.embeddings: Embedding 18/293 data/courses/.files/2025/course-10906.yml
2026-07-15 12:03:26,434 INFO clustering.embeddings: Embedding 19/293 data/courses/.files/2025/course-11925.yml
2026-07-15 12:03:26,490 INFO clustering.embeddings: Embedding 20/293 data/courses/.files/2025/course-11929-A.yml
2026-07-15 12:03:26,547 INFO clustering.embeddings: Embedding 21/293 data/courses/.files/2025/course-11929-B.yml
2026-07-15 12:03:26,604 INFO clustering.embeddings: Embedding 22/293 data/courses/.files/2025/course-11929.yml
2026-07-15 12:03:26,661 INFO clustering.embeddings: Embedding 23/293 data/courses/.files/2025/course-11933.yml
2026-07-15 12:03:26,717 INFO clustering.embeddings: Embedding 24/293 data/courses/.files/2025/course-14015.yml
2026-07-15 12:03:26,774 INFO clustering.embeddings: Embedding 25/293 data/courses/.files/2025/course-15305.yml
2026-07-15 12:03:26,831 INFO clustering.embeddings: Embedding 26/293 data/courses/.files/2025/course-15920.yml
2026-07-15 12:03:26,888 INFO clustering.embeddings: Embedding 27/293 data/courses/.files/2025/course-16692.yml
2026-07-15 12:03:26,944 INFO clustering.embeddings: Embedding 28/293 data/courses/.files/2025/course-16870.yml
2026-07-15 12:03:27,001 INFO clustering.embeddings: Embedding 29/293 data/courses/.files/2025/course-17628.yml
2026-07-15 12:03:27,058 INFO clustering.embeddings: Embedding 30/293 data/courses/.files/2025/course-17634.yml
2026-07-15 12:03:27,115 INFO clustering.embeddings: Embedding 31/293 data/courses/.files/2025/course-20741.yml
2026-07-15 12:03:27,158 INFO clustering.embeddings: Embedding 32/293 data/courses/.files/2025/course-27311-A.yml
2026-07-15 12:03:27,216 INFO clustering.embeddings: Embedding 33/293 data/courses/.files/2025/course-27311.yml
2026-07-15 12:03:27,273 INFO clustering.embeddings: Embedding 34/293 data/courses/.files/2025/course-28004.yml
2026-07-15 12:03:27,332 INFO clustering.embeddings: Embedding 35/293 data/courses/.files/2025/course-28011-A.yml
2026-07-15 12:03:27,400 INFO clustering.embeddings: Embedding 36/293 data/courses/.files/2025/course-28011.yml
2026-07-15 12:03:27,457 INFO clustering.embeddings: Embedding 37/293 data/courses/.files/2025/course-28012-A.yml
2026-07-15 12:03:27,513 INFO clustering.embeddings: Embedding 38/293 data/courses/.files/2025/course-28012.yml
2026-07-15 12:03:27,570 INFO clustering.embeddings: Embedding 39/293 data/courses/.files/2025/course-28020.yml
2026-07-15 12:03:27,627 INFO clustering.embeddings: Embedding 40/293 data/courses/.files/2025/course-28021.yml
2026-07-15 12:03:27,685 INFO clustering.embeddings: Embedding 41/293 data/courses/.files/2025/course-28024.yml
2026-07-15 12:03:27,749 INFO clustering.embeddings: Embedding 42/293 data/courses/.files/2025/course-28027.yml
2026-07-15 12:03:27,811 INFO clustering.embeddings: Embedding 43/293 data/courses/.files/2025/course-28040.yml
2026-07-15 12:03:27,868 INFO clustering.embeddings: Embedding 44/293 data/courses/.files/2025/course-28106.yml
2026-07-15 12:03:27,925 INFO clustering.embeddings: Embedding 45/293 data/courses/.files/2025/course-28623.yml
2026-07-15 12:03:27,982 INFO clustering.embeddings: Embedding 46/293 data/courses/.files/2025/course-28652.yml
2026-07-15 12:03:28,039 INFO clustering.embeddings: Embedding 47/293 data/courses/.files/2025/course-28659.yml
2026-07-15 12:03:28,097 INFO clustering.embeddings: Embedding 48/293 data/courses/.files/2025/course-28796.yml
2026-07-15 12:03:28,153 INFO clustering.embeddings: Embedding 49/293 data/courses/.files/2025/course-29227-A.yml
2026-07-15 12:03:28,210 INFO clustering.embeddings: Embedding 50/293 data/courses/.files/2025/course-29227-B.yml
2026-07-15 12:03:28,267 INFO clustering.embeddings: Embedding 51/293 data/courses/.files/2025/course-29227.yml
2026-07-15 12:03:28,324 INFO clustering.embeddings: Embedding 52/293 data/courses/.files/2025/course-30376.yml
2026-07-15 12:03:28,381 INFO clustering.embeddings: Embedding 53/293 data/courses/.files/2025/course-37085.yml
2026-07-15 12:03:28,438 INFO clustering.embeddings: Embedding 54/293 data/courses/.files/2025/course-37262.yml
2026-07-15 12:03:28,495 INFO clustering.embeddings: Embedding 55/293 data/courses/.files/2025/course-37635.yml
2026-07-15 12:03:28,552 INFO clustering.embeddings: Embedding 56/293 data/courses/.files/2025/course-37760.yml
2026-07-15 12:03:28,609 INFO clustering.embeddings: Embedding 57/293 data/courses/.files/2025/course-37925.yml
2026-07-15 12:03:28,667 INFO clustering.embeddings: Embedding 58/293 data/courses/.files/2025/course-39176.yml
2026-07-15 12:03:28,725 INFO clustering.embeddings: Embedding 59/293 data/courses/.files/2025/course-40720.yml
2026-07-15 12:03:28,784 INFO clustering.embeddings: Embedding 60/293 data/courses/.files/2025/course-41169.yml
2026-07-15 12:03:28,854 INFO clustering.embeddings: Embedding 61/293 data/courses/.files/2025/course-41588.yml
2026-07-15 12:03:28,911 INFO clustering.embeddings: Embedding 62/293 data/courses/.files/2025/course-41731-A.yml
2026-07-15 12:03:28,968 INFO clustering.embeddings: Embedding 63/293 data/courses/.files/2025/course-41731.yml
2026-07-15 12:03:29,026 INFO clustering.embeddings: Embedding 64/293 data/courses/.files/2025/course-42500.yml
2026-07-15 12:03:29,083 INFO clustering.embeddings: Embedding 65/293 data/courses/.files/2025/course-47240.yml
2026-07-15 12:03:29,140 INFO clustering.embeddings: Embedding 66/293 data/courses/.files/2025/course-48693-A.yml
2026-07-15 12:03:29,197 INFO clustering.embeddings: Embedding 67/293 data/courses/.files/2025/course-48693.yml
2026-07-15 12:03:29,254 INFO clustering.embeddings: Embedding 68/293 data/courses/.files/2025/course-57828.yml
2026-07-15 12:03:29,312 INFO clustering.embeddings: Embedding 69/293 data/courses/.files/2025/course-58348.yml
2026-07-15 12:03:29,369 INFO clustering.embeddings: Embedding 70/293 data/courses/.files/2025/course-58423.yml
2026-07-15 12:03:29,427 INFO clustering.embeddings: Embedding 71/293 data/courses/.files/2025/course-58437.yml
2026-07-15 12:03:29,484 INFO clustering.embeddings: Embedding 72/293 data/courses/.files/2025/course-60348.yml
2026-07-15 12:03:29,541 INFO clustering.embeddings: Embedding 73/293 data/courses/.files/2025/course-65094.yml
2026-07-15 12:03:29,598 INFO clustering.embeddings: Embedding 74/293 data/courses/.files/2025/course-66857.yml
2026-07-15 12:03:29,656 INFO clustering.embeddings: Embedding 75/293 data/courses/.files/2025/course-66858.yml
2026-07-15 12:03:29,713 INFO clustering.embeddings: Embedding 76/293 data/courses/.files/2025/course-66860.yml
2026-07-15 12:03:29,770 INFO clustering.embeddings: Embedding 77/293 data/courses/.files/2025/course-66870.yml
2026-07-15 12:03:29,827 INFO clustering.embeddings: Embedding 78/293 data/courses/.files/2025/course-69259.yml
2026-07-15 12:03:29,884 INFO clustering.embeddings: Embedding 79/293 data/courses/.files/2025/course-69430.yml
2026-07-15 12:03:29,941 INFO clustering.embeddings: Embedding 80/293 data/courses/.files/2025/course-69661.yml
2026-07-15 12:03:29,998 INFO clustering.embeddings: Embedding 81/293 data/courses/.files/2025/course-69731.yml
2026-07-15 12:03:30,055 INFO clustering.embeddings: Embedding 82/293 data/courses/.files/2025/course-69867.yml
2026-07-15 12:03:30,113 INFO clustering.embeddings: Embedding 83/293 data/courses/.files/2025/course-70155.yml
2026-07-15 12:03:30,170 INFO clustering.embeddings: Embedding 84/293 data/courses/.files/2025/course-70210.yml
2026-07-15 12:03:30,228 INFO clustering.embeddings: Embedding 85/293 data/courses/.files/2025/course-70219.yml
2026-07-15 12:03:30,286 INFO clustering.embeddings: Embedding 86/293 data/courses/.files/2025/course-70226.yml
2026-07-15 12:03:30,355 INFO clustering.embeddings: Embedding 87/293 data/courses/.files/2025/course-72671.yml
2026-07-15 12:03:30,413 INFO clustering.embeddings: Embedding 88/293 data/courses/.files/2025/course-72778.yml
2026-07-15 12:03:30,470 INFO clustering.embeddings: Embedding 89/293 data/courses/.files/2025/course-72787.yml
2026-07-15 12:03:30,527 INFO clustering.embeddings: Embedding 90/293 data/courses/.files/2025/course-72796.yml
2026-07-15 12:03:30,584 INFO clustering.embeddings: Embedding 91/293 data/courses/.files/2025/course-72938.yml
2026-07-15 12:03:30,641 INFO clustering.embeddings: Embedding 92/293 data/courses/.files/2025/course-72939.yml
2026-07-15 12:03:30,698 INFO clustering.embeddings: Embedding 93/293 data/courses/.files/2025/course-72940.yml
2026-07-15 12:03:30,755 INFO clustering.embeddings: Embedding 94/293 data/courses/.files/2025/course-72942.yml
2026-07-15 12:03:30,812 INFO clustering.embeddings: Embedding 95/293 data/courses/.files/2025/course-72945.yml
2026-07-15 12:03:30,869 INFO clustering.embeddings: Embedding 96/293 data/courses/.files/2025/course-73025.yml
2026-07-15 12:03:30,926 INFO clustering.embeddings: Embedding 97/293 data/courses/.files/2025/course-73149.yml
2026-07-15 12:03:30,984 INFO clustering.embeddings: Embedding 98/293 data/courses/.files/2025/course-73273.yml
2026-07-15 12:03:31,041 INFO clustering.embeddings: Embedding 99/293 data/courses/.files/2025/course-73302.yml
2026-07-15 12:03:31,099 INFO clustering.embeddings: Embedding 100/293 data/courses/.files/2025/course-73435.yml
2026-07-15 12:03:31,157 INFO clustering.embeddings: Embedding 101/293 data/courses/.files/2025/course-75198.yml
2026-07-15 12:03:31,215 INFO clustering.embeddings: Embedding 102/293 data/courses/.files/2025/course-75835.yml
2026-07-15 12:03:31,272 INFO clustering.embeddings: Embedding 103/293 data/courses/.files/2025/course-75969.yml
2026-07-15 12:03:31,329 INFO clustering.embeddings: Embedding 104/293 data/courses/.files/2025/course-76011.yml
2026-07-15 12:03:31,387 INFO clustering.embeddings: Embedding 105/293 data/courses/.files/2025/course-77780.yml
2026-07-15 12:03:31,444 INFO clustering.embeddings: Embedding 106/293 data/courses/.files/2025/course-77933.yml
2026-07-15 12:03:31,502 INFO clustering.embeddings: Embedding 107/293 data/courses/.files/2025/course-78096.yml
2026-07-15 12:03:31,559 INFO clustering.embeddings: Embedding 108/293 data/courses/.files/2025/course-78510.yml
2026-07-15 12:03:31,616 INFO clustering.embeddings: Embedding 109/293 data/courses/.files/2025/course-78778.yml
2026-07-15 12:03:31,674 INFO clustering.embeddings: Embedding 110/293 data/courses/.files/2025/course-78779.yml
2026-07-15 12:03:31,732 INFO clustering.embeddings: Embedding 111/293 data/courses/.files/2025/course-78810.yml
2026-07-15 12:03:31,790 INFO clustering.embeddings: Embedding 112/293 data/courses/.files/2025/course-79194.yml
2026-07-15 12:03:31,860 INFO clustering.embeddings: Embedding 113/293 data/courses/.files/2025/course-81609.yml
2026-07-15 12:03:31,917 INFO clustering.embeddings: Embedding 114/293 data/courses/.files/2025/course-81610.yml
2026-07-15 12:03:31,974 INFO clustering.embeddings: Embedding 115/293 data/courses/.files/2025/course-81612.yml
2026-07-15 12:03:32,031 INFO clustering.embeddings: Embedding 116/293 data/courses/.files/2025/course-81672.yml
2026-07-15 12:03:32,088 INFO clustering.embeddings: Embedding 117/293 data/courses/.files/2025/course-81676.yml
2026-07-15 12:03:32,145 INFO clustering.embeddings: Embedding 118/293 data/courses/.files/2025/course-81678.yml
2026-07-15 12:03:32,202 INFO clustering.embeddings: Embedding 119/293 data/courses/.files/2025/course-81683.yml
2026-07-15 12:03:32,259 INFO clustering.embeddings: Embedding 120/293 data/courses/.files/2025/course-81917.yml
2026-07-15 12:03:32,316 INFO clustering.embeddings: Embedding 121/293 data/courses/.files/2025/course-81932.yml
2026-07-15 12:03:32,373 INFO clustering.embeddings: Embedding 122/293 data/courses/.files/2025/course-81934.yml
2026-07-15 12:03:32,430 INFO clustering.embeddings: Embedding 123/293 data/courses/.files/2025/course-81940.yml
2026-07-15 12:03:32,488 INFO clustering.embeddings: Embedding 124/293 data/courses/.files/2025/course-81942.yml
2026-07-15 12:03:32,545 INFO clustering.embeddings: Embedding 125/293 data/courses/.files/2025/course-82202-A.yml
2026-07-15 12:03:32,602 INFO clustering.embeddings: Embedding 126/293 data/courses/.files/2025/course-82202.yml
2026-07-15 12:03:32,659 INFO clustering.embeddings: Embedding 127/293 data/courses/.files/2025/course-84339.yml
2026-07-15 12:03:32,716 INFO clustering.embeddings: Embedding 128/293 data/courses/.files/2025/course-84401.yml
2026-07-15 12:03:32,773 INFO clustering.embeddings: Embedding 129/293 data/courses/.files/2025/course-84530.yml
2026-07-15 12:03:32,830 INFO clustering.embeddings: Embedding 130/293 data/courses/.files/2025/course-84531.yml
2026-07-15 12:03:32,887 INFO clustering.embeddings: Embedding 131/293 data/courses/.files/2025/course-85189.yml
2026-07-15 12:03:32,945 INFO clustering.embeddings: Embedding 132/293 data/courses/.files/2025/course-85285.yml
2026-07-15 12:03:33,002 INFO clustering.embeddings: Embedding 133/293 data/courses/.files/2025/course-85301.yml
2026-07-15 12:03:33,059 INFO clustering.embeddings: Embedding 134/293 data/courses/.files/2025/course-85445.yml
2026-07-15 12:03:33,116 INFO clustering.embeddings: Embedding 135/293 data/courses/.files/2025/course-85446.yml
2026-07-15 12:03:33,174 INFO clustering.embeddings: Embedding 136/293 data/courses/.files/2025/course-85573.yml
2026-07-15 12:03:33,231 INFO clustering.embeddings: Embedding 137/293 data/courses/.files/2025/course-85728.yml
2026-07-15 12:03:33,289 INFO clustering.embeddings: Embedding 138/293 data/courses/.files/2025/course-87469.yml
2026-07-15 12:03:33,358 INFO clustering.embeddings: Embedding 139/293 data/courses/.files/2025/course-87474.yml
2026-07-15 12:03:33,415 INFO clustering.embeddings: Embedding 140/293 data/courses/.files/2025/course-87898.yml
2026-07-15 12:03:33,473 INFO clustering.embeddings: Embedding 141/293 data/courses/.files/2025/course-87901.yml
2026-07-15 12:03:33,530 INFO clustering.embeddings: Embedding 142/293 data/courses/.files/2025/course-88016.yml
2026-07-15 12:03:33,586 INFO clustering.embeddings: Embedding 143/293 data/courses/.files/2025/course-88145.yml
2026-07-15 12:03:33,643 INFO clustering.embeddings: Embedding 144/293 data/courses/.files/2025/course-88146.yml
2026-07-15 12:03:33,700 INFO clustering.embeddings: Embedding 145/293 data/courses/.files/2025/course-88155.yml
2026-07-15 12:03:33,757 INFO clustering.embeddings: Embedding 146/293 data/courses/.files/2025/course-88202.yml
2026-07-15 12:03:33,815 INFO clustering.embeddings: Embedding 147/293 data/courses/.files/2025/course-88324.yml
2026-07-15 12:03:33,885 INFO clustering.embeddings: Embedding 148/293 data/courses/.files/2025/course-88325.yml
2026-07-15 12:03:33,942 INFO clustering.embeddings: Embedding 149/293 data/courses/.files/2025/course-88566.yml
2026-07-15 12:03:33,999 INFO clustering.embeddings: Embedding 150/293 data/courses/.files/2025/course-89988.yml
2026-07-15 12:03:34,056 INFO clustering.embeddings: Embedding 151/293 data/courses/.files/2025/course-90074.yml
2026-07-15 12:03:34,113 INFO clustering.embeddings: Embedding 152/293 data/courses/.files/2025/course-90106.yml
2026-07-15 12:03:34,170 INFO clustering.embeddings: Embedding 153/293 data/courses/.files/2025/course-90107.yml
2026-07-15 12:03:34,228 INFO clustering.embeddings: Embedding 154/293 data/courses/.files/2025/course-90147.yml
2026-07-15 12:03:34,285 INFO clustering.embeddings: Embedding 155/293 data/courses/.files/2025/course-90157.yml
2026-07-15 12:03:34,342 INFO clustering.embeddings: Embedding 156/293 data/courses/.files/2025/course-90477.yml
2026-07-15 12:03:34,399 INFO clustering.embeddings: Embedding 157/293 data/courses/.files/2025/course-90720.yml
2026-07-15 12:03:34,456 INFO clustering.embeddings: Embedding 158/293 data/courses/.files/2025/course-90730.yml
2026-07-15 12:03:34,513 INFO clustering.embeddings: Embedding 159/293 data/courses/.files/2025/course-90748.yml
2026-07-15 12:03:34,570 INFO clustering.embeddings: Embedding 160/293 data/courses/.files/2025/course-90749.yml
2026-07-15 12:03:34,627 INFO clustering.embeddings: Embedding 161/293 data/courses/.files/2025/course-90864.yml
2026-07-15 12:03:34,685 INFO clustering.embeddings: Embedding 162/293 data/courses/.files/2025/course-91161.yml
2026-07-15 12:03:34,743 INFO clustering.embeddings: Embedding 163/293 data/courses/.files/2025/course-91248.yml
2026-07-15 12:03:34,801 INFO clustering.embeddings: Embedding 164/293 data/courses/.files/2025/course-91250-A.yml
2026-07-15 12:03:34,870 INFO clustering.embeddings: Embedding 165/293 data/courses/.files/2025/course-91250-B.yml
2026-07-15 12:03:34,927 INFO clustering.embeddings: Embedding 166/293 data/courses/.files/2025/course-91250.yml
2026-07-15 12:03:34,984 INFO clustering.embeddings: Embedding 167/293 data/courses/.files/2025/course-91254.yml
2026-07-15 12:03:35,041 INFO clustering.embeddings: Embedding 168/293 data/courses/.files/2025/course-91258-A.yml
2026-07-15 12:03:35,098 INFO clustering.embeddings: Embedding 169/293 data/courses/.files/2025/course-91258-B.yml
2026-07-15 12:03:35,156 INFO clustering.embeddings: Embedding 170/293 data/courses/.files/2025/course-91258.yml
2026-07-15 12:03:35,214 INFO clustering.embeddings: Embedding 171/293 data/courses/.files/2025/course-91259.yml
2026-07-15 12:03:35,272 INFO clustering.embeddings: Embedding 172/293 data/courses/.files/2025/course-91261.yml
2026-07-15 12:03:35,329 INFO clustering.embeddings: Embedding 173/293 data/courses/.files/2025/course-91264.yml
2026-07-15 12:03:35,386 INFO clustering.embeddings: Embedding 174/293 data/courses/.files/2025/course-91265.yml
2026-07-15 12:03:35,443 INFO clustering.embeddings: Embedding 175/293 data/courses/.files/2025/course-91266.yml
2026-07-15 12:03:35,500 INFO clustering.embeddings: Embedding 176/293 data/courses/.files/2025/course-91267.yml
2026-07-15 12:03:35,558 INFO clustering.embeddings: Embedding 177/293 data/courses/.files/2025/course-91269.yml
2026-07-15 12:03:35,615 INFO clustering.embeddings: Embedding 178/293 data/courses/.files/2025/course-91411.yml
2026-07-15 12:03:35,672 INFO clustering.embeddings: Embedding 179/293 data/courses/.files/2025/course-91602.yml
2026-07-15 12:03:35,729 INFO clustering.embeddings: Embedding 180/293 data/courses/.files/2025/course-91685.yml
2026-07-15 12:03:35,787 INFO clustering.embeddings: Embedding 181/293 data/courses/.files/2025/course-91721.yml
2026-07-15 12:03:35,844 INFO clustering.embeddings: Embedding 182/293 data/courses/.files/2025/course-91762.yml
2026-07-15 12:03:35,901 INFO clustering.embeddings: Embedding 183/293 data/courses/.files/2025/course-92858.yml
2026-07-15 12:03:35,958 INFO clustering.embeddings: Embedding 184/293 data/courses/.files/2025/course-93034-A.yml
2026-07-15 12:03:36,015 INFO clustering.embeddings: Embedding 185/293 data/courses/.files/2025/course-93034.yml
2026-07-15 12:03:36,073 INFO clustering.embeddings: Embedding 186/293 data/courses/.files/2025/course-93315.yml
2026-07-15 12:03:36,130 INFO clustering.embeddings: Embedding 187/293 data/courses/.files/2025/course-93319.yml
2026-07-15 12:03:36,187 INFO clustering.embeddings: Embedding 188/293 data/courses/.files/2025/course-93333.yml
2026-07-15 12:03:36,245 INFO clustering.embeddings: Embedding 189/293 data/courses/.files/2025/course-93363.yml
2026-07-15 12:03:36,303 INFO clustering.embeddings: Embedding 190/293 data/courses/.files/2025/course-93379.yml
2026-07-15 12:03:36,373 INFO clustering.embeddings: Embedding 191/293 data/courses/.files/2025/course-93466.yml
2026-07-15 12:03:36,430 INFO clustering.embeddings: Embedding 192/293 data/courses/.files/2025/course-93467.yml
2026-07-15 12:03:36,487 INFO clustering.embeddings: Embedding 193/293 data/courses/.files/2025/course-93468.yml
2026-07-15 12:03:36,545 INFO clustering.embeddings: Embedding 194/293 data/courses/.files/2025/course-93469.yml
2026-07-15 12:03:36,602 INFO clustering.embeddings: Embedding 195/293 data/courses/.files/2025/course-93470-A.yml
2026-07-15 12:03:36,659 INFO clustering.embeddings: Embedding 196/293 data/courses/.files/2025/course-93470.yml
2026-07-15 12:03:36,716 INFO clustering.embeddings: Embedding 197/293 data/courses/.files/2025/course-93478.yml
2026-07-15 12:03:36,773 INFO clustering.embeddings: Embedding 198/293 data/courses/.files/2025/course-93653.yml
2026-07-15 12:03:36,830 INFO clustering.embeddings: Embedding 199/293 data/courses/.files/2025/course-93669.yml
2026-07-15 12:03:36,887 INFO clustering.embeddings: Embedding 200/293 data/courses/.files/2025/course-94442.yml
2026-07-15 12:03:36,944 INFO clustering.embeddings: Embedding 201/293 data/courses/.files/2025/course-95602.yml
2026-07-15 12:03:37,001 INFO clustering.embeddings: Embedding 202/293 data/courses/.files/2025/course-95604.yml
2026-07-15 12:03:37,058 INFO clustering.embeddings: Embedding 203/293 data/courses/.files/2025/course-95605.yml
2026-07-15 12:03:37,115 INFO clustering.embeddings: Embedding 204/293 data/courses/.files/2025/course-95611.yml
2026-07-15 12:03:37,172 INFO clustering.embeddings: Embedding 205/293 data/courses/.files/2025/course-95627.yml
2026-07-15 12:03:37,229 INFO clustering.embeddings: Embedding 206/293 data/courses/.files/2025/course-95630.yml
2026-07-15 12:03:37,286 INFO clustering.embeddings: Embedding 207/293 data/courses/.files/2025/course-95631-A.yml
2026-07-15 12:03:37,344 INFO clustering.embeddings: Embedding 208/293 data/courses/.files/2025/course-95631.yml
2026-07-15 12:03:37,401 INFO clustering.embeddings: Embedding 209/293 data/courses/.files/2025/course-95632.yml
2026-07-15 12:03:37,458 INFO clustering.embeddings: Embedding 210/293 data/courses/.files/2025/course-95638.yml
2026-07-15 12:03:37,516 INFO clustering.embeddings: Embedding 211/293 data/courses/.files/2025/course-95639.yml
2026-07-15 12:03:37,573 INFO clustering.embeddings: Embedding 212/293 data/courses/.files/2025/course-95644.yml
2026-07-15 12:03:37,630 INFO clustering.embeddings: Embedding 213/293 data/courses/.files/2025/course-95645.yml
2026-07-15 12:03:37,688 INFO clustering.embeddings: Embedding 214/293 data/courses/.files/2025/course-95646.yml
2026-07-15 12:03:37,746 INFO clustering.embeddings: Embedding 215/293 data/courses/.files/2025/course-95648.yml
2026-07-15 12:03:37,804 INFO clustering.embeddings: Embedding 216/293 data/courses/.files/2025/course-95782.yml
2026-07-15 12:03:37,873 INFO clustering.embeddings: Embedding 217/293 data/courses/.files/2025/course-95965.yml
2026-07-15 12:03:37,930 INFO clustering.embeddings: Embedding 218/293 data/courses/.files/2025/course-96007.yml
2026-07-15 12:03:37,987 INFO clustering.embeddings: Embedding 219/293 data/courses/.files/2025/course-96142.yml
2026-07-15 12:03:38,045 INFO clustering.embeddings: Embedding 220/293 data/courses/.files/2025/course-96143.yml
2026-07-15 12:03:38,102 INFO clustering.embeddings: Embedding 221/293 data/courses/.files/2025/course-96346-A.yml
2026-07-15 12:03:38,159 INFO clustering.embeddings: Embedding 222/293 data/courses/.files/2025/course-96346-B.yml
2026-07-15 12:03:38,216 INFO clustering.embeddings: Embedding 223/293 data/courses/.files/2025/course-96346.yml
2026-07-15 12:03:38,273 INFO clustering.embeddings: Embedding 224/293 data/courses/.files/2025/course-96642.yml
2026-07-15 12:03:38,330 INFO clustering.embeddings: Embedding 225/293 data/courses/.files/2025/course-96725.yml
2026-07-15 12:03:38,388 INFO clustering.embeddings: Embedding 226/293 data/courses/.files/2025/course-96793.yml
2026-07-15 12:03:38,445 INFO clustering.embeddings: Embedding 227/293 data/courses/.files/2025/course-96859.yml
2026-07-15 12:03:38,502 INFO clustering.embeddings: Embedding 228/293 data/courses/.files/2025/course-96994.yml
2026-07-15 12:03:38,559 INFO clustering.embeddings: Embedding 229/293 data/courses/.files/2025/course-96995.yml
2026-07-15 12:03:38,616 INFO clustering.embeddings: Embedding 230/293 data/courses/.files/2025/course-97431.yml
2026-07-15 12:03:38,673 INFO clustering.embeddings: Embedding 231/293 data/courses/.files/2025/course-97466.yml
2026-07-15 12:03:38,731 INFO clustering.embeddings: Embedding 232/293 data/courses/.files/2025/course-98618.yml
2026-07-15 12:03:38,788 INFO clustering.embeddings: Embedding 233/293 data/courses/.files/2025/course-98671.yml
2026-07-15 12:03:38,845 INFO clustering.embeddings: Embedding 234/293 data/courses/.files/2025/course-98735.yml
2026-07-15 12:03:38,902 INFO clustering.embeddings: Embedding 235/293 data/courses/.files/2025/course-98931.yml
2026-07-15 12:03:38,960 INFO clustering.embeddings: Embedding 236/293 data/courses/.files/2025/course-99195.yml
2026-07-15 12:03:39,017 INFO clustering.embeddings: Embedding 237/293 data/courses/.files/2025/course-B0009.yml
2026-07-15 12:03:39,074 INFO clustering.embeddings: Embedding 238/293 data/courses/.files/2025/course-B0010.yml
2026-07-15 12:03:39,131 INFO clustering.embeddings: Embedding 239/293 data/courses/.files/2025/course-B0011.yml
2026-07-15 12:03:39,189 INFO clustering.embeddings: Embedding 240/293 data/courses/.files/2025/course-B0061.yml
2026-07-15 12:03:39,247 INFO clustering.embeddings: Embedding 241/293 data/courses/.files/2025/course-B0063.yml
2026-07-15 12:03:39,305 INFO clustering.embeddings: Embedding 242/293 data/courses/.files/2025/course-B0064.yml
2026-07-15 12:03:39,375 INFO clustering.embeddings: Embedding 243/293 data/courses/.files/2025/course-B0069.yml
2026-07-15 12:03:39,432 INFO clustering.embeddings: Embedding 244/293 data/courses/.files/2025/course-B0070.yml
2026-07-15 12:03:39,490 INFO clustering.embeddings: Embedding 245/293 data/courses/.files/2025/course-B0073.yml
2026-07-15 12:03:39,547 INFO clustering.embeddings: Embedding 246/293 data/courses/.files/2025/course-B0074.yml
2026-07-15 12:03:39,605 INFO clustering.embeddings: Embedding 247/293 data/courses/.files/2025/course-B0385.yml
2026-07-15 12:03:39,662 INFO clustering.embeddings: Embedding 248/293 data/courses/.files/2025/course-B0832.yml
2026-07-15 12:03:39,719 INFO clustering.embeddings: Embedding 249/293 data/courses/.files/2025/course-B0833.yml
2026-07-15 12:03:39,776 INFO clustering.embeddings: Embedding 250/293 data/courses/.files/2025/course-B1459.yml
2026-07-15 12:03:39,834 INFO clustering.embeddings: Embedding 251/293 data/courses/.files/2025/course-B1703.yml
2026-07-15 12:03:39,891 INFO clustering.embeddings: Embedding 252/293 data/courses/.files/2025/course-B1873.yml
2026-07-15 12:03:39,948 INFO clustering.embeddings: Embedding 253/293 data/courses/.files/2025/course-B1874.yml
2026-07-15 12:03:40,005 INFO clustering.embeddings: Embedding 254/293 data/courses/.files/2025/course-B2125.yml
2026-07-15 12:03:40,062 INFO clustering.embeddings: Embedding 255/293 data/courses/.files/2025/course-B2133.yml
2026-07-15 12:03:40,119 INFO clustering.embeddings: Embedding 256/293 data/courses/.files/2025/course-B2696.yml
2026-07-15 12:03:40,176 INFO clustering.embeddings: Embedding 257/293 data/courses/.files/2025/course-B3567.yml
2026-07-15 12:03:40,233 INFO clustering.embeddings: Embedding 258/293 data/courses/.files/2025/course-B4826.yml
2026-07-15 12:03:40,290 INFO clustering.embeddings: Embedding 259/293 data/courses/.files/2025/course-B4913.yml
2026-07-15 12:03:40,347 INFO clustering.embeddings: Embedding 260/293 data/courses/.files/2025/course-B4925.yml
2026-07-15 12:03:40,404 INFO clustering.embeddings: Embedding 261/293 data/courses/.files/2025/course-B4940.yml
2026-07-15 12:03:40,461 INFO clustering.embeddings: Embedding 262/293 data/courses/.files/2025/course-B4948.yml
2026-07-15 12:03:40,519 INFO clustering.embeddings: Embedding 263/293 data/courses/.files/2025/course-B5026.yml
2026-07-15 12:03:40,576 INFO clustering.embeddings: Embedding 264/293 data/courses/.files/2025/course-B5059.yml
2026-07-15 12:03:40,633 INFO clustering.embeddings: Embedding 265/293 data/courses/.files/2025/course-B5079.yml
2026-07-15 12:03:40,691 INFO clustering.embeddings: Embedding 266/293 data/courses/.files/2025/course-B5292.yml
2026-07-15 12:03:40,749 INFO clustering.embeddings: Embedding 267/293 data/courses/.files/2025/course-B5293.yml
2026-07-15 12:03:40,807 INFO clustering.embeddings: Embedding 268/293 data/courses/.files/2025/course-B5474.yml
2026-07-15 12:03:40,876 INFO clustering.embeddings: Embedding 269/293 data/courses/.files/2025/course-B5665.yml
2026-07-15 12:03:40,933 INFO clustering.embeddings: Embedding 270/293 data/courses/.files/2025/course-B5674.yml
2026-07-15 12:03:40,990 INFO clustering.embeddings: Embedding 271/293 data/courses/.files/2025/course-B5722.yml
2026-07-15 12:03:41,048 INFO clustering.embeddings: Embedding 272/293 data/courses/.files/2025/course-B5727.yml
2026-07-15 12:03:41,106 INFO clustering.embeddings: Embedding 273/293 data/courses/.files/2025/course-B5780.yml
2026-07-15 12:03:41,163 INFO clustering.embeddings: Embedding 274/293 data/courses/.files/2025/course-B5782.yml
2026-07-15 12:03:41,220 INFO clustering.embeddings: Embedding 275/293 data/courses/.files/2025/course-B5793.yml
2026-07-15 12:03:41,277 INFO clustering.embeddings: Embedding 276/293 data/courses/.files/2025/course-B5796.yml
2026-07-15 12:03:41,335 INFO clustering.embeddings: Embedding 277/293 data/courses/.files/2025/course-B5812.yml
2026-07-15 12:03:41,392 INFO clustering.embeddings: Embedding 278/293 data/courses/.files/2025/course-B6082.yml
2026-07-15 12:03:41,449 INFO clustering.embeddings: Embedding 279/293 data/courses/.files/2025/course-B8018.yml
2026-07-15 12:03:41,506 INFO clustering.embeddings: Embedding 280/293 data/courses/.files/2025/course-B8019.yml
2026-07-15 12:03:41,564 INFO clustering.embeddings: Embedding 281/293 data/courses/.files/2025/course-B8105.yml
2026-07-15 12:03:41,621 INFO clustering.embeddings: Embedding 282/293 data/courses/.files/2025/course-B8159.yml
2026-07-15 12:03:41,678 INFO clustering.embeddings: Embedding 283/293 data/courses/.files/2025/course-B8396.yml
2026-07-15 12:03:41,735 INFO clustering.embeddings: Embedding 284/293 data/courses/.files/2025/course-B8536.yml
2026-07-15 12:03:41,792 INFO clustering.embeddings: Embedding 285/293 data/courses/.files/2025/course-B8554.yml
2026-07-15 12:03:41,849 INFO clustering.embeddings: Embedding 286/293 data/courses/.files/2025/course-B8561.yml
2026-07-15 12:03:41,906 INFO clustering.embeddings: Embedding 287/293 data/courses/.files/2025/course-B8562.yml
2026-07-15 12:03:41,963 INFO clustering.embeddings: Embedding 288/293 data/courses/.files/2025/course-B8563.yml
2026-07-15 12:03:42,020 INFO clustering.embeddings: Embedding 289/293 data/courses/.files/2025/course-B8603.yml
2026-07-15 12:03:42,078 INFO clustering.embeddings: Embedding 290/293 data/courses/.files/2025/course-B8836.yml
2026-07-15 12:03:42,135 INFO clustering.embeddings: Embedding 291/293 data/courses/.files/2025/course-B8905.yml
2026-07-15 12:03:42,192 INFO clustering.embeddings: Embedding 292/293 data/courses/.files/2025/course-B8929.yml
2026-07-15 12:03:42,250 INFO clustering.embeddings: Embedding 293/293 data/courses/.files/2025/course-B9254.yml
run_dir: data/clusters/runs/2025-20260715-120418-agglomerative
