2026-07-03 08:13:52,036 INFO clustering.embeddings: Embedding 1/377 data/courses/.files/2025/course-00269.yml
2026-07-03 08:13:52,092 INFO clustering.embeddings: Embedding 2/377 data/courses/.files/2025/course-00819-A.yml
2026-07-03 08:13:52,146 INFO clustering.embeddings: Embedding 3/377 data/courses/.files/2025/course-00819-B.yml
2026-07-03 08:13:52,200 INFO clustering.embeddings: Embedding 4/377 data/courses/.files/2025/course-00819-C.yml
2026-07-03 08:13:52,252 INFO clustering.embeddings: Embedding 5/377 data/courses/.files/2025/course-00819-D.yml
2026-07-03 08:13:52,307 INFO clustering.embeddings: Embedding 6/377 data/courses/.files/2025/course-00819-E.yml
2026-07-03 08:13:52,359 INFO clustering.embeddings: Embedding 7/377 data/courses/.files/2025/course-03716-A.yml
2026-07-03 08:13:52,415 INFO clustering.embeddings: Embedding 8/377 data/courses/.files/2025/course-03716-B.yml
2026-07-03 08:13:52,470 INFO clustering.embeddings: Embedding 9/377 data/courses/.files/2025/course-04138.yml
2026-07-03 08:13:52,524 INFO clustering.embeddings: Embedding 10/377 data/courses/.files/2025/course-07276-A.yml
2026-07-03 08:13:52,582 INFO clustering.embeddings: Embedding 11/377 data/courses/.files/2025/course-07276-B.yml
2026-07-03 08:13:52,639 INFO clustering.embeddings: Embedding 12/377 data/courses/.files/2025/course-07276-C.yml
2026-07-03 08:13:52,695 INFO clustering.embeddings: Embedding 13/377 data/courses/.files/2025/course-07276-D.yml
2026-07-03 08:13:52,751 INFO clustering.embeddings: Embedding 14/377 data/courses/.files/2025/course-07276-E.yml
2026-07-03 08:13:52,808 INFO clustering.embeddings: Embedding 15/377 data/courses/.files/2025/course-07276-F.yml
2026-07-03 08:13:52,864 INFO clustering.embeddings: Embedding 16/377 data/courses/.files/2025/course-08574-A.yml
2026-07-03 08:13:52,918 INFO clustering.embeddings: Embedding 17/377 data/courses/.files/2025/course-08574-B.yml
2026-07-03 08:13:52,975 INFO clustering.embeddings: Embedding 18/377 data/courses/.files/2025/course-08574-C.yml
2026-07-03 08:13:53,030 INFO clustering.embeddings: Embedding 19/377 data/courses/.files/2025/course-09032.yml
2026-07-03 08:13:53,085 INFO clustering.embeddings: Embedding 20/377 data/courses/.files/2025/course-09679.yml
2026-07-03 08:13:53,138 INFO clustering.embeddings: Embedding 21/377 data/courses/.files/2025/course-09730-A.yml
2026-07-03 08:13:53,191 INFO clustering.embeddings: Embedding 22/377 data/courses/.files/2025/course-09730-B.yml
2026-07-03 08:13:53,245 INFO clustering.embeddings: Embedding 23/377 data/courses/.files/2025/course-10906-A.yml
2026-07-03 08:13:53,300 INFO clustering.embeddings: Embedding 24/377 data/courses/.files/2025/course-10906-B.yml
2026-07-03 08:13:53,352 INFO clustering.embeddings: Embedding 25/377 data/courses/.files/2025/course-10907.yml
2026-07-03 08:13:53,408 INFO clustering.embeddings: Embedding 26/377 data/courses/.files/2025/course-11340.yml
2026-07-03 08:13:53,461 INFO clustering.embeddings: Embedding 27/377 data/courses/.files/2025/course-11925.yml
2026-07-03 08:13:53,513 INFO clustering.embeddings: Embedding 28/377 data/courses/.files/2025/course-11929-A.yml
2026-07-03 08:13:53,567 INFO clustering.embeddings: Embedding 29/377 data/courses/.files/2025/course-11929-B.yml
2026-07-03 08:13:53,620 INFO clustering.embeddings: Embedding 30/377 data/courses/.files/2025/course-11929-C.yml
2026-07-03 08:13:53,700 INFO clustering.embeddings: Embedding 31/377 data/courses/.files/2025/course-11929-D.yml
2026-07-03 08:13:53,753 INFO clustering.embeddings: Embedding 32/377 data/courses/.files/2025/course-11933.yml
2026-07-03 08:13:53,808 INFO clustering.embeddings: Embedding 33/377 data/courses/.files/2025/course-14015.yml
2026-07-03 08:13:53,861 INFO clustering.embeddings: Embedding 34/377 data/courses/.files/2025/course-15305.yml
2026-07-03 08:13:53,919 INFO clustering.embeddings: Embedding 35/377 data/courses/.files/2025/course-15920.yml
2026-07-03 08:13:53,971 INFO clustering.embeddings: Embedding 36/377 data/courses/.files/2025/course-16692.yml
2026-07-03 08:13:54,024 INFO clustering.embeddings: Embedding 37/377 data/courses/.files/2025/course-16870.yml
2026-07-03 08:13:54,078 INFO clustering.embeddings: Embedding 38/377 data/courses/.files/2025/course-17628.yml
2026-07-03 08:13:54,130 INFO clustering.embeddings: Embedding 39/377 data/courses/.files/2025/course-17634.yml
2026-07-03 08:13:54,182 INFO clustering.embeddings: Embedding 40/377 data/courses/.files/2025/course-20741.yml
2026-07-03 08:13:54,222 INFO clustering.embeddings: Embedding 41/377 data/courses/.files/2025/course-27311-A.yml
2026-07-03 08:13:54,274 INFO clustering.embeddings: Embedding 42/377 data/courses/.files/2025/course-27311-B.yml
2026-07-03 08:13:54,327 INFO clustering.embeddings: Embedding 43/377 data/courses/.files/2025/course-28004-A.yml
2026-07-03 08:13:54,378 INFO clustering.embeddings: Embedding 44/377 data/courses/.files/2025/course-28004-B.yml
2026-07-03 08:13:54,432 INFO clustering.embeddings: Embedding 45/377 data/courses/.files/2025/course-28011-A.yml
2026-07-03 08:13:54,484 INFO clustering.embeddings: Embedding 46/377 data/courses/.files/2025/course-28011-B.yml
2026-07-03 08:13:54,536 INFO clustering.embeddings: Embedding 47/377 data/courses/.files/2025/course-28011-C.yml
2026-07-03 08:13:54,587 INFO clustering.embeddings: Embedding 48/377 data/courses/.files/2025/course-28012-A.yml
2026-07-03 08:13:54,639 INFO clustering.embeddings: Embedding 49/377 data/courses/.files/2025/course-28012-B.yml
2026-07-03 08:13:54,693 INFO clustering.embeddings: Embedding 50/377 data/courses/.files/2025/course-28016-A.yml
2026-07-03 08:13:54,746 INFO clustering.embeddings: Embedding 51/377 data/courses/.files/2025/course-28016-B.yml
2026-07-03 08:13:54,801 INFO clustering.embeddings: Embedding 52/377 data/courses/.files/2025/course-28016-C.yml
2026-07-03 08:13:54,854 INFO clustering.embeddings: Embedding 53/377 data/courses/.files/2025/course-28020-A.yml
2026-07-03 08:13:54,908 INFO clustering.embeddings: Embedding 54/377 data/courses/.files/2025/course-28020-B.yml
2026-07-03 08:13:54,961 INFO clustering.embeddings: Embedding 55/377 data/courses/.files/2025/course-28021.yml
2026-07-03 08:13:55,014 INFO clustering.embeddings: Embedding 56/377 data/courses/.files/2025/course-28024-A.yml
2026-07-03 08:13:55,068 INFO clustering.embeddings: Embedding 57/377 data/courses/.files/2025/course-28024-B.yml
2026-07-03 08:13:55,121 INFO clustering.embeddings: Embedding 58/377 data/courses/.files/2025/course-28027.yml
2026-07-03 08:13:55,173 INFO clustering.embeddings: Embedding 59/377 data/courses/.files/2025/course-28040.yml
2026-07-03 08:13:55,226 INFO clustering.embeddings: Embedding 60/377 data/courses/.files/2025/course-28106.yml
2026-07-03 08:13:55,280 INFO clustering.embeddings: Embedding 61/377 data/courses/.files/2025/course-28623.yml
2026-07-03 08:13:55,333 INFO clustering.embeddings: Embedding 62/377 data/courses/.files/2025/course-28651.yml
2026-07-03 08:13:55,387 INFO clustering.embeddings: Embedding 63/377 data/courses/.files/2025/course-28652.yml
2026-07-03 08:13:55,440 INFO clustering.embeddings: Embedding 64/377 data/courses/.files/2025/course-28659-A.yml
2026-07-03 08:13:55,493 INFO clustering.embeddings: Embedding 65/377 data/courses/.files/2025/course-28659-B.yml
2026-07-03 08:13:55,547 INFO clustering.embeddings: Embedding 66/377 data/courses/.files/2025/course-28722.yml
2026-07-03 08:13:55,598 INFO clustering.embeddings: Embedding 67/377 data/courses/.files/2025/course-28724.yml
2026-07-03 08:13:55,652 INFO clustering.embeddings: Embedding 68/377 data/courses/.files/2025/course-28796.yml
2026-07-03 08:13:55,705 INFO clustering.embeddings: Embedding 69/377 data/courses/.files/2025/course-29035.yml
2026-07-03 08:13:55,760 INFO clustering.embeddings: Embedding 70/377 data/courses/.files/2025/course-29227-A.yml
2026-07-03 08:13:55,813 INFO clustering.embeddings: Embedding 71/377 data/courses/.files/2025/course-29227-B.yml
2026-07-03 08:13:55,867 INFO clustering.embeddings: Embedding 72/377 data/courses/.files/2025/course-29227-C.yml
2026-07-03 08:13:55,920 INFO clustering.embeddings: Embedding 73/377 data/courses/.files/2025/course-29227-D.yml
2026-07-03 08:13:55,973 INFO clustering.embeddings: Embedding 74/377 data/courses/.files/2025/course-29227-E.yml
2026-07-03 08:13:56,026 INFO clustering.embeddings: Embedding 75/377 data/courses/.files/2025/course-30376.yml
2026-07-03 08:13:56,111 INFO clustering.embeddings: Embedding 76/377 data/courses/.files/2025/course-34876.yml
2026-07-03 08:13:56,166 INFO clustering.embeddings: Embedding 77/377 data/courses/.files/2025/course-34991.yml
2026-07-03 08:13:56,219 INFO clustering.embeddings: Embedding 78/377 data/courses/.files/2025/course-35148.yml
2026-07-03 08:13:56,273 INFO clustering.embeddings: Embedding 79/377 data/courses/.files/2025/course-35253.yml
2026-07-03 08:13:56,326 INFO clustering.embeddings: Embedding 80/377 data/courses/.files/2025/course-35364.yml
2026-07-03 08:13:56,380 INFO clustering.embeddings: Embedding 81/377 data/courses/.files/2025/course-35367.yml
2026-07-03 08:13:56,433 INFO clustering.embeddings: Embedding 82/377 data/courses/.files/2025/course-35424.yml
2026-07-03 08:13:56,487 INFO clustering.embeddings: Embedding 83/377 data/courses/.files/2025/course-37063.yml
2026-07-03 08:13:56,540 INFO clustering.embeddings: Embedding 84/377 data/courses/.files/2025/course-37085.yml
2026-07-03 08:13:56,594 INFO clustering.embeddings: Embedding 85/377 data/courses/.files/2025/course-37262.yml
2026-07-03 08:13:56,647 INFO clustering.embeddings: Embedding 86/377 data/courses/.files/2025/course-37635.yml
2026-07-03 08:13:56,700 INFO clustering.embeddings: Embedding 87/377 data/courses/.files/2025/course-37760.yml
2026-07-03 08:13:56,753 INFO clustering.embeddings: Embedding 88/377 data/courses/.files/2025/course-37925.yml
2026-07-03 08:13:56,807 INFO clustering.embeddings: Embedding 89/377 data/courses/.files/2025/course-39176-A.yml
2026-07-03 08:13:56,861 INFO clustering.embeddings: Embedding 90/377 data/courses/.files/2025/course-39176-B.yml
2026-07-03 08:13:56,914 INFO clustering.embeddings: Embedding 91/377 data/courses/.files/2025/course-40720.yml
2026-07-03 08:13:56,968 INFO clustering.embeddings: Embedding 92/377 data/courses/.files/2025/course-41169.yml
2026-07-03 08:13:57,021 INFO clustering.embeddings: Embedding 93/377 data/courses/.files/2025/course-41588.yml
2026-07-03 08:13:57,074 INFO clustering.embeddings: Embedding 94/377 data/courses/.files/2025/course-41731-A.yml
2026-07-03 08:13:57,126 INFO clustering.embeddings: Embedding 95/377 data/courses/.files/2025/course-41731-B.yml
2026-07-03 08:13:57,179 INFO clustering.embeddings: Embedding 96/377 data/courses/.files/2025/course-42500.yml
2026-07-03 08:13:57,232 INFO clustering.embeddings: Embedding 97/377 data/courses/.files/2025/course-47240.yml
2026-07-03 08:13:57,287 INFO clustering.embeddings: Embedding 98/377 data/courses/.files/2025/course-48693-A.yml
2026-07-03 08:13:57,342 INFO clustering.embeddings: Embedding 99/377 data/courses/.files/2025/course-48693-B.yml
2026-07-03 08:13:57,397 INFO clustering.embeddings: Embedding 100/377 data/courses/.files/2025/course-57828.yml
2026-07-03 08:13:57,452 INFO clustering.embeddings: Embedding 101/377 data/courses/.files/2025/course-58348.yml
2026-07-03 08:13:57,506 INFO clustering.embeddings: Embedding 102/377 data/courses/.files/2025/course-58423.yml
2026-07-03 08:13:57,560 INFO clustering.embeddings: Embedding 103/377 data/courses/.files/2025/course-58437.yml
2026-07-03 08:13:57,614 INFO clustering.embeddings: Embedding 104/377 data/courses/.files/2025/course-60348.yml
2026-07-03 08:13:57,668 INFO clustering.embeddings: Embedding 105/377 data/courses/.files/2025/course-65094.yml
2026-07-03 08:13:57,722 INFO clustering.embeddings: Embedding 106/377 data/courses/.files/2025/course-66857.yml
2026-07-03 08:13:57,776 INFO clustering.embeddings: Embedding 107/377 data/courses/.files/2025/course-66858.yml
2026-07-03 08:13:57,830 INFO clustering.embeddings: Embedding 108/377 data/courses/.files/2025/course-66860.yml
2026-07-03 08:13:57,913 INFO clustering.embeddings: Embedding 109/377 data/courses/.files/2025/course-66870.yml
2026-07-03 08:13:57,967 INFO clustering.embeddings: Embedding 110/377 data/courses/.files/2025/course-69259.yml
2026-07-03 08:13:58,021 INFO clustering.embeddings: Embedding 111/377 data/courses/.files/2025/course-69430.yml
2026-07-03 08:13:58,075 INFO clustering.embeddings: Embedding 112/377 data/courses/.files/2025/course-69437.yml
2026-07-03 08:13:58,129 INFO clustering.embeddings: Embedding 113/377 data/courses/.files/2025/course-69661.yml
2026-07-03 08:13:58,183 INFO clustering.embeddings: Embedding 114/377 data/courses/.files/2025/course-69731-A.yml
2026-07-03 08:13:58,237 INFO clustering.embeddings: Embedding 115/377 data/courses/.files/2025/course-69731-B.yml
2026-07-03 08:13:58,292 INFO clustering.embeddings: Embedding 116/377 data/courses/.files/2025/course-69773.yml
2026-07-03 08:13:58,346 INFO clustering.embeddings: Embedding 117/377 data/courses/.files/2025/course-69867.yml
2026-07-03 08:13:58,400 INFO clustering.embeddings: Embedding 118/377 data/courses/.files/2025/course-70155.yml
2026-07-03 08:13:58,454 INFO clustering.embeddings: Embedding 119/377 data/courses/.files/2025/course-70210.yml
2026-07-03 08:13:58,508 INFO clustering.embeddings: Embedding 120/377 data/courses/.files/2025/course-70219.yml
2026-07-03 08:13:58,563 INFO clustering.embeddings: Embedding 121/377 data/courses/.files/2025/course-70226.yml
2026-07-03 08:13:58,616 INFO clustering.embeddings: Embedding 122/377 data/courses/.files/2025/course-71148.yml
2026-07-03 08:13:58,671 INFO clustering.embeddings: Embedding 123/377 data/courses/.files/2025/course-72671.yml
2026-07-03 08:13:58,726 INFO clustering.embeddings: Embedding 124/377 data/courses/.files/2025/course-72778.yml
2026-07-03 08:13:58,782 INFO clustering.embeddings: Embedding 125/377 data/courses/.files/2025/course-72787.yml
2026-07-03 08:13:58,837 INFO clustering.embeddings: Embedding 126/377 data/courses/.files/2025/course-72796.yml
2026-07-03 08:13:58,892 INFO clustering.embeddings: Embedding 127/377 data/courses/.files/2025/course-72938.yml
2026-07-03 08:13:58,946 INFO clustering.embeddings: Embedding 128/377 data/courses/.files/2025/course-72939.yml
2026-07-03 08:13:59,000 INFO clustering.embeddings: Embedding 129/377 data/courses/.files/2025/course-72940.yml
2026-07-03 08:13:59,054 INFO clustering.embeddings: Embedding 130/377 data/courses/.files/2025/course-72942.yml
2026-07-03 08:13:59,108 INFO clustering.embeddings: Embedding 131/377 data/courses/.files/2025/course-72945.yml
2026-07-03 08:13:59,162 INFO clustering.embeddings: Embedding 132/377 data/courses/.files/2025/course-73025.yml
2026-07-03 08:13:59,216 INFO clustering.embeddings: Embedding 133/377 data/courses/.files/2025/course-73092.yml
2026-07-03 08:13:59,270 INFO clustering.embeddings: Embedding 134/377 data/courses/.files/2025/course-73110.yml
2026-07-03 08:13:59,324 INFO clustering.embeddings: Embedding 135/377 data/courses/.files/2025/course-73149.yml
2026-07-03 08:13:59,378 INFO clustering.embeddings: Embedding 136/377 data/courses/.files/2025/course-73273.yml
2026-07-03 08:13:59,432 INFO clustering.embeddings: Embedding 137/377 data/courses/.files/2025/course-73302.yml
2026-07-03 08:13:59,486 INFO clustering.embeddings: Embedding 138/377 data/courses/.files/2025/course-73435.yml
2026-07-03 08:13:59,540 INFO clustering.embeddings: Embedding 139/377 data/courses/.files/2025/course-73731.yml
2026-07-03 08:13:59,594 INFO clustering.embeddings: Embedding 140/377 data/courses/.files/2025/course-75198.yml
2026-07-03 08:13:59,648 INFO clustering.embeddings: Embedding 141/377 data/courses/.files/2025/course-75835.yml
2026-07-03 08:13:59,702 INFO clustering.embeddings: Embedding 142/377 data/courses/.files/2025/course-75969-A.yml
2026-07-03 08:13:59,785 INFO clustering.embeddings: Embedding 143/377 data/courses/.files/2025/course-75969-B.yml
2026-07-03 08:13:59,839 INFO clustering.embeddings: Embedding 144/377 data/courses/.files/2025/course-76011.yml
2026-07-03 08:13:59,893 INFO clustering.embeddings: Embedding 145/377 data/courses/.files/2025/course-77780.yml
2026-07-03 08:13:59,947 INFO clustering.embeddings: Embedding 146/377 data/courses/.files/2025/course-77933.yml
2026-07-03 08:13:59,999 INFO clustering.embeddings: Embedding 147/377 data/courses/.files/2025/course-78096.yml
2026-07-03 08:14:00,053 INFO clustering.embeddings: Embedding 148/377 data/courses/.files/2025/course-78501.yml
2026-07-03 08:14:00,093 INFO clustering.embeddings: Embedding 149/377 data/courses/.files/2025/course-78510.yml
2026-07-03 08:14:00,145 INFO clustering.embeddings: Embedding 150/377 data/courses/.files/2025/course-78778.yml
2026-07-03 08:14:00,198 INFO clustering.embeddings: Embedding 151/377 data/courses/.files/2025/course-78779.yml
2026-07-03 08:14:00,250 INFO clustering.embeddings: Embedding 152/377 data/courses/.files/2025/course-78810.yml
2026-07-03 08:14:00,305 INFO clustering.embeddings: Embedding 153/377 data/courses/.files/2025/course-79194.yml
2026-07-03 08:14:00,359 INFO clustering.embeddings: Embedding 154/377 data/courses/.files/2025/course-81609.yml
2026-07-03 08:14:00,413 INFO clustering.embeddings: Embedding 155/377 data/courses/.files/2025/course-81610.yml
2026-07-03 08:14:00,468 INFO clustering.embeddings: Embedding 156/377 data/courses/.files/2025/course-81612.yml
2026-07-03 08:14:00,523 INFO clustering.embeddings: Embedding 157/377 data/courses/.files/2025/course-81649.yml
2026-07-03 08:14:00,578 INFO clustering.embeddings: Embedding 158/377 data/courses/.files/2025/course-81654.yml
2026-07-03 08:14:00,632 INFO clustering.embeddings: Embedding 159/377 data/courses/.files/2025/course-81672.yml
2026-07-03 08:14:00,687 INFO clustering.embeddings: Embedding 160/377 data/courses/.files/2025/course-81676.yml
2026-07-03 08:14:00,742 INFO clustering.embeddings: Embedding 161/377 data/courses/.files/2025/course-81678-A.yml
2026-07-03 08:14:00,797 INFO clustering.embeddings: Embedding 162/377 data/courses/.files/2025/course-81678-B.yml
2026-07-03 08:14:00,849 INFO clustering.embeddings: Embedding 163/377 data/courses/.files/2025/course-81683.yml
2026-07-03 08:14:00,903 INFO clustering.embeddings: Embedding 164/377 data/courses/.files/2025/course-81917.yml
2026-07-03 08:14:00,955 INFO clustering.embeddings: Embedding 165/377 data/courses/.files/2025/course-81932.yml
2026-07-03 08:14:01,007 INFO clustering.embeddings: Embedding 166/377 data/courses/.files/2025/course-81934.yml
2026-07-03 08:14:01,061 INFO clustering.embeddings: Embedding 167/377 data/courses/.files/2025/course-81940.yml
2026-07-03 08:14:01,114 INFO clustering.embeddings: Embedding 168/377 data/courses/.files/2025/course-81942.yml
2026-07-03 08:14:01,166 INFO clustering.embeddings: Embedding 169/377 data/courses/.files/2025/course-82202-A.yml
2026-07-03 08:14:01,220 INFO clustering.embeddings: Embedding 170/377 data/courses/.files/2025/course-82202-B.yml
2026-07-03 08:14:01,273 INFO clustering.embeddings: Embedding 171/377 data/courses/.files/2025/course-84258.yml
2026-07-03 08:14:01,325 INFO clustering.embeddings: Embedding 172/377 data/courses/.files/2025/course-84339.yml
2026-07-03 08:14:01,378 INFO clustering.embeddings: Embedding 173/377 data/courses/.files/2025/course-84401.yml
2026-07-03 08:14:01,431 INFO clustering.embeddings: Embedding 174/377 data/courses/.files/2025/course-84442.yml
2026-07-03 08:14:01,484 INFO clustering.embeddings: Embedding 175/377 data/courses/.files/2025/course-84530.yml
2026-07-03 08:14:01,538 INFO clustering.embeddings: Embedding 176/377 data/courses/.files/2025/course-84531.yml
2026-07-03 08:14:01,591 INFO clustering.embeddings: Embedding 177/377 data/courses/.files/2025/course-85189.yml
2026-07-03 08:14:01,644 INFO clustering.embeddings: Embedding 178/377 data/courses/.files/2025/course-85285.yml
2026-07-03 08:14:01,705 INFO clustering.embeddings: Embedding 179/377 data/courses/.files/2025/course-85301.yml
2026-07-03 08:14:01,756 INFO clustering.embeddings: Embedding 180/377 data/courses/.files/2025/course-85445.yml
2026-07-03 08:14:01,811 INFO clustering.embeddings: Embedding 181/377 data/courses/.files/2025/course-85446.yml
2026-07-03 08:14:01,864 INFO clustering.embeddings: Embedding 182/377 data/courses/.files/2025/course-85573.yml
2026-07-03 08:14:01,918 INFO clustering.embeddings: Embedding 183/377 data/courses/.files/2025/course-85728.yml
2026-07-03 08:14:01,970 INFO clustering.embeddings: Embedding 184/377 data/courses/.files/2025/course-85730.yml
2026-07-03 08:14:02,050 INFO clustering.embeddings: Embedding 185/377 data/courses/.files/2025/course-85733.yml
2026-07-03 08:14:02,103 INFO clustering.embeddings: Embedding 186/377 data/courses/.files/2025/course-85734.yml
2026-07-03 08:14:02,156 INFO clustering.embeddings: Embedding 187/377 data/courses/.files/2025/course-87198.yml
2026-07-03 08:14:02,210 INFO clustering.embeddings: Embedding 188/377 data/courses/.files/2025/course-87469.yml
2026-07-03 08:14:02,263 INFO clustering.embeddings: Embedding 189/377 data/courses/.files/2025/course-87474.yml
2026-07-03 08:14:02,316 INFO clustering.embeddings: Embedding 190/377 data/courses/.files/2025/course-87898.yml
2026-07-03 08:14:02,370 INFO clustering.embeddings: Embedding 191/377 data/courses/.files/2025/course-87901.yml
2026-07-03 08:14:02,423 INFO clustering.embeddings: Embedding 192/377 data/courses/.files/2025/course-88016.yml
2026-07-03 08:14:02,474 INFO clustering.embeddings: Embedding 193/377 data/courses/.files/2025/course-88145.yml
2026-07-03 08:14:02,527 INFO clustering.embeddings: Embedding 194/377 data/courses/.files/2025/course-88146.yml
2026-07-03 08:14:02,580 INFO clustering.embeddings: Embedding 195/377 data/courses/.files/2025/course-88154.yml
2026-07-03 08:14:02,632 INFO clustering.embeddings: Embedding 196/377 data/courses/.files/2025/course-88155.yml
2026-07-03 08:14:02,686 INFO clustering.embeddings: Embedding 197/377 data/courses/.files/2025/course-88202.yml
2026-07-03 08:14:02,739 INFO clustering.embeddings: Embedding 198/377 data/courses/.files/2025/course-88228.yml
2026-07-03 08:14:02,793 INFO clustering.embeddings: Embedding 199/377 data/courses/.files/2025/course-88230.yml
2026-07-03 08:14:02,847 INFO clustering.embeddings: Embedding 200/377 data/courses/.files/2025/course-88324.yml
2026-07-03 08:14:02,900 INFO clustering.embeddings: Embedding 201/377 data/courses/.files/2025/course-88325.yml
2026-07-03 08:14:02,953 INFO clustering.embeddings: Embedding 202/377 data/courses/.files/2025/course-88566.yml
2026-07-03 08:14:03,005 INFO clustering.embeddings: Embedding 203/377 data/courses/.files/2025/course-89988.yml
2026-07-03 08:14:03,059 INFO clustering.embeddings: Embedding 204/377 data/courses/.files/2025/course-90074.yml
2026-07-03 08:14:03,112 INFO clustering.embeddings: Embedding 205/377 data/courses/.files/2025/course-90106-A.yml
2026-07-03 08:14:03,165 INFO clustering.embeddings: Embedding 206/377 data/courses/.files/2025/course-90106-B.yml
2026-07-03 08:14:03,219 INFO clustering.embeddings: Embedding 207/377 data/courses/.files/2025/course-90107.yml
2026-07-03 08:14:03,272 INFO clustering.embeddings: Embedding 208/377 data/courses/.files/2025/course-90147.yml
2026-07-03 08:14:03,325 INFO clustering.embeddings: Embedding 209/377 data/courses/.files/2025/course-90157.yml
2026-07-03 08:14:03,378 INFO clustering.embeddings: Embedding 210/377 data/courses/.files/2025/course-90392.yml
2026-07-03 08:14:03,432 INFO clustering.embeddings: Embedding 211/377 data/courses/.files/2025/course-90477.yml
2026-07-03 08:14:03,485 INFO clustering.embeddings: Embedding 212/377 data/courses/.files/2025/course-90720.yml
2026-07-03 08:14:03,539 INFO clustering.embeddings: Embedding 213/377 data/courses/.files/2025/course-90730.yml
2026-07-03 08:14:03,592 INFO clustering.embeddings: Embedding 214/377 data/courses/.files/2025/course-90748.yml
2026-07-03 08:14:03,645 INFO clustering.embeddings: Embedding 215/377 data/courses/.files/2025/course-90749.yml
2026-07-03 08:14:03,699 INFO clustering.embeddings: Embedding 216/377 data/courses/.files/2025/course-90864.yml
2026-07-03 08:14:03,753 INFO clustering.embeddings: Embedding 217/377 data/courses/.files/2025/course-91161.yml
2026-07-03 08:14:03,843 INFO clustering.embeddings: Embedding 218/377 data/courses/.files/2025/course-91248.yml
2026-07-03 08:14:03,897 INFO clustering.embeddings: Embedding 219/377 data/courses/.files/2025/course-91250-A.yml
2026-07-03 08:14:03,952 INFO clustering.embeddings: Embedding 220/377 data/courses/.files/2025/course-91250-B.yml
2026-07-03 08:14:04,007 INFO clustering.embeddings: Embedding 221/377 data/courses/.files/2025/course-91250-C.yml
2026-07-03 08:14:04,061 INFO clustering.embeddings: Embedding 222/377 data/courses/.files/2025/course-91250-D.yml
2026-07-03 08:14:04,116 INFO clustering.embeddings: Embedding 223/377 data/courses/.files/2025/course-91254.yml
2026-07-03 08:14:04,170 INFO clustering.embeddings: Embedding 224/377 data/courses/.files/2025/course-91258-A.yml
2026-07-03 08:14:04,226 INFO clustering.embeddings: Embedding 225/377 data/courses/.files/2025/course-91258-B.yml
2026-07-03 08:14:04,282 INFO clustering.embeddings: Embedding 226/377 data/courses/.files/2025/course-91258-C.yml
2026-07-03 08:14:04,338 INFO clustering.embeddings: Embedding 227/377 data/courses/.files/2025/course-91259.yml
2026-07-03 08:14:04,394 INFO clustering.embeddings: Embedding 228/377 data/courses/.files/2025/course-91261.yml
2026-07-03 08:14:04,448 INFO clustering.embeddings: Embedding 229/377 data/courses/.files/2025/course-91264.yml
2026-07-03 08:14:04,502 INFO clustering.embeddings: Embedding 230/377 data/courses/.files/2025/course-91265.yml
2026-07-03 08:14:04,557 INFO clustering.embeddings: Embedding 231/377 data/courses/.files/2025/course-91266.yml
2026-07-03 08:14:04,611 INFO clustering.embeddings: Embedding 232/377 data/courses/.files/2025/course-91267.yml
2026-07-03 08:14:04,665 INFO clustering.embeddings: Embedding 233/377 data/courses/.files/2025/course-91269.yml
2026-07-03 08:14:04,718 INFO clustering.embeddings: Embedding 234/377 data/courses/.files/2025/course-91411.yml
2026-07-03 08:14:04,772 INFO clustering.embeddings: Embedding 235/377 data/courses/.files/2025/course-91602.yml
2026-07-03 08:14:04,829 INFO clustering.embeddings: Embedding 236/377 data/courses/.files/2025/course-91685.yml
2026-07-03 08:14:04,883 INFO clustering.embeddings: Embedding 237/377 data/courses/.files/2025/course-91721.yml
2026-07-03 08:14:04,942 INFO clustering.embeddings: Embedding 238/377 data/courses/.files/2025/course-91762.yml
2026-07-03 08:14:05,001 INFO clustering.embeddings: Embedding 239/377 data/courses/.files/2025/course-92858.yml
2026-07-03 08:14:05,057 INFO clustering.embeddings: Embedding 240/377 data/courses/.files/2025/course-93034-A.yml
2026-07-03 08:14:05,111 INFO clustering.embeddings: Embedding 241/377 data/courses/.files/2025/course-93034-B.yml
2026-07-03 08:14:05,167 INFO clustering.embeddings: Embedding 242/377 data/courses/.files/2025/course-93034-C.yml
2026-07-03 08:14:05,223 INFO clustering.embeddings: Embedding 243/377 data/courses/.files/2025/course-93315.yml
2026-07-03 08:14:05,279 INFO clustering.embeddings: Embedding 244/377 data/courses/.files/2025/course-93319.yml
2026-07-03 08:14:05,336 INFO clustering.embeddings: Embedding 245/377 data/courses/.files/2025/course-93321.yml
2026-07-03 08:14:05,392 INFO clustering.embeddings: Embedding 246/377 data/courses/.files/2025/course-93322.yml
2026-07-03 08:14:05,447 INFO clustering.embeddings: Embedding 247/377 data/courses/.files/2025/course-93333.yml
2026-07-03 08:14:05,504 INFO clustering.embeddings: Embedding 248/377 data/courses/.files/2025/course-93363.yml
2026-07-03 08:14:05,559 INFO clustering.embeddings: Embedding 249/377 data/courses/.files/2025/course-93379.yml
2026-07-03 08:14:05,615 INFO clustering.embeddings: Embedding 250/377 data/courses/.files/2025/course-93390.yml
2026-07-03 08:14:05,671 INFO clustering.embeddings: Embedding 251/377 data/courses/.files/2025/course-93391.yml
2026-07-03 08:14:05,765 INFO clustering.embeddings: Embedding 252/377 data/courses/.files/2025/course-93392.yml
2026-07-03 08:14:05,838 INFO clustering.embeddings: Embedding 253/377 data/courses/.files/2025/course-93395.yml
2026-07-03 08:14:05,898 INFO clustering.embeddings: Embedding 254/377 data/courses/.files/2025/course-93398.yml
2026-07-03 08:14:05,965 INFO clustering.embeddings: Embedding 255/377 data/courses/.files/2025/course-93466.yml
2026-07-03 08:14:06,020 INFO clustering.embeddings: Embedding 256/377 data/courses/.files/2025/course-93467.yml
2026-07-03 08:14:06,075 INFO clustering.embeddings: Embedding 257/377 data/courses/.files/2025/course-93468.yml
2026-07-03 08:14:06,131 INFO clustering.embeddings: Embedding 258/377 data/courses/.files/2025/course-93469.yml
2026-07-03 08:14:06,186 INFO clustering.embeddings: Embedding 259/377 data/courses/.files/2025/course-93470-A.yml
2026-07-03 08:14:06,242 INFO clustering.embeddings: Embedding 260/377 data/courses/.files/2025/course-93470-B.yml
2026-07-03 08:14:06,295 INFO clustering.embeddings: Embedding 261/377 data/courses/.files/2025/course-93478.yml
2026-07-03 08:14:06,351 INFO clustering.embeddings: Embedding 262/377 data/courses/.files/2025/course-93653.yml
2026-07-03 08:14:06,407 INFO clustering.embeddings: Embedding 263/377 data/courses/.files/2025/course-93669.yml
2026-07-03 08:14:06,462 INFO clustering.embeddings: Embedding 264/377 data/courses/.files/2025/course-93929.yml
2026-07-03 08:14:06,517 INFO clustering.embeddings: Embedding 265/377 data/courses/.files/2025/course-94247.yml
2026-07-03 08:14:06,573 INFO clustering.embeddings: Embedding 266/377 data/courses/.files/2025/course-94272.yml
2026-07-03 08:14:06,674 INFO clustering.embeddings: Embedding 267/377 data/courses/.files/2025/course-94442.yml
2026-07-03 08:14:06,731 INFO clustering.embeddings: Embedding 268/377 data/courses/.files/2025/course-95602.yml
2026-07-03 08:14:06,787 INFO clustering.embeddings: Embedding 269/377 data/courses/.files/2025/course-95604.yml
2026-07-03 08:14:06,843 INFO clustering.embeddings: Embedding 270/377 data/courses/.files/2025/course-95605.yml
2026-07-03 08:14:06,898 INFO clustering.embeddings: Embedding 271/377 data/courses/.files/2025/course-95611.yml
2026-07-03 08:14:06,954 INFO clustering.embeddings: Embedding 272/377 data/courses/.files/2025/course-95627.yml
2026-07-03 08:14:07,009 INFO clustering.embeddings: Embedding 273/377 data/courses/.files/2025/course-95630.yml
2026-07-03 08:14:07,064 INFO clustering.embeddings: Embedding 274/377 data/courses/.files/2025/course-95631-A.yml
2026-07-03 08:14:07,119 INFO clustering.embeddings: Embedding 275/377 data/courses/.files/2025/course-95631-B.yml
2026-07-03 08:14:07,174 INFO clustering.embeddings: Embedding 276/377 data/courses/.files/2025/course-95632.yml
2026-07-03 08:14:07,229 INFO clustering.embeddings: Embedding 277/377 data/courses/.files/2025/course-95638.yml
2026-07-03 08:14:07,284 INFO clustering.embeddings: Embedding 278/377 data/courses/.files/2025/course-95639.yml
2026-07-03 08:14:07,338 INFO clustering.embeddings: Embedding 279/377 data/courses/.files/2025/course-95644.yml
2026-07-03 08:14:07,393 INFO clustering.embeddings: Embedding 280/377 data/courses/.files/2025/course-95645.yml
2026-07-03 08:14:07,448 INFO clustering.embeddings: Embedding 281/377 data/courses/.files/2025/course-95646.yml
2026-07-03 08:14:07,503 INFO clustering.embeddings: Embedding 282/377 data/courses/.files/2025/course-95648.yml
2026-07-03 08:14:07,559 INFO clustering.embeddings: Embedding 283/377 data/courses/.files/2025/course-95782.yml
2026-07-03 08:14:07,613 INFO clustering.embeddings: Embedding 284/377 data/courses/.files/2025/course-95965.yml
2026-07-03 08:14:07,668 INFO clustering.embeddings: Embedding 285/377 data/courses/.files/2025/course-96007.yml
2026-07-03 08:14:07,723 INFO clustering.embeddings: Embedding 286/377 data/courses/.files/2025/course-96142.yml
2026-07-03 08:14:07,779 INFO clustering.embeddings: Embedding 287/377 data/courses/.files/2025/course-96143.yml
2026-07-03 08:14:07,833 INFO clustering.embeddings: Embedding 288/377 data/courses/.files/2025/course-96346-A.yml
2026-07-03 08:14:07,888 INFO clustering.embeddings: Embedding 289/377 data/courses/.files/2025/course-96346-B.yml
2026-07-03 08:14:07,945 INFO clustering.embeddings: Embedding 290/377 data/courses/.files/2025/course-96346-C.yml
2026-07-03 08:14:08,001 INFO clustering.embeddings: Embedding 291/377 data/courses/.files/2025/course-96642.yml
2026-07-03 08:14:08,057 INFO clustering.embeddings: Embedding 292/377 data/courses/.files/2025/course-96725-A.yml
2026-07-03 08:14:08,112 INFO clustering.embeddings: Embedding 293/377 data/courses/.files/2025/course-96725-B.yml
2026-07-03 08:14:08,167 INFO clustering.embeddings: Embedding 294/377 data/courses/.files/2025/course-96793.yml
2026-07-03 08:14:08,221 INFO clustering.embeddings: Embedding 295/377 data/courses/.files/2025/course-96859.yml
2026-07-03 08:14:08,276 INFO clustering.embeddings: Embedding 296/377 data/courses/.files/2025/course-96994.yml
2026-07-03 08:14:08,332 INFO clustering.embeddings: Embedding 297/377 data/courses/.files/2025/course-96995.yml
2026-07-03 08:14:08,390 INFO clustering.embeddings: Embedding 298/377 data/courses/.files/2025/course-97431.yml
2026-07-03 08:14:08,450 INFO clustering.embeddings: Embedding 299/377 data/courses/.files/2025/course-97466.yml
2026-07-03 08:14:08,505 INFO clustering.embeddings: Embedding 300/377 data/courses/.files/2025/course-97467.yml
2026-07-03 08:14:08,560 INFO clustering.embeddings: Embedding 301/377 data/courses/.files/2025/course-98618.yml
2026-07-03 08:14:08,616 INFO clustering.embeddings: Embedding 302/377 data/courses/.files/2025/course-98671.yml
2026-07-03 08:14:08,671 INFO clustering.embeddings: Embedding 303/377 data/courses/.files/2025/course-98735.yml
2026-07-03 08:14:08,728 INFO clustering.embeddings: Embedding 304/377 data/courses/.files/2025/course-98931.yml
2026-07-03 08:14:08,784 INFO clustering.embeddings: Embedding 305/377 data/courses/.files/2025/course-99191.yml
2026-07-03 08:14:08,914 INFO clustering.embeddings: Embedding 306/377 data/courses/.files/2025/course-99192.yml
2026-07-03 08:14:08,975 INFO clustering.embeddings: Embedding 307/377 data/courses/.files/2025/course-99195.yml
2026-07-03 08:14:09,033 INFO clustering.embeddings: Embedding 308/377 data/courses/.files/2025/course-B0009.yml
2026-07-03 08:14:09,088 INFO clustering.embeddings: Embedding 309/377 data/courses/.files/2025/course-B0010.yml
2026-07-03 08:14:09,145 INFO clustering.embeddings: Embedding 310/377 data/courses/.files/2025/course-B0011.yml
2026-07-03 08:14:09,199 INFO clustering.embeddings: Embedding 311/377 data/courses/.files/2025/course-B0061.yml
2026-07-03 08:14:09,254 INFO clustering.embeddings: Embedding 312/377 data/courses/.files/2025/course-B0063.yml
2026-07-03 08:14:09,308 INFO clustering.embeddings: Embedding 313/377 data/courses/.files/2025/course-B0064.yml
2026-07-03 08:14:09,362 INFO clustering.embeddings: Embedding 314/377 data/courses/.files/2025/course-B0069.yml
2026-07-03 08:14:09,416 INFO clustering.embeddings: Embedding 315/377 data/courses/.files/2025/course-B0070.yml
2026-07-03 08:14:09,470 INFO clustering.embeddings: Embedding 316/377 data/courses/.files/2025/course-B0073.yml
2026-07-03 08:14:09,525 INFO clustering.embeddings: Embedding 317/377 data/courses/.files/2025/course-B0074.yml
2026-07-03 08:14:09,579 INFO clustering.embeddings: Embedding 318/377 data/courses/.files/2025/course-B0159.yml
2026-07-03 08:14:09,636 INFO clustering.embeddings: Embedding 319/377 data/courses/.files/2025/course-B0385.yml
2026-07-03 08:14:09,691 INFO clustering.embeddings: Embedding 320/377 data/courses/.files/2025/course-B0832.yml
2026-07-03 08:14:09,746 INFO clustering.embeddings: Embedding 321/377 data/courses/.files/2025/course-B0833.yml
2026-07-03 08:14:09,801 INFO clustering.embeddings: Embedding 322/377 data/courses/.files/2025/course-B1459.yml
2026-07-03 08:14:09,857 INFO clustering.embeddings: Embedding 323/377 data/courses/.files/2025/course-B1703.yml
2026-07-03 08:14:09,915 INFO clustering.embeddings: Embedding 324/377 data/courses/.files/2025/course-B1873.yml
2026-07-03 08:14:09,971 INFO clustering.embeddings: Embedding 325/377 data/courses/.files/2025/course-B1874.yml
2026-07-03 08:14:10,027 INFO clustering.embeddings: Embedding 326/377 data/courses/.files/2025/course-B2125.yml
2026-07-03 08:14:10,083 INFO clustering.embeddings: Embedding 327/377 data/courses/.files/2025/course-B2133.yml
2026-07-03 08:14:10,139 INFO clustering.embeddings: Embedding 328/377 data/courses/.files/2025/course-B2250.yml
2026-07-03 08:14:10,195 INFO clustering.embeddings: Embedding 329/377 data/courses/.files/2025/course-B2361.yml
2026-07-03 08:14:10,280 INFO clustering.embeddings: Embedding 330/377 data/courses/.files/2025/course-B2696.yml
2026-07-03 08:14:10,336 INFO clustering.embeddings: Embedding 331/377 data/courses/.files/2025/course-B3567.yml
2026-07-03 08:14:10,394 INFO clustering.embeddings: Embedding 332/377 data/courses/.files/2025/course-B4826.yml
2026-07-03 08:14:10,449 INFO clustering.embeddings: Embedding 333/377 data/courses/.files/2025/course-B4913.yml
2026-07-03 08:14:10,506 INFO clustering.embeddings: Embedding 334/377 data/courses/.files/2025/course-B4925.yml
2026-07-03 08:14:10,561 INFO clustering.embeddings: Embedding 335/377 data/courses/.files/2025/course-B4940.yml
2026-07-03 08:14:10,616 INFO clustering.embeddings: Embedding 336/377 data/courses/.files/2025/course-B4948.yml
2026-07-03 08:14:10,671 INFO clustering.embeddings: Embedding 337/377 data/courses/.files/2025/course-B5026.yml
2026-07-03 08:14:10,726 INFO clustering.embeddings: Embedding 338/377 data/courses/.files/2025/course-B5059.yml
2026-07-03 08:14:10,781 INFO clustering.embeddings: Embedding 339/377 data/courses/.files/2025/course-B5079.yml
2026-07-03 08:14:10,836 INFO clustering.embeddings: Embedding 340/377 data/courses/.files/2025/course-B5292.yml
2026-07-03 08:14:10,892 INFO clustering.embeddings: Embedding 341/377 data/courses/.files/2025/course-B5293.yml
2026-07-03 08:14:10,947 INFO clustering.embeddings: Embedding 342/377 data/courses/.files/2025/course-B5474.yml
2026-07-03 08:14:11,002 INFO clustering.embeddings: Embedding 343/377 data/courses/.files/2025/course-B5665.yml
2026-07-03 08:14:11,057 INFO clustering.embeddings: Embedding 344/377 data/courses/.files/2025/course-B5674.yml
2026-07-03 08:14:11,112 INFO clustering.embeddings: Embedding 345/377 data/courses/.files/2025/course-B5722.yml
2026-07-03 08:14:11,167 INFO clustering.embeddings: Embedding 346/377 data/courses/.files/2025/course-B5727.yml
2026-07-03 08:14:11,222 INFO clustering.embeddings: Embedding 347/377 data/courses/.files/2025/course-B5780.yml
2026-07-03 08:14:11,278 INFO clustering.embeddings: Embedding 348/377 data/courses/.files/2025/course-B5782.yml
2026-07-03 08:14:11,333 INFO clustering.embeddings: Embedding 349/377 data/courses/.files/2025/course-B5793.yml
2026-07-03 08:14:11,389 INFO clustering.embeddings: Embedding 350/377 data/courses/.files/2025/course-B5796.yml
2026-07-03 08:14:11,445 INFO clustering.embeddings: Embedding 351/377 data/courses/.files/2025/course-B5812.yml
2026-07-03 08:14:11,500 INFO clustering.embeddings: Embedding 352/377 data/courses/.files/2025/course-B6082.yml
2026-07-03 08:14:11,555 INFO clustering.embeddings: Embedding 353/377 data/courses/.files/2025/course-B8018.yml
2026-07-03 08:14:11,609 INFO clustering.embeddings: Embedding 354/377 data/courses/.files/2025/course-B8019.yml
2026-07-03 08:14:11,662 INFO clustering.embeddings: Embedding 355/377 data/courses/.files/2025/course-B8105.yml
2026-07-03 08:14:11,715 INFO clustering.embeddings: Embedding 356/377 data/courses/.files/2025/course-B8159.yml
2026-07-03 08:14:11,769 INFO clustering.embeddings: Embedding 357/377 data/courses/.files/2025/course-B8309.yml
2026-07-03 08:14:11,810 INFO clustering.embeddings: Embedding 358/377 data/courses/.files/2025/course-B8310.yml
2026-07-03 08:14:11,853 INFO clustering.embeddings: Embedding 359/377 data/courses/.files/2025/course-B8311.yml
2026-07-03 08:14:11,907 INFO clustering.embeddings: Embedding 360/377 data/courses/.files/2025/course-B8378.yml
2026-07-03 08:14:11,963 INFO clustering.embeddings: Embedding 361/377 data/courses/.files/2025/course-B8379.yml
2026-07-03 08:14:12,017 INFO clustering.embeddings: Embedding 362/377 data/courses/.files/2025/course-B8390.yml
2026-07-03 08:14:12,071 INFO clustering.embeddings: Embedding 363/377 data/courses/.files/2025/course-B8396.yml
2026-07-03 08:14:12,152 INFO clustering.embeddings: Embedding 364/377 data/courses/.files/2025/course-B8536-A.yml
2026-07-03 08:14:12,208 INFO clustering.embeddings: Embedding 365/377 data/courses/.files/2025/course-B8536-B.yml
2026-07-03 08:14:12,262 INFO clustering.embeddings: Embedding 366/377 data/courses/.files/2025/course-B8536-C.yml
2026-07-03 08:14:12,317 INFO clustering.embeddings: Embedding 367/377 data/courses/.files/2025/course-B8554-A.yml
2026-07-03 08:14:12,371 INFO clustering.embeddings: Embedding 368/377 data/courses/.files/2025/course-B8554-B.yml
2026-07-03 08:14:12,424 INFO clustering.embeddings: Embedding 369/377 data/courses/.files/2025/course-B8561.yml
2026-07-03 08:14:12,477 INFO clustering.embeddings: Embedding 370/377 data/courses/.files/2025/course-B8562.yml
2026-07-03 08:14:12,531 INFO clustering.embeddings: Embedding 371/377 data/courses/.files/2025/course-B8563.yml
2026-07-03 08:14:12,586 INFO clustering.embeddings: Embedding 372/377 data/courses/.files/2025/course-B8603.yml
2026-07-03 08:14:12,640 INFO clustering.embeddings: Embedding 373/377 data/courses/.files/2025/course-B8836.yml
2026-07-03 08:14:12,695 INFO clustering.embeddings: Embedding 374/377 data/courses/.files/2025/course-B8905.yml
2026-07-03 08:14:12,749 INFO clustering.embeddings: Embedding 375/377 data/courses/.files/2025/course-B8929.yml
2026-07-03 08:14:12,804 INFO clustering.embeddings: Embedding 376/377 data/courses/.files/2025/course-B9254.yml
2026-07-03 08:14:12,860 INFO clustering.embeddings: Embedding 377/377 data/courses/.files/2025/course-C7674.yml
run_dir: data/clusters/runs/2025-20260703-081516-agglomerative
