2026-06-25 13:46:55 INFO download_programmes: Command line: download_programmes.py
2026-06-25 13:46:55 INFO download_programmes: Starting crawl for catalog=all year=2025
2026-06-25 13:46:55 INFO download_programmes: Parsed bigea programme 5823: 'Natural Sciences' from https://www.unibo.it/en/study/first-and-single-cycle-degree/programme/2025/5823
2026-06-25 13:46:55 INFO download_programmes: Parsed bigea programme 5909: 'Biology of Human and Environmental Health' from https://www.unibo.it/en/study/first-and-single-cycle-degree/programme/2025/5909
2026-06-25 13:46:55 INFO download_programmes: Parsed bigea programme 5982: 'Biological Sciences' from https://www.unibo.it/en/study/first-and-single-cycle-degree/programme/2025/5982
2026-06-25 13:46:55 INFO download_programmes: Parsed bigea programme 6605: 'Biological Sciences' from https://www.unibo.it/en/study/first-and-single-cycle-degree/programme/2025/6605
2026-06-25 13:46:55 INFO download_programmes: Parsed bigea programme 6642: 'Environmental Sciences' from https://www.unibo.it/en/study/first-and-single-cycle-degree/programme/2025/6642
2026-06-25 13:46:55 INFO download_programmes: Parsed bigea programme 6643: 'Natural Sciences' from https://www.unibo.it/en/study/first-and-single-cycle-degree/programme/2025/6643
2026-06-25 13:46:55 INFO download_programmes: Parsed bigea programme 6648: 'Geological Sciences' from https://www.unibo.it/en/study/first-and-single-cycle-degree/programme/2025/6648
2026-06-25 13:46:55 INFO download_programmes: Parsed bigea programme 8011: 'Environmental Sciences' from https://www.unibo.it/en/study/first-and-single-cycle-degree/programme/2025/8011
2026-06-25 13:46:55 INFO download_programmes: Parsed bigea programme 8015: 'Geological Sciences' from https://www.unibo.it/en/study/first-and-single-cycle-degree/programme/2025/8015
2026-06-25 13:46:55 INFO download_programmes: Parsed chim programme 6631: 'Chemistry and Materials Chemistry' from https://www.unibo.it/en/study/first-and-single-cycle-degree/programme/2025/6631
2026-06-25 13:46:55 INFO download_programmes: Parsed chim programme 8006: 'Chemistry and Materials Chemistry' from https://www.unibo.it/en/study/first-and-single-cycle-degree/programme/2025/8006
2026-06-25 13:46:55 INFO download_programmes: Parsed chimind programme 6006: 'Chemical methodologies for products and processes' from https://www.unibo.it/en/study/first-and-single-cycle-degree/programme/2025/6006
2026-06-25 13:46:55 INFO download_programmes: Parsed chimind programme 6065: 'Industrial Chemistry' from https://www.unibo.it/en/study/first-and-single-cycle-degree/programme/2025/6065
2026-06-25 13:46:55 INFO download_programmes: Parsed chimind programme 6632: 'Industrial Chemistry' from https://www.unibo.it/en/study/first-and-single-cycle-degree/programme/2025/6632
2026-06-25 13:46:55 INFO download_programmes: Parsed chimind programme 6633: 'Chemistry and Technologies for the Environment and Materials' from https://www.unibo.it/en/study/first-and-single-cycle-degree/programme/2025/6633
2026-06-25 13:46:55 INFO download_programmes: Parsed chimind programme 6634: 'Chemistry and Technologies for the Environment and Materials' from https://www.unibo.it/en/study/first-and-single-cycle-degree/programme/2025/6634
2026-06-25 13:46:55 INFO download_programmes: Parsed chimind programme 8513: 'Industrial Chemistry' from https://www.unibo.it/en/study/first-and-single-cycle-degree/programme/2025/8513
2026-06-25 13:46:55 INFO download_programmes: Parsed chimind programme 8514: 'Chemistry and Technologies for the Environment and Materials' from https://www.unibo.it/en/study/first-and-single-cycle-degree/programme/2025/8514
2026-06-25 13:46:55 INFO download_programmes: Parsed chimind programme 8515: 'Chemistry and Technologies for the Environment and Materials' from https://www.unibo.it/en/study/first-and-single-cycle-degree/programme/2025/8515
2026-06-25 13:46:55 INFO download_programmes: Parsed da programme 5695: 'Architecture-Engineering' from https://www.unibo.it/en/study/first-and-single-cycle-degree/programme/2025/5695
2026-06-25 13:46:55 INFO download_programmes: Parsed da programme 6608: 'Architecture-Engineering' from https://www.unibo.it/en/study/first-and-single-cycle-degree/programme/2025/6608
2026-06-25 13:46:55 INFO download_programmes: Parsed da programme 6658: 'Industrial Design' from https://www.unibo.it/en/study/first-and-single-cycle-degree/programme/2025/6658
2026-06-25 13:46:55 INFO download_programmes: Parsed da programme 6729: 'Architecture' from https://www.unibo.it/en/study/first-and-single-cycle-degree/programme/2025/6729
2026-06-25 13:46:55 INFO download_programmes: Parsed da programme 8182: 'Industrial Design' from https://www.unibo.it/en/study/first-and-single-cycle-degree/programme/2025/8182
2026-06-25 13:46:55 INFO download_programmes: Parsed da programme 9265: 'Architecture' from https://www.unibo.it/en/study/first-and-single-cycle-degree/programme/2025/9265
2026-06-25 13:46:55 INFO download_programmes: Parsed dar programme 5821: 'Drama, Art and Music Studies' from https://www.unibo.it/en/study/first-and-single-cycle-degree/programme/2025/5821
2026-06-25 13:46:55 INFO download_programmes: Parsed dar programme 5975: 'Communication Sciences' from https://www.unibo.it/en/study/first-and-single-cycle-degree/programme/2025/5975
2026-06-25 13:46:55 INFO download_programmes: Parsed dar programme 6620: 'Communication Sciences' from https://www.unibo.it/en/study/first-and-single-cycle-degree/programme/2025/6620
2026-06-25 13:46:55 INFO download_programmes: Parsed dar programme 6636: 'Fashion Cultures and Practices' from https://www.unibo.it/en/study/first-and-single-cycle-degree/programme/2025/6636
2026-06-25 13:46:55 INFO download_programmes: Parsed dar programme 6637: 'Drama, Art and Music Studies' from https://www.unibo.it/en/study/first-and-single-cycle-degree/programme/2025/6637
2026-06-25 13:46:55 INFO download_programmes: Parsed dar programme 9064: 'Fashion Cultures and Practices' from https://www.unibo.it/en/study/first-and-single-cycle-degree/programme/2025/9064
2026-06-25 13:46:55 INFO download_programmes: Parsed dbc programme 5974: 'Mediterranean History, Societies and Cultures' from https://www.unibo.it/en/study/first-and-single-cycle-degree/programme/2025/5974
2026-06-25 13:46:55 INFO download_programmes: Parsed dbc programme 6600: 'Cultural Heritage' from https://www.unibo.it/en/study/first-and-single-cycle-degree/programme/2025/6600
2026-06-25 13:46:55 INFO download_programmes: Parsed dbc programme 8616: 'Conservation and restoration of cultural heritage' from https://www.unibo.it/en/study/first-and-single-cycle-degree/programme/2025/8616
2026-06-25 13:46:55 INFO download_programmes: Parsed dbc programme 9076: 'Cultural Heritage' from https://www.unibo.it/en/study/first-and-single-cycle-degree/programme/2025/9076
2026-06-25 13:46:55 INFO download_programmes: Parsed dei programme 5822: 'Electrical Energy Engineering' from https://www.unibo.it/en/study/first-and-single-cycle-degree/programme/2025/5822
2026-06-25 13:46:55 INFO download_programmes: Parsed dei programme 5834: 'Electronics Engineering' from https://www.unibo.it/en/study/first-and-single-cycle-degree/programme/2025/5834
2026-06-25 13:46:55 INFO download_programmes: Parsed dei programme 6009: 'Mechatronics' from https://www.unibo.it/en/study/first-and-single-cycle-degree/programme/2025/6009
2026-06-25 13:46:55 INFO download_programmes: Parsed dei programme 6669: 'Biomedical Engineering' from https://www.unibo.it/en/study/first-and-single-cycle-degree/programme/2025/6669
2026-06-25 13:46:55 INFO download_programmes: Parsed dei programme 6670: 'Electronics Engineering' from https://www.unibo.it/en/study/first-and-single-cycle-degree/programme/2025/6670
2026-06-25 13:46:55 INFO download_programmes: Parsed dei programme 6671: 'Automation Engineering' from https://www.unibo.it/en/study/first-and-single-cycle-degree/programme/2025/6671
2026-06-25 13:46:55 INFO download_programmes: Parsed dei programme 6672: 'Electronics and Telecommunications Engineering' from https://www.unibo.it/en/study/first-and-single-cycle-degree/programme/2025/6672
2026-06-25 13:46:55 INFO download_programmes: Parsed dei programme 6675: 'Electrical Energy Engineering' from https://www.unibo.it/en/study/first-and-single-cycle-degree/programme/2025/6675
2026-06-25 13:46:55 INFO download_programmes: Parsed dei programme 9065: 'Electronics and Telecommunications Engineering' from https://www.unibo.it/en/study/first-and-single-cycle-degree/programme/2025/9065
2026-06-25 13:46:55 INFO download_programmes: Parsed dei programme 9082: 'Biomedical Engineering' from https://www.unibo.it/en/study/first-and-single-cycle-degree/programme/2025/9082
2026-06-25 13:46:55 INFO download_programmes: Parsed dei programme 9217: 'Automation Engineering' from https://www.unibo.it/en/study/first-and-single-cycle-degree/programme/2025/9217
2026-06-25 13:46:55 INFO download_programmes: Parsed dibinem programme 5708: 'Medicine and Surgery' from https://www.unibo.it/en/study/first-and-single-cycle-degree/programme/2025/5708
2026-06-25 13:46:55 INFO download_programmes: Parsed dibinem programme 5906: 'Medicine and Surgery' from https://www.unibo.it/en/study/first-and-single-cycle-degree/programme/2025/5906
2026-06-25 13:46:55 INFO download_programmes: Parsed dibinem programme 5915: 'Orthopaedics Techniques' from https://www.unibo.it/en/study/first-and-single-cycle-degree/programme/2025/5915
2026-06-25 13:46:55 INFO download_programmes: Parsed dibinem programme 5988: 'School of Dentistry' from https://www.unibo.it/en/study/first-and-single-cycle-degree/programme/2025/5988
2026-06-25 13:46:55 INFO download_programmes: Parsed dibinem programme 6731: 'Medicine and Surgery' from https://www.unibo.it/en/study/first-and-single-cycle-degree/programme/2025/6731
2026-06-25 13:46:55 INFO download_programmes: Parsed dibinem programme 6738: 'School of Dentistry' from https://www.unibo.it/en/study/first-and-single-cycle-degree/programme/2025/6738
2026-06-25 13:46:55 INFO download_programmes: Parsed dibinem programme 8204: 'School of Dentistry' from https://www.unibo.it/en/study/first-and-single-cycle-degree/programme/2025/8204
2026-06-25 13:46:55 INFO download_programmes: Parsed dibinem programme 8476: 'Physiotherapy' from https://www.unibo.it/en/study/first-and-single-cycle-degree/programme/2025/8476
2026-06-25 13:46:55 INFO download_programmes: Parsed dibinem programme 8477: 'Professional education' from https://www.unibo.it/en/study/first-and-single-cycle-degree/programme/2025/8477
2026-06-25 13:46:55 INFO download_programmes: Parsed dibinem programme 8479: 'Podiatry' from https://www.unibo.it/en/study/first-and-single-cycle-degree/programme/2025/8479
2026-06-25 13:46:55 INFO download_programmes: Parsed dibinem programme 8481: 'Dental Hygiene' from https://www.unibo.it/en/study/first-and-single-cycle-degree/programme/2025/8481
2026-06-25 13:46:55 INFO download_programmes: Parsed dibinem programme 8482: 'Neurophysiopathology techniques' from https://www.unibo.it/en/study/first-and-single-cycle-degree/programme/2025/8482
2026-06-25 13:46:55 INFO download_programmes: Parsed dibinem programme 9080: 'Speech and Language Therapy' from https://www.unibo.it/en/study/first-and-single-cycle-degree/programme/2025/9080
2026-06-25 13:46:55 INFO download_programmes: Parsed dicam programme 5897: 'Building Construction Engineering' from https://www.unibo.it/en/study/first-and-single-cycle-degree/programme/2025/5897
2026-06-25 13:46:55 INFO download_programmes: Parsed dicam programme 6008: 'Techniques and Management for Construction and Land' from https://www.unibo.it/en/study/first-and-single-cycle-degree/programme/2025/6008
2026-06-25 13:46:55 INFO download_programmes: Parsed dicam programme 6115: 'Techniques and Management for Construction and Land' from https://www.unibo.it/en/study/first-and-single-cycle-degree/programme/2025/6115
2026-06-25 13:46:55 INFO download_programmes: Parsed dicam programme 6623: 'Building Construction Engineering' from https://www.unibo.it/en/study/first-and-single-cycle-degree/programme/2025/6623
2026-06-25 13:46:55 INFO download_programmes: Parsed dicam programme 6666: 'Environmental Engineering' from https://www.unibo.it/en/study/first-and-single-cycle-degree/programme/2025/6666
2026-06-25 13:46:55 INFO download_programmes: Parsed dicam programme 6667: 'Civil Engineering' from https://www.unibo.it/en/study/first-and-single-cycle-degree/programme/2025/6667
2026-06-25 13:46:55 INFO download_programmes: Parsed dicam programme 6674: 'Chemical and Biochemical Engineering' from https://www.unibo.it/en/study/first-and-single-cycle-degree/programme/2025/6674
2026-06-25 13:46:55 INFO download_programmes: Parsed dicam programme 8887: 'Chemical and Biochemical Engineering' from https://www.unibo.it/en/study/first-and-single-cycle-degree/programme/2025/8887
2026-06-25 13:46:55 INFO download_programmes: Parsed dicam programme 8888: 'Civil Engineering' from https://www.unibo.it/en/study/first-and-single-cycle-degree/programme/2025/8888
2026-06-25 13:46:55 INFO download_programmes: Parsed dicam programme 9198: 'Environmental Engineering' from https://www.unibo.it/en/study/first-and-single-cycle-degree/programme/2025/9198
2026-06-25 13:46:55 INFO download_programmes: Parsed difa programme 5940: 'Materials Science' from https://www.unibo.it/en/study/first-and-single-cycle-degree/programme/2025/5940
2026-06-25 13:46:55 INFO download_programmes: Parsed difa programme 6638: 'Astronomy' from https://www.unibo.it/en/study/first-and-single-cycle-degree/programme/2025/6638
2026-06-25 13:46:55 INFO download_programmes: Parsed difa programme 6639: 'Physics' from https://www.unibo.it/en/study/first-and-single-cycle-degree/programme/2025/6639
2026-06-25 13:46:55 INFO download_programmes: Parsed difa programme 6830: 'Materials Science' from https://www.unibo.it/en/study/first-and-single-cycle-degree/programme/2025/6830
2026-06-25 13:46:55 INFO download_programmes: Parsed difa programme 8004: 'Astronomy' from https://www.unibo.it/en/study/first-and-single-cycle-degree/programme/2025/8004
2026-06-25 13:46:55 INFO download_programmes: Parsed difa programme 9244: 'Physics' from https://www.unibo.it/en/study/first-and-single-cycle-degree/programme/2025/9244
2026-06-25 13:46:55 INFO download_programmes: Parsed dimec programme 5709: 'Medicine and Surgery' from https://www.unibo.it/en/study/first-and-single-cycle-degree/programme/2025/5709
2026-06-25 13:46:55 INFO download_programmes: Parsed dimec programme 5904: 'Medicine and Surgery' from https://www.unibo.it/en/study/first-and-single-cycle-degree/programme/2025/5904
2026-06-25 13:46:55 INFO download_programmes: Parsed dimec programme 5905: 'Medicine and Surgery' from https://www.unibo.it/en/study/first-and-single-cycle-degree/programme/2025/5905
2026-06-25 13:46:55 INFO download_programmes: Parsed dimec programme 5907: 'Nursing' from https://www.unibo.it/en/study/first-and-single-cycle-degree/programme/2025/5907
2026-06-25 13:46:55 INFO download_programmes: Parsed dimec programme 5908: 'Nursing' from https://www.unibo.it/en/study/first-and-single-cycle-degree/programme/2025/5908
2026-06-25 13:46:55 INFO download_programmes: Parsed dimec programme 6063: 'Imaging and Radiotherapy techniques' from https://www.unibo.it/en/study/first-and-single-cycle-degree/programme/2025/6063
2026-06-25 13:46:55 INFO download_programmes: Parsed dimec programme 6064: 'Midwifery' from https://www.unibo.it/en/study/first-and-single-cycle-degree/programme/2025/6064
2026-06-25 13:46:55 INFO download_programmes: Parsed dimec programme 6732: 'Medicine and Surgery' from https://www.unibo.it/en/study/first-and-single-cycle-degree/programme/2025/6732
2026-06-25 13:46:55 INFO download_programmes: Parsed dimec programme 6733: 'Medicine and Surgery' from https://www.unibo.it/en/study/first-and-single-cycle-degree/programme/2025/6733
2026-06-25 13:46:55 INFO download_programmes: Parsed dimec programme 6734: 'Medicine and Surgery' from https://www.unibo.it/en/study/first-and-single-cycle-degree/programme/2025/6734
2026-06-25 13:46:55 INFO download_programmes: Parsed dimec programme 8415: 'Medicine and Surgery' from https://www.unibo.it/en/study/first-and-single-cycle-degree/programme/2025/8415
2026-06-25 13:46:55 INFO download_programmes: Parsed dimec programme 8470: 'Dietistic' from https://www.unibo.it/en/study/first-and-single-cycle-degree/programme/2025/8470
2026-06-25 13:46:55 INFO download_programmes: Parsed dimec programme 8475: 'Nursing' from https://www.unibo.it/en/study/first-and-single-cycle-degree/programme/2025/8475
2026-06-25 13:46:55 INFO download_programmes: Parsed dimec programme 8484: 'Biomedical Laboratory techniques' from https://www.unibo.it/en/study/first-and-single-cycle-degree/programme/2025/8484
2026-06-25 13:46:55 INFO download_programmes: Parsed dimec programme 8487: 'Environment and Workplace Prevention Techniques' from https://www.unibo.it/en/study/first-and-single-cycle-degree/programme/2025/8487
2026-06-25 13:46:55 INFO download_programmes: Parsed dimec programme 9079: 'Imaging and Radiotherapy techniques' from https://www.unibo.it/en/study/first-and-single-cycle-degree/programme/2025/9079
2026-06-25 13:46:55 INFO download_programmes: Parsed dimec programme 9201: 'Midwifery' from https://www.unibo.it/en/study/first-and-single-cycle-degree/programme/2025/9201
2026-06-25 13:46:55 INFO download_programmes: Parsed dimec programme 9210: 'Medicine and Surgery' from https://www.unibo.it/en/study/first-and-single-cycle-degree/programme/2025/9210
2026-06-25 13:46:55 INFO download_programmes: Parsed dimevet programme 5984: 'Veterinary Medicine' from https://www.unibo.it/en/study/first-and-single-cycle-degree/programme/2025/5984
2026-06-25 13:46:55 INFO download_programmes: Parsed dimevet programme 6062: 'Aquaculture and Fish Production Hygiene' from https://www.unibo.it/en/study/first-and-single-cycle-degree/programme/2025/6062
2026-06-25 13:46:55 INFO download_programmes: Parsed dimevet programme 6197: 'Veterinary Medicine' from https://www.unibo.it/en/study/first-and-single-cycle-degree/programme/2025/6197
2026-06-25 13:46:55 INFO download_programmes: Parsed dimevet programme 6656: 'Aquaculture and Fish Production Hygiene' from https://www.unibo.it/en/study/first-and-single-cycle-degree/programme/2025/6656
2026-06-25 13:46:55 INFO download_programmes: Parsed dimevet programme 6735: 'Veterinary Medicine' from https://www.unibo.it/en/study/first-and-single-cycle-degree/programme/2025/6735
2026-06-25 13:46:55 INFO download_programmes: Parsed dimevet programme 8617: 'Veterinary Medicine' from https://www.unibo.it/en/study/first-and-single-cycle-degree/programme/2025/8617
2026-06-25 13:46:55 INFO download_programmes: Parsed dimevet programme 8834: 'Aquaculture and Fish Production Hygiene' from https://www.unibo.it/en/study/first-and-single-cycle-degree/programme/2025/8834
2026-06-25 13:46:55 INFO download_programmes: Parsed din programme 0924: 'Energy Engineering' from https://www.unibo.it/en/study/first-and-single-cycle-degree/programme/2025/0924
2026-06-25 13:46:55 INFO download_programmes: Parsed din programme 0925: 'Engineering Management' from https://www.unibo.it/en/study/first-and-single-cycle-degree/programme/2025/0925
2026-06-25 13:46:55 INFO download_programmes: Parsed din programme 0927: 'Mechanical Engineering' from https://www.unibo.it/en/study/first-and-single-cycle-degree/programme/2025/0927
2026-06-25 13:46:55 INFO download_programmes: Parsed din programme 0949: 'Mechanical Engineering' from https://www.unibo.it/en/study/first-and-single-cycle-degree/programme/2025/0949
2026-06-25 13:46:55 INFO download_programmes: Parsed din programme 5941: 'Polymeric Composite' from https://www.unibo.it/en/study/first-and-single-cycle-degree/programme/2025/5941
2026-06-25 13:46:55 INFO download_programmes: Parsed din programme 6676: 'Aerospace Engineering' from https://www.unibo.it/en/study/first-and-single-cycle-degree/programme/2025/6676
2026-06-25 13:46:55 INFO download_programmes: Parsed din programme 6677: 'Mechanical Engineering' from https://www.unibo.it/en/study/first-and-single-cycle-degree/programme/2025/6677
2026-06-25 13:46:55 INFO download_programmes: Parsed din programme 6678: 'Energy Engineering' from https://www.unibo.it/en/study/first-and-single-cycle-degree/programme/2025/6678
2026-06-25 13:46:55 INFO download_programmes: Parsed din programme 6679: 'Engineering Management' from https://www.unibo.it/en/study/first-and-single-cycle-degree/programme/2025/6679
2026-06-25 13:46:55 INFO download_programmes: Parsed din programme 6680: 'Mechanical Engineering' from https://www.unibo.it/en/study/first-and-single-cycle-degree/programme/2025/6680
2026-06-25 13:46:55 INFO download_programmes: Parsed din programme 9234: 'Aerospace Engineering' from https://www.unibo.it/en/study/first-and-single-cycle-degree/programme/2025/9234
2026-06-25 13:46:55 INFO download_programmes: Parsed disa programme 5892: 'Management and Economics' from https://www.unibo.it/en/study/first-and-single-cycle-degree/programme/2025/5892
2026-06-25 13:46:55 INFO download_programmes: Parsed disa programme 6609: 'Business and Economics' from https://www.unibo.it/en/study/first-and-single-cycle-degree/programme/2025/6609
2026-06-25 13:46:55 INFO download_programmes: Parsed disa programme 6610: 'Business Administration' from https://www.unibo.it/en/study/first-and-single-cycle-degree/programme/2025/6610
2026-06-25 13:46:55 INFO download_programmes: Parsed disa programme 6611: 'Business Economics' from https://www.unibo.it/en/study/first-and-single-cycle-degree/programme/2025/6611
2026-06-25 13:46:55 INFO download_programmes: Parsed disa programme 6612: 'Economics and business' from https://www.unibo.it/en/study/first-and-single-cycle-degree/programme/2025/6612
2026-06-25 13:46:55 INFO download_programmes: Parsed disa programme 6613: 'Management and Marketing' from https://www.unibo.it/en/study/first-and-single-cycle-degree/programme/2025/6613
2026-06-25 13:46:55 INFO download_programmes: Parsed disa programme 6614: 'Management and Economics' from https://www.unibo.it/en/study/first-and-single-cycle-degree/programme/2025/6614
2026-06-25 13:46:55 INFO download_programmes: Parsed disa programme 8406: 'Management and Marketing' from https://www.unibo.it/en/study/first-and-single-cycle-degree/programme/2025/8406
2026-06-25 13:46:55 INFO download_programmes: Parsed disa programme 8848: 'Business Economics' from https://www.unibo.it/en/study/first-and-single-cycle-degree/programme/2025/8848
2026-06-25 13:46:55 INFO download_programmes: Parsed disa programme 8871: 'Business Administration' from https://www.unibo.it/en/study/first-and-single-cycle-degree/programme/2025/8871
2026-06-25 13:46:55 INFO download_programmes: Parsed disa programme 8965: 'Business and Economics' from https://www.unibo.it/en/study/first-and-single-cycle-degree/programme/2025/8965
2026-06-25 13:46:55 INFO download_programmes: Parsed disa programme 9202: 'Economics and business' from https://www.unibo.it/en/study/first-and-single-cycle-degree/programme/2025/9202
2026-06-25 13:46:55 INFO download_programmes: Parsed disci programme 0962: 'History' from https://www.unibo.it/en/study/first-and-single-cycle-degree/programme/2025/0962
2026-06-25 13:46:55 INFO download_programmes: Parsed disci programme 6663: 'Anthropology, Religions, Oriental Civilizations' from https://www.unibo.it/en/study/first-and-single-cycle-degree/programme/2025/6663
2026-06-25 13:46:55 INFO download_programmes: Parsed disci programme 6664: 'History' from https://www.unibo.it/en/study/first-and-single-cycle-degree/programme/2025/6664
2026-06-25 13:46:55 INFO download_programmes: Parsed disci programme 8493: 'Anthropology, Religions, Oriental Civilizations' from https://www.unibo.it/en/study/first-and-single-cycle-degree/programme/2025/8493
2026-06-25 13:46:55 INFO download_programmes: Parsed disi programme 6007: 'Computer Systems Technologies' from https://www.unibo.it/en/study/first-and-single-cycle-degree/programme/2025/6007
2026-06-25 13:46:55 INFO download_programmes: Parsed disi programme 6060: 'Information Science for Management' from https://www.unibo.it/en/study/first-and-single-cycle-degree/programme/2025/6060
2026-06-25 13:46:55 INFO download_programmes: Parsed disi programme 6640: 'Computer Science' from https://www.unibo.it/en/study/first-and-single-cycle-degree/programme/2025/6640
2026-06-25 13:46:55 INFO download_programmes: Parsed disi programme 6641: 'Information Science for Management' from https://www.unibo.it/en/study/first-and-single-cycle-degree/programme/2025/6641
2026-06-25 13:46:55 INFO download_programmes: Parsed disi programme 6668: 'Computer Engineering' from https://www.unibo.it/en/study/first-and-single-cycle-degree/programme/2025/6668
2026-06-25 13:46:55 INFO download_programmes: Parsed disi programme 6673: 'Computer Science and Engineering' from https://www.unibo.it/en/study/first-and-single-cycle-degree/programme/2025/6673
2026-06-25 13:46:55 INFO download_programmes: Parsed disi programme 8009: 'Computer Science' from https://www.unibo.it/en/study/first-and-single-cycle-degree/programme/2025/8009
2026-06-25 13:46:55 INFO download_programmes: Parsed disi programme 8014: 'Information Science for Management' from https://www.unibo.it/en/study/first-and-single-cycle-degree/programme/2025/8014
2026-06-25 13:46:55 INFO download_programmes: Parsed disi programme 8615: 'Computer Science and Engineering' from https://www.unibo.it/en/study/first-and-single-cycle-degree/programme/2025/8615
2026-06-25 13:46:55 INFO download_programmes: Parsed disi programme 9254: 'Computer Engineering' from https://www.unibo.it/en/study/first-and-single-cycle-degree/programme/2025/9254
2026-06-25 13:46:55 INFO download_programmes: Parsed distal programme 5808: 'Sciences and Culture of Gastronomy' from https://www.unibo.it/en/study/first-and-single-cycle-degree/programme/2025/5808
2026-06-25 13:46:55 INFO download_programmes: Parsed distal programme 5830: 'Sciences and Technologies for Green and Landscape' from https://www.unibo.it/en/study/first-and-single-cycle-degree/programme/2025/5830
2026-06-25 13:46:55 INFO download_programmes: Parsed distal programme 5831: 'Land and Agro-Forestry Technologies' from https://www.unibo.it/en/study/first-and-single-cycle-degree/programme/2025/5831
2026-06-25 13:46:55 INFO download_programmes: Parsed distal programme 5832: 'Agricultural Technology' from https://www.unibo.it/en/study/first-and-single-cycle-degree/programme/2025/5832
2026-06-25 13:46:55 INFO download_programmes: Parsed distal programme 5833: 'Marketing and Economics of the Agro-Industrial System' from https://www.unibo.it/en/study/first-and-single-cycle-degree/programme/2025/5833
2026-06-25 13:46:55 INFO download_programmes: Parsed distal programme 6625: 'Agri-food economics and markets' from https://www.unibo.it/en/study/first-and-single-cycle-degree/programme/2025/6625
2026-06-25 13:46:55 INFO download_programmes: Parsed distal programme 6626: 'Land and Agro-Forestry Technologies' from https://www.unibo.it/en/study/first-and-single-cycle-degree/programme/2025/6626
2026-06-25 13:46:55 INFO download_programmes: Parsed distal programme 6627: 'Agricultural Technology' from https://www.unibo.it/en/study/first-and-single-cycle-degree/programme/2025/6627
2026-06-25 13:46:55 INFO download_programmes: Parsed distal programme 6628: 'Sciences and Technologies for Green and Landscape' from https://www.unibo.it/en/study/first-and-single-cycle-degree/programme/2025/6628
2026-06-25 13:46:55 INFO download_programmes: Parsed distal programme 6629: 'Food Technology' from https://www.unibo.it/en/study/first-and-single-cycle-degree/programme/2025/6629
2026-06-25 13:46:55 INFO download_programmes: Parsed distal programme 6630: 'Viticulture and Enology' from https://www.unibo.it/en/study/first-and-single-cycle-degree/programme/2025/6630
2026-06-25 13:46:55 INFO download_programmes: Parsed distal programme 6655: 'Animal Production' from https://www.unibo.it/en/study/first-and-single-cycle-degree/programme/2025/6655
2026-06-25 13:46:55 INFO download_programmes: Parsed distal programme 6681: 'Sciences and Culture of Gastronomy' from https://www.unibo.it/en/study/first-and-single-cycle-degree/programme/2025/6681
2026-06-25 13:46:55 INFO download_programmes: Parsed distal programme 8527: 'Viticulture and Enology' from https://www.unibo.it/en/study/first-and-single-cycle-degree/programme/2025/8527
2026-06-25 13:46:55 INFO download_programmes: Parsed distal programme 8528: 'Food Technology' from https://www.unibo.it/en/study/first-and-single-cycle-degree/programme/2025/8528
2026-06-25 13:46:55 INFO download_programmes: Parsed distal programme 8882: 'Animal Production' from https://www.unibo.it/en/study/first-and-single-cycle-degree/programme/2025/8882
2026-06-25 13:46:55 INFO download_programmes: Parsed dit programme 5979: 'Languages and Technologies for Intercultural Communication' from https://www.unibo.it/en/study/first-and-single-cycle-degree/programme/2025/5979
2026-06-25 13:46:55 INFO download_programmes: Parsed dit programme 6604: 'Languages and Technologies for Intercultural Communication' from https://www.unibo.it/en/study/first-and-single-cycle-degree/programme/2025/6604
2026-06-25 13:46:55 INFO download_programmes: Parsed dse programme 5819: 'Economics, Politics and Social Sciences' from https://www.unibo.it/en/study/first-and-single-cycle-degree/programme/2025/5819
2026-06-25 13:46:55 INFO download_programmes: Parsed dse programme 6054: 'Economics of Tourism and Cities' from https://www.unibo.it/en/study/first-and-single-cycle-degree/programme/2025/6054
2026-06-25 13:46:55 INFO download_programmes: Parsed dse programme 6644: 'Economics, Markets and Institutions' from https://www.unibo.it/en/study/first-and-single-cycle-degree/programme/2025/6644
2026-06-25 13:46:55 INFO download_programmes: Parsed dse programme 6645: 'Economics of Tourism and Cities' from https://www.unibo.it/en/study/first-and-single-cycle-degree/programme/2025/6645
2026-06-25 13:46:55 INFO download_programmes: Parsed dse programme 6646: 'Economics and Finance' from https://www.unibo.it/en/study/first-and-single-cycle-degree/programme/2025/6646
2026-06-25 13:46:55 INFO download_programmes: Parsed dse programme 6647: 'Economics, Politics and Social Sciences' from https://www.unibo.it/en/study/first-and-single-cycle-degree/programme/2025/6647
2026-06-25 13:46:55 INFO download_programmes: Parsed dse programme 8038: 'Economics, Markets and Institutions' from https://www.unibo.it/en/study/first-and-single-cycle-degree/programme/2025/8038
2026-06-25 13:46:55 INFO download_programmes: Parsed dse programme 8835: 'Economics and Finance' from https://www.unibo.it/en/study/first-and-single-cycle-degree/programme/2025/8835
2026-06-25 13:46:55 INFO download_programmes: Parsed dse programme 8847: 'Economics of Tourism' from https://www.unibo.it/en/study/first-and-single-cycle-degree/programme/2025/8847
2026-06-25 13:46:55 INFO download_programmes: Parsed dsg programme 5903: 'Law' from https://www.unibo.it/en/study/first-and-single-cycle-degree/programme/2025/5903
2026-06-25 13:46:55 INFO download_programmes: Parsed dsg programme 6606: 'Employment and Business Relations Consultant' from https://www.unibo.it/en/study/first-and-single-cycle-degree/programme/2025/6606
2026-06-25 13:46:55 INFO download_programmes: Parsed dsg programme 6607: 'Legal Consultant in Business and Public Administration' from https://www.unibo.it/en/study/first-and-single-cycle-degree/programme/2025/6607
2026-06-25 13:46:55 INFO download_programmes: Parsed dsg programme 6827: 'Law' from https://www.unibo.it/en/study/first-and-single-cycle-degree/programme/2025/6827
2026-06-25 13:46:55 INFO download_programmes: Parsed dsg programme 6828: 'Law' from https://www.unibo.it/en/study/first-and-single-cycle-degree/programme/2025/6828
2026-06-25 13:46:55 INFO download_programmes: Parsed dsg programme 9230: 'Employment and Business Relations Consultant' from https://www.unibo.it/en/study/first-and-single-cycle-degree/programme/2025/9230
2026-06-25 13:46:55 INFO download_programmes: Parsed dsg programme 9232: 'Law' from https://www.unibo.it/en/study/first-and-single-cycle-degree/programme/2025/9232
2026-06-25 13:46:55 INFO download_programmes: Parsed dsg programme 9233: 'Law' from https://www.unibo.it/en/study/first-and-single-cycle-degree/programme/2025/9233
2026-06-25 13:46:55 INFO download_programmes: Parsed dsg programme 9242: 'Legal Consultant in Business and Public Administration' from https://www.unibo.it/en/study/first-and-single-cycle-degree/programme/2025/9242
2026-06-25 13:46:55 INFO download_programmes: Parsed edu programme 5711: 'Primary Teacher Education' from https://www.unibo.it/en/study/first-and-single-cycle-degree/programme/2025/5711
2026-06-25 13:46:55 INFO download_programmes: Parsed edu programme 5726: 'Expert in Social and Cultural Education' from https://www.unibo.it/en/study/first-and-single-cycle-degree/programme/2025/5726
2026-06-25 13:46:55 INFO download_programmes: Parsed edu programme 5727: 'Expert in Social and Cultural Education' from https://www.unibo.it/en/study/first-and-single-cycle-degree/programme/2025/5727
2026-06-25 13:46:55 INFO download_programmes: Parsed edu programme 6615: 'Educator in Childhood Social Services' from https://www.unibo.it/en/study/first-and-single-cycle-degree/programme/2025/6615
2026-06-25 13:46:55 INFO download_programmes: Parsed edu programme 6616: 'Expert in Social and Cultural Education' from https://www.unibo.it/en/study/first-and-single-cycle-degree/programme/2025/6616
2026-06-25 13:46:55 INFO download_programmes: Parsed edu programme 6617: 'Expert in Social and Cultural Education' from https://www.unibo.it/en/study/first-and-single-cycle-degree/programme/2025/6617
2026-06-25 13:46:55 INFO download_programmes: Parsed edu programme 9083: 'Educator in Childhood Social Services' from https://www.unibo.it/en/study/first-and-single-cycle-degree/programme/2025/9083
2026-06-25 13:46:55 INFO download_programmes: Parsed fabit programme 5976: 'Biotechnology' from https://www.unibo.it/en/study/first-and-single-cycle-degree/programme/2025/5976
2026-06-25 13:46:55 INFO download_programmes: Parsed fabit programme 5985: 'Pharmacy' from https://www.unibo.it/en/study/first-and-single-cycle-degree/programme/2025/5985
2026-06-25 13:46:55 INFO download_programmes: Parsed fabit programme 5986: 'Pharmaceutical Chemistry and Technology' from https://www.unibo.it/en/study/first-and-single-cycle-degree/programme/2025/5986
2026-06-25 13:46:55 INFO download_programmes: Parsed fabit programme 5987: 'Pharmacy' from https://www.unibo.it/en/study/first-and-single-cycle-degree/programme/2025/5987
2026-06-25 13:46:55 INFO download_programmes: Parsed fabit programme 6618: 'Biotechnology' from https://www.unibo.it/en/study/first-and-single-cycle-degree/programme/2025/6618
2026-06-25 13:46:55 INFO download_programmes: Parsed fabit programme 6619: 'Genomics' from https://www.unibo.it/en/study/first-and-single-cycle-degree/programme/2025/6619
2026-06-25 13:46:55 INFO download_programmes: Parsed fabit programme 6635: 'Applied Pharmaceutical Sciences' from https://www.unibo.it/en/study/first-and-single-cycle-degree/programme/2025/6635
2026-06-25 13:46:55 INFO download_programmes: Parsed fabit programme 6686: 'Pharmaceutical Chemistry and Technology' from https://www.unibo.it/en/study/first-and-single-cycle-degree/programme/2025/6686
2026-06-25 13:46:55 INFO download_programmes: Parsed fabit programme 6687: 'Pharmacy' from https://www.unibo.it/en/study/first-and-single-cycle-degree/programme/2025/6687
2026-06-25 13:46:55 INFO download_programmes: Parsed fabit programme 6688: 'Pharmacy' from https://www.unibo.it/en/study/first-and-single-cycle-degree/programme/2025/6688
2026-06-25 13:46:55 INFO download_programmes: Parsed fabit programme 8518: 'Applied Pharmaceutical Sciences' from https://www.unibo.it/en/study/first-and-single-cycle-degree/programme/2025/8518
2026-06-25 13:46:55 INFO download_programmes: Parsed fabit programme 9078: 'Pharmacy' from https://www.unibo.it/en/study/first-and-single-cycle-degree/programme/2025/9078
2026-06-25 13:46:55 INFO download_programmes: Parsed fabit programme 9211: 'Genomics' from https://www.unibo.it/en/study/first-and-single-cycle-degree/programme/2025/9211
2026-06-25 13:46:55 INFO download_programmes: Parsed fabit programme 9219: 'Pharmacy' from https://www.unibo.it/en/study/first-and-single-cycle-degree/programme/2025/9219
2026-06-25 13:46:55 INFO download_programmes: Parsed fabit programme 9262: 'Pharmaceutical Chemistry and Technology' from https://www.unibo.it/en/study/first-and-single-cycle-degree/programme/2025/9262
2026-06-25 13:46:55 INFO download_programmes: Parsed ficlit programme 6601: 'Humanities' from https://www.unibo.it/en/study/first-and-single-cycle-degree/programme/2025/6601
2026-06-25 13:46:55 INFO download_programmes: Parsed ficlit programme 8850: 'Humanities' from https://www.unibo.it/en/study/first-and-single-cycle-degree/programme/2025/8850
2026-06-25 13:46:55 INFO download_programmes: Parsed filo programme 6665: 'Philosophy' from https://www.unibo.it/en/study/first-and-single-cycle-degree/programme/2025/6665
2026-06-25 13:46:55 INFO download_programmes: Parsed filo programme 9216: 'Philosophy' from https://www.unibo.it/en/study/first-and-single-cycle-degree/programme/2025/9216
2026-06-25 13:46:55 INFO download_programmes: Parsed lilec programme 0979: 'Foreign Languages and Literature' from https://www.unibo.it/en/study/first-and-single-cycle-degree/programme/2025/0979
2026-06-25 13:46:55 INFO download_programmes: Parsed lilec programme 6602: 'Foreign Languages and Literature' from https://www.unibo.it/en/study/first-and-single-cycle-degree/programme/2025/6602
2026-06-25 13:46:55 INFO download_programmes: Parsed lilec programme 6603: 'Languages, Markets and Cultures of Asia and Mediterranean Africa' from https://www.unibo.it/en/study/first-and-single-cycle-degree/programme/2025/6603
2026-06-25 13:46:55 INFO download_programmes: Parsed lilec programme 9264: 'Languages, Markets and Cultures of Asia and Mediterranean Africa' from https://www.unibo.it/en/study/first-and-single-cycle-degree/programme/2025/9264
2026-06-25 13:46:55 INFO download_programmes: Parsed mat programme 6061: 'Mathematics' from https://www.unibo.it/en/study/first-and-single-cycle-degree/programme/2025/6061
2026-06-25 13:46:55 INFO download_programmes: Parsed mat programme 6649: 'Mathematics' from https://www.unibo.it/en/study/first-and-single-cycle-degree/programme/2025/6649
2026-06-25 13:46:55 INFO download_programmes: Parsed mat programme 8010: 'Mathematics' from https://www.unibo.it/en/study/first-and-single-cycle-degree/programme/2025/8010
2026-06-25 13:46:55 INFO download_programmes: Parsed psi programme 5963: 'Psychological Sciences and Techniques' from https://www.unibo.it/en/study/first-and-single-cycle-degree/programme/2025/5963
2026-06-25 13:46:55 INFO download_programmes: Parsed psi programme 6624: 'Psychological Sciences and Techniques' from https://www.unibo.it/en/study/first-and-single-cycle-degree/programme/2025/6624
2026-06-25 13:46:55 INFO download_programmes: Parsed quvi programme 6621: 'Exercise and Sport Sciences' from https://www.unibo.it/en/study/first-and-single-cycle-degree/programme/2025/6621
2026-06-25 13:46:55 INFO download_programmes: Parsed quvi programme 6622: 'Exercise and Sport Sciences' from https://www.unibo.it/en/study/first-and-single-cycle-degree/programme/2025/6622
2026-06-25 13:46:55 INFO download_programmes: Parsed quvi programme 8512: 'Exercise and Sport Sciences' from https://www.unibo.it/en/study/first-and-single-cycle-degree/programme/2025/8512
2026-06-25 13:46:55 INFO download_programmes: Parsed quvi programme 8766: 'Exercise and Sport Sciences' from https://www.unibo.it/en/study/first-and-single-cycle-degree/programme/2025/8766
2026-06-25 13:46:55 INFO download_programmes: Parsed sde programme 6657: 'Social Work' from https://www.unibo.it/en/study/first-and-single-cycle-degree/programme/2025/6657
2026-06-25 13:46:55 INFO download_programmes: Parsed sde programme 6659: 'Sociology' from https://www.unibo.it/en/study/first-and-single-cycle-degree/programme/2025/6659
2026-06-25 13:46:55 INFO download_programmes: Parsed sde programme 8040: 'Social Work' from https://www.unibo.it/en/study/first-and-single-cycle-degree/programme/2025/8040
2026-06-25 13:46:55 INFO download_programmes: Parsed sde programme 8495: 'Sociology' from https://www.unibo.it/en/study/first-and-single-cycle-degree/programme/2025/8495
2026-06-25 13:46:55 INFO download_programmes: Parsed sps programme 5949: 'International Studies' from https://www.unibo.it/en/study/first-and-single-cycle-degree/programme/2025/5949
2026-06-25 13:46:55 INFO download_programmes: Parsed sps programme 5983: 'European Studies' from https://www.unibo.it/en/study/first-and-single-cycle-degree/programme/2025/5983
2026-06-25 13:46:55 INFO download_programmes: Parsed sps programme 6650: 'International Studies' from https://www.unibo.it/en/study/first-and-single-cycle-degree/programme/2025/6650
2026-06-25 13:46:55 INFO download_programmes: Parsed sps programme 6651: 'International relations and diplomatic affairs' from https://www.unibo.it/en/study/first-and-single-cycle-degree/programme/2025/6651
2026-06-25 13:46:55 INFO download_programmes: Parsed sps programme 6652: 'Political, Social and International Sciences' from https://www.unibo.it/en/study/first-and-single-cycle-degree/programme/2025/6652
2026-06-25 13:46:55 INFO download_programmes: Parsed sps programme 6653: 'European Studies' from https://www.unibo.it/en/study/first-and-single-cycle-degree/programme/2025/6653
2026-06-25 13:46:55 INFO download_programmes: Parsed sps programme 8048: 'International relations and diplomatic affairs' from https://www.unibo.it/en/study/first-and-single-cycle-degree/programme/2025/8048
2026-06-25 13:46:55 INFO download_programmes: Parsed sps programme 8853: 'Political, Social and International Sciences' from https://www.unibo.it/en/study/first-and-single-cycle-degree/programme/2025/8853
2026-06-25 13:46:55 INFO download_programmes: Parsed stat programme 5901: 'Statistics, Finance and Insurance' from https://www.unibo.it/en/study/first-and-single-cycle-degree/programme/2025/5901
2026-06-25 13:46:55 INFO download_programmes: Parsed stat programme 6654: 'International Development and Cooperation' from https://www.unibo.it/en/study/first-and-single-cycle-degree/programme/2025/6654
2026-06-25 13:46:55 INFO download_programmes: Parsed stat programme 6660: 'Statistics, Finance and Insurance' from https://www.unibo.it/en/study/first-and-single-cycle-degree/programme/2025/6660
2026-06-25 13:46:55 INFO download_programmes: Parsed stat programme 6661: 'Statistical Sciences' from https://www.unibo.it/en/study/first-and-single-cycle-degree/programme/2025/6661
2026-06-25 13:46:55 INFO download_programmes: Parsed stat programme 8873: 'Statistical Sciences' from https://www.unibo.it/en/study/first-and-single-cycle-degree/programme/2025/8873
2026-06-25 13:46:55 INFO download_programmes: Parsed stat programme 8890: 'International Development and Cooperation' from https://www.unibo.it/en/study/first-and-single-cycle-degree/programme/2025/8890
2026-06-25 13:46:55 INFO download_programmes: Parsed bigea programme 5704: 'Teaching and Communication of Natural Sciences' from https://www.unibo.it/en/study/second-cycle-degree/programme/2025/5704
2026-06-25 13:46:55 INFO download_programmes: Parsed bigea programme 5824: 'Biodiversity and Evolution' from https://www.unibo.it/en/study/second-cycle-degree/programme/2025/5824
2026-06-25 13:46:55 INFO download_programmes: Parsed bigea programme 6050: 'Geology for Sustainable Development' from https://www.unibo.it/en/study/second-cycle-degree/programme/2025/6050
2026-06-25 13:46:55 INFO download_programmes: Parsed bigea programme 6055: 'Science and Technologies for Environmental Sustainability' from https://www.unibo.it/en/study/second-cycle-degree/programme/2025/6055
2026-06-25 13:46:55 INFO download_programmes: Parsed bigea programme 6771: 'Biodiversity and Evolution' from https://www.unibo.it/en/study/second-cycle-degree/programme/2025/6771
2026-06-25 13:46:55 INFO download_programmes: Parsed bigea programme 6772: 'Marine Biology' from https://www.unibo.it/en/study/second-cycle-degree/programme/2025/6772
2026-06-25 13:46:55 INFO download_programmes: Parsed bigea programme 6773: 'Teaching and Communication of Natural Sciences' from https://www.unibo.it/en/study/second-cycle-degree/programme/2025/6773
2026-06-25 13:46:55 INFO download_programmes: Parsed bigea programme 6774: 'Sciences and Management of Nature' from https://www.unibo.it/en/study/second-cycle-degree/programme/2025/6774
2026-06-25 13:46:55 INFO download_programmes: Parsed bigea programme 6793: 'Geology for Sustainable Development' from https://www.unibo.it/en/study/second-cycle-degree/programme/2025/6793
2026-06-25 13:46:55 INFO download_programmes: Parsed bigea programme 6794: 'Science and Technologies for Environmental Sustainability' from https://www.unibo.it/en/study/second-cycle-degree/programme/2025/6794
2026-06-25 13:46:55 INFO download_programmes: Parsed bigea programme 8857: 'Marine Biology' from https://www.unibo.it/en/study/second-cycle-degree/programme/2025/8857
2026-06-25 13:46:55 INFO download_programmes: Parsed bigea programme 9257: 'Sciences and Management of Nature' from https://www.unibo.it/en/study/second-cycle-degree/programme/2025/9257
2026-06-25 13:46:55 INFO download_programmes: Parsed chim programme 5701: 'Chemical Innovation and Regulation' from https://www.unibo.it/en/study/second-cycle-degree/programme/2025/5701
2026-06-25 13:46:55 INFO download_programmes: Parsed chim programme 6684: 'Science for the Conservation-Restoration of Cultural Heritage' from https://www.unibo.it/en/study/second-cycle-degree/programme/2025/6684
2026-06-25 13:46:55 INFO download_programmes: Parsed chim programme 6752: 'Chemistry' from https://www.unibo.it/en/study/second-cycle-degree/programme/2025/6752
2026-06-25 13:46:55 INFO download_programmes: Parsed chim programme 6753: 'Photochemistry and Molecular Materials' from https://www.unibo.it/en/study/second-cycle-degree/programme/2025/6753
2026-06-25 13:46:55 INFO download_programmes: Parsed chim programme 6754: 'Chemical Innovation and Regulation' from https://www.unibo.it/en/study/second-cycle-degree/programme/2025/6754
2026-06-25 13:46:55 INFO download_programmes: Parsed chim programme 6755: 'Advanced Cosmetic Sciences' from https://www.unibo.it/en/study/second-cycle-degree/programme/2025/6755
2026-06-25 13:46:55 INFO download_programmes: Parsed chim programme 8537: 'Science for the Conservation-Restoration of Cultural Heritage' from https://www.unibo.it/en/study/second-cycle-degree/programme/2025/8537
2026-06-25 13:46:55 INFO download_programmes: Parsed chim programme 9072: 'Chemistry' from https://www.unibo.it/en/study/second-cycle-degree/programme/2025/9072
2026-06-25 13:46:55 INFO download_programmes: Parsed chim programme 9074: 'Photochemistry and Molecular Materials' from https://www.unibo.it/en/study/second-cycle-degree/programme/2025/9074
2026-06-25 13:46:55 INFO download_programmes: Parsed chim programme 9225: 'Advanced Cosmetic Sciences' from https://www.unibo.it/en/study/second-cycle-degree/programme/2025/9225
2026-06-25 13:46:55 INFO download_programmes: Parsed chimind programme 5706: 'Advanced Spectroscopy in Chemistry' from https://www.unibo.it/en/study/second-cycle-degree/programme/2025/5706
2026-06-25 13:46:55 INFO download_programmes: Parsed chimind programme 6066: 'Industrial Chemistry' from https://www.unibo.it/en/study/second-cycle-degree/programme/2025/6066
2026-06-25 13:46:55 INFO download_programmes: Parsed chimind programme 6789: 'Industrial Chemistry' from https://www.unibo.it/en/study/second-cycle-degree/programme/2025/6789
2026-06-25 13:46:55 INFO download_programmes: Parsed chimind programme 6790: 'Advanced Spectroscopy in Chemistry' from https://www.unibo.it/en/study/second-cycle-degree/programme/2025/6790
2026-06-25 13:46:55 INFO download_programmes: Parsed chimind programme 6791: 'Low Carbon Technologies and Sustainable Chemistry' from https://www.unibo.it/en/study/second-cycle-degree/programme/2025/6791
2026-06-25 13:46:55 INFO download_programmes: Parsed chimind programme 9246: 'Low Carbon Technologies and Sustainable Chemistry' from https://www.unibo.it/en/study/second-cycle-degree/programme/2025/9246
2026-06-25 13:46:55 INFO download_programmes: Parsed da programme 5697: 'Building Engineering -Architecture' from https://www.unibo.it/en/study/second-cycle-degree/programme/2025/5697
2026-06-25 13:46:55 INFO download_programmes: Parsed da programme 5809: 'Architecture and Creative Practices for the City and Landscape' from https://www.unibo.it/en/study/second-cycle-degree/programme/2025/5809
2026-06-25 13:46:55 INFO download_programmes: Parsed da programme 6685: 'Advanced Design' from https://www.unibo.it/en/study/second-cycle-degree/programme/2025/6685
2026-06-25 13:46:55 INFO download_programmes: Parsed da programme 6727: 'Architecture and Creative Practices for the City and Landscape' from https://www.unibo.it/en/study/second-cycle-degree/programme/2025/6727
2026-06-25 13:46:55 INFO download_programmes: Parsed da programme 6728: 'Building Engineering -Architecture' from https://www.unibo.it/en/study/second-cycle-degree/programme/2025/6728
2026-06-25 13:46:55 INFO download_programmes: Parsed da programme 9256: 'Advanced Design' from https://www.unibo.it/en/study/second-cycle-degree/programme/2025/9256
2026-06-25 13:46:55 INFO download_programmes: Parsed dar programme 5698: 'Information, Cultures and Media Organisation' from https://www.unibo.it/en/study/second-cycle-degree/programme/2025/5698
2026-06-25 13:46:55 INFO download_programmes: Parsed dar programme 5710: 'Sciences of Performing Arts and Audiovisual Production' from https://www.unibo.it/en/study/second-cycle-degree/programme/2025/5710
2026-06-25 13:46:55 INFO download_programmes: Parsed dar programme 5899: 'Cinema, Television and Multimedia Production' from https://www.unibo.it/en/study/second-cycle-degree/programme/2025/5899
2026-06-25 13:46:55 INFO download_programmes: Parsed dar programme 6059: 'Fashion Studies' from https://www.unibo.it/en/study/second-cycle-degree/programme/2025/6059
2026-06-25 13:46:55 INFO download_programmes: Parsed dar programme 6701: 'Information, Cultures and Media Organisation' from https://www.unibo.it/en/study/second-cycle-degree/programme/2025/6701
2026-06-25 13:46:55 INFO download_programmes: Parsed dar programme 6737: 'Music and Theatre Studies' from https://www.unibo.it/en/study/second-cycle-degree/programme/2025/6737
2026-06-25 13:46:55 INFO download_programmes: Parsed dar programme 6779: 'Cinema, Television and Multimedia Production' from https://www.unibo.it/en/study/second-cycle-degree/programme/2025/6779
2026-06-25 13:46:55 INFO download_programmes: Parsed dar programme 6780: 'Fashion Studies' from https://www.unibo.it/en/study/second-cycle-degree/programme/2025/6780
2026-06-25 13:46:55 INFO download_programmes: Parsed dar programme 6819: 'Visual Arts' from https://www.unibo.it/en/study/second-cycle-degree/programme/2025/6819
2026-06-25 13:46:55 INFO download_programmes: Parsed dar programme 8837: 'Music and Theatre Studies' from https://www.unibo.it/en/study/second-cycle-degree/programme/2025/8837
2026-06-25 13:46:55 INFO download_programmes: Parsed dar programme 9071: 'Visual Arts' from https://www.unibo.it/en/study/second-cycle-degree/programme/2025/9071
2026-06-25 13:46:55 INFO download_programmes: Parsed dbc programme 6703: 'History, preservation and enhancement of artistic and archaeological heritage and landscape' from https://www.unibo.it/en/study/second-cycle-degree/programme/2025/6703
2026-06-25 13:46:55 INFO download_programmes: Parsed dbc programme 6740: 'Library and Archive Science' from https://www.unibo.it/en/study/second-cycle-degree/programme/2025/6740
2026-06-25 13:46:55 INFO download_programmes: Parsed dbc programme 6808: 'International Cooperation on Human Rights and Intercultural Heritage' from https://www.unibo.it/en/study/second-cycle-degree/programme/2025/6808
2026-06-25 13:46:55 INFO download_programmes: Parsed dbc programme 9077: 'Library and Archive Science' from https://www.unibo.it/en/study/second-cycle-degree/programme/2025/9077
2026-06-25 13:46:55 INFO download_programmes: Parsed dbc programme 9218: 'History, preservation and enhancement of artistic and archaeological heritage and landscape' from https://www.unibo.it/en/study/second-cycle-degree/programme/2025/9218
2026-06-25 13:46:55 INFO download_programmes: Parsed dbc programme 9237: 'International Cooperation on Human Rights and Intercultural Heritage' from https://www.unibo.it/en/study/second-cycle-degree/programme/2025/9237
2026-06-25 13:46:56 INFO download_programmes: Parsed dei programme 0934: 'Electronic Engineering' from https://www.unibo.it/en/study/second-cycle-degree/programme/2025/0934
2026-06-25 13:46:56 INFO download_programmes: Parsed dei programme 5699: 'Electric Vehicle Engineering' from https://www.unibo.it/en/study/second-cycle-degree/programme/2025/5699
2026-06-25 13:46:56 INFO download_programmes: Parsed dei programme 5917: 'Electronic Engineering for Intelligent Vehicles' from https://www.unibo.it/en/study/second-cycle-degree/programme/2025/5917
2026-06-25 13:46:56 INFO download_programmes: Parsed dei programme 6705: 'Biomedical Engineering' from https://www.unibo.it/en/study/second-cycle-degree/programme/2025/6705
2026-06-25 13:46:56 INFO download_programmes: Parsed dei programme 6711: 'Automation Engineering' from https://www.unibo.it/en/study/second-cycle-degree/programme/2025/6711
2026-06-25 13:46:56 INFO download_programmes: Parsed dei programme 6712: 'Communications Engineering' from https://www.unibo.it/en/study/second-cycle-degree/programme/2025/6712
2026-06-25 13:46:56 INFO download_programmes: Parsed dei programme 6713: 'Electric Vehicle Engineering' from https://www.unibo.it/en/study/second-cycle-degree/programme/2025/6713
2026-06-25 13:46:56 INFO download_programmes: Parsed dei programme 6714: 'Electrical Energy Engineering' from https://www.unibo.it/en/study/second-cycle-degree/programme/2025/6714
2026-06-25 13:46:56 INFO download_programmes: Parsed dei programme 6715: 'Electronics and Information Engineering' from https://www.unibo.it/en/study/second-cycle-degree/programme/2025/6715
2026-06-25 13:46:56 INFO download_programmes: Parsed dei programme 6716: 'Electronic Engineering' from https://www.unibo.it/en/study/second-cycle-degree/programme/2025/6716
2026-06-25 13:46:56 INFO download_programmes: Parsed dei programme 8770: 'Electronics and Telecommunications Engineering for Energy' from https://www.unibo.it/en/study/second-cycle-degree/programme/2025/8770
2026-06-25 13:46:56 INFO download_programmes: Parsed dei programme 8891: 'Automation Engineering' from https://www.unibo.it/en/study/second-cycle-degree/programme/2025/8891
2026-06-25 13:46:56 INFO download_programmes: Parsed dei programme 9066: 'Electrical Energy Engineering' from https://www.unibo.it/en/study/second-cycle-degree/programme/2025/9066
2026-06-25 13:46:56 INFO download_programmes: Parsed dei programme 9205: 'Telecommunications Engineering' from https://www.unibo.it/en/study/second-cycle-degree/programme/2025/9205
2026-06-25 13:46:56 INFO download_programmes: Parsed dei programme 9266: 'Biomedical Engineering' from https://www.unibo.it/en/study/second-cycle-degree/programme/2025/9266
2026-06-25 13:46:56 INFO download_programmes: Parsed dicam programme 0930: 'Civil Engineering' from https://www.unibo.it/en/study/second-cycle-degree/programme/2025/0930
2026-06-25 13:46:56 INFO download_programmes: Parsed dicam programme 6056: 'Offshore Engineering for Energy Transition' from https://www.unibo.it/en/study/second-cycle-degree/programme/2025/6056
2026-06-25 13:46:56 INFO download_programmes: Parsed dicam programme 6706: 'Chemical and Process Engineering' from https://www.unibo.it/en/study/second-cycle-degree/programme/2025/6706
2026-06-25 13:46:56 INFO download_programmes: Parsed dicam programme 6707: 'Offshore Engineering for Energy Transition' from https://www.unibo.it/en/study/second-cycle-degree/programme/2025/6707
2026-06-25 13:46:56 INFO download_programmes: Parsed dicam programme 6708: 'Civil Engineering' from https://www.unibo.it/en/study/second-cycle-degree/programme/2025/6708
2026-06-25 13:46:56 INFO download_programmes: Parsed dicam programme 6709: 'Civil Engineering' from https://www.unibo.it/en/study/second-cycle-degree/programme/2025/6709
2026-06-25 13:46:56 INFO download_programmes: Parsed dicam programme 6710: 'Engineering for Historic Building Rehabilitation' from https://www.unibo.it/en/study/second-cycle-degree/programme/2025/6710
2026-06-25 13:46:56 INFO download_programmes: Parsed dicam programme 6722: 'Environmental Engineering' from https://www.unibo.it/en/study/second-cycle-degree/programme/2025/6722
2026-06-25 13:46:56 INFO download_programmes: Parsed dicam programme 8829: 'Engineering of Building Processes and Systems' from https://www.unibo.it/en/study/second-cycle-degree/programme/2025/8829
2026-06-25 13:46:56 INFO download_programmes: Parsed dicam programme 8894: 'Environmental Engineering' from https://www.unibo.it/en/study/second-cycle-degree/programme/2025/8894
2026-06-25 13:46:56 INFO download_programmes: Parsed dicam programme 8895: 'Civil Engineering' from https://www.unibo.it/en/study/second-cycle-degree/programme/2025/8895
2026-06-25 13:46:56 INFO download_programmes: Parsed dicam programme 8896: 'Chemical and Process Engineering' from https://www.unibo.it/en/study/second-cycle-degree/programme/2025/8896
2026-06-25 13:46:56 INFO download_programmes: Parsed difa programme 5810: 'Advanced Methods in Particle Physics' from https://www.unibo.it/en/study/second-cycle-degree/programme/2025/5810
2026-06-25 13:46:56 INFO download_programmes: Parsed difa programme 5828: 'Astrophysics and Cosmology' from https://www.unibo.it/en/study/second-cycle-degree/programme/2025/5828
2026-06-25 13:46:56 INFO download_programmes: Parsed difa programme 5895: 'Science of Climate' from https://www.unibo.it/en/study/second-cycle-degree/programme/2025/5895
2026-06-25 13:46:56 INFO download_programmes: Parsed difa programme 6694: 'Advanced Methods in Particle Physics' from https://www.unibo.it/en/study/second-cycle-degree/programme/2025/6694
2026-06-25 13:46:56 INFO download_programmes: Parsed difa programme 6695: 'Physics' from https://www.unibo.it/en/study/second-cycle-degree/programme/2025/6695
2026-06-25 13:46:56 INFO download_programmes: Parsed difa programme 6696: 'Physics of the Earth System' from https://www.unibo.it/en/study/second-cycle-degree/programme/2025/6696
2026-06-25 13:46:56 INFO download_programmes: Parsed difa programme 6697: 'Science of Climate' from https://www.unibo.it/en/study/second-cycle-degree/programme/2025/6697
2026-06-25 13:46:56 INFO download_programmes: Parsed difa programme 6765: 'Astrophysics and Cosmology' from https://www.unibo.it/en/study/second-cycle-degree/programme/2025/6765
2026-06-25 13:46:56 INFO download_programmes: Parsed difa programme 8626: 'Physics of the Earth System' from https://www.unibo.it/en/study/second-cycle-degree/programme/2025/8626
2026-06-25 13:46:56 INFO download_programmes: Parsed difa programme 9245: 'Physics' from https://www.unibo.it/en/study/second-cycle-degree/programme/2025/9245
2026-06-25 13:46:56 INFO download_programmes: Parsed dimec programme 6821: 'Medical Biotechnology' from https://www.unibo.it/en/study/second-cycle-degree/programme/2025/6821
2026-06-25 13:46:56 INFO download_programmes: Parsed dimec programme 8488: 'Nursing and Midwifery Sciences' from https://www.unibo.it/en/study/second-cycle-degree/programme/2025/8488
2026-06-25 13:46:56 INFO download_programmes: Parsed dimec programme 8878: 'Health Professions of Prevention Sciences' from https://www.unibo.it/en/study/second-cycle-degree/programme/2025/8878
2026-06-25 13:46:56 INFO download_programmes: Parsed dimec programme 9081: 'Medical Biotechnology' from https://www.unibo.it/en/study/second-cycle-degree/programme/2025/9081
2026-06-25 13:46:56 INFO download_programmes: Parsed dimevet programme 5728: 'Safety And Quality In Animal Production' from https://www.unibo.it/en/study/second-cycle-degree/programme/2025/5728
2026-06-25 13:46:56 INFO download_programmes: Parsed dimevet programme 5814: 'Food Animal Metabolism and Management in the Circular Economy' from https://www.unibo.it/en/study/second-cycle-degree/programme/2025/5814
2026-06-25 13:46:56 INFO download_programmes: Parsed dimevet programme 6815: 'Food Animal Metabolism and Management in the Circular Economy' from https://www.unibo.it/en/study/second-cycle-degree/programme/2025/6815
2026-06-25 13:46:56 INFO download_programmes: Parsed dimevet programme 6816: 'Safety, Quality and Sustainability in Animal Production' from https://www.unibo.it/en/study/second-cycle-degree/programme/2025/6816
2026-06-25 13:46:56 INFO download_programmes: Parsed dimevet programme 6822: 'Animal Biotechnology' from https://www.unibo.it/en/study/second-cycle-degree/programme/2025/6822
2026-06-25 13:46:56 INFO download_programmes: Parsed dimevet programme 8522: 'Animal Biotechnology' from https://www.unibo.it/en/study/second-cycle-degree/programme/2025/8522
2026-06-25 13:46:56 INFO download_programmes: Parsed din programme 0936: 'Engineering Management' from https://www.unibo.it/en/study/second-cycle-degree/programme/2025/0936
2026-06-25 13:46:56 INFO download_programmes: Parsed din programme 5723: 'Aerospace Engineering' from https://www.unibo.it/en/study/second-cycle-degree/programme/2025/5723
2026-06-25 13:46:56 INFO download_programmes: Parsed din programme 5724: 'Mechanical Engineering' from https://www.unibo.it/en/study/second-cycle-degree/programme/2025/5724
2026-06-25 13:46:56 INFO download_programmes: Parsed din programme 5947: 'Nautical Engineering' from https://www.unibo.it/en/study/second-cycle-degree/programme/2025/5947
2026-06-25 13:46:56 INFO download_programmes: Parsed din programme 5978: 'Energy Engineering' from https://www.unibo.it/en/study/second-cycle-degree/programme/2025/5978
2026-06-25 13:46:56 INFO download_programmes: Parsed din programme 5980: 'Mechanical Engineering for Sustainability' from https://www.unibo.it/en/study/second-cycle-degree/programme/2025/5980
2026-06-25 13:46:56 INFO download_programmes: Parsed din programme 6704: 'Aerospace Engineering' from https://www.unibo.it/en/study/second-cycle-degree/programme/2025/6704
2026-06-25 13:46:56 INFO download_programmes: Parsed din programme 6717: 'Energy Engineering' from https://www.unibo.it/en/study/second-cycle-degree/programme/2025/6717
2026-06-25 13:46:56 INFO download_programmes: Parsed din programme 6718: 'Engineering Management' from https://www.unibo.it/en/study/second-cycle-degree/programme/2025/6718
2026-06-25 13:46:56 INFO download_programmes: Parsed din programme 6720: 'Mechanical Engineering for Sustainability' from https://www.unibo.it/en/study/second-cycle-degree/programme/2025/6720
2026-06-25 13:46:56 INFO download_programmes: Parsed din programme 6721: 'Mechanical Engineering' from https://www.unibo.it/en/study/second-cycle-degree/programme/2025/6721
2026-06-25 13:46:56 INFO download_programmes: Parsed din programme 9239: 'Advanced Automotive Engineering' from https://www.unibo.it/en/study/second-cycle-degree/programme/2025/9239
2026-06-25 13:46:56 INFO download_programmes: Parsed disa programme 0897: 'Business Administration' from https://www.unibo.it/en/study/second-cycle-degree/programme/2025/0897
2026-06-25 13:46:56 INFO download_programmes: Parsed disa programme 0901: 'Financial Markets and Institutions' from https://www.unibo.it/en/study/second-cycle-degree/programme/2025/0901
2026-06-25 13:46:56 INFO download_programmes: Parsed disa programme 0905: 'Economics and Commerce' from https://www.unibo.it/en/study/second-cycle-degree/programme/2025/0905
2026-06-25 13:46:56 INFO download_programmes: Parsed disa programme 5891: 'International Management' from https://www.unibo.it/en/study/second-cycle-degree/programme/2025/5891
2026-06-25 13:46:56 INFO download_programmes: Parsed disa programme 5943: 'Service Management' from https://www.unibo.it/en/study/second-cycle-degree/programme/2025/5943
2026-06-25 13:46:56 INFO download_programmes: Parsed disa programme 5944: 'Business Administration and Sustainability' from https://www.unibo.it/en/study/second-cycle-degree/programme/2025/5944
2026-06-25 13:46:56 INFO download_programmes: Parsed disa programme 5981: 'Economics, Consultancy and Accounting' from https://www.unibo.it/en/study/second-cycle-degree/programme/2025/5981
2026-06-25 13:46:56 INFO download_programmes: Parsed disa programme 6114: 'Innovation and Organization of Culture and the Arts' from https://www.unibo.it/en/study/second-cycle-degree/programme/2025/6114
2026-06-25 13:46:56 INFO download_programmes: Parsed disa programme 6691: 'Financial Markets and Institutions' from https://www.unibo.it/en/study/second-cycle-degree/programme/2025/6691
2026-06-25 13:46:56 INFO download_programmes: Parsed disa programme 6795: 'Innovation and Organization of Culture and the Arts' from https://www.unibo.it/en/study/second-cycle-degree/programme/2025/6795
2026-06-25 13:46:56 INFO download_programmes: Parsed disa programme 6796: 'Business Administration and Management' from https://www.unibo.it/en/study/second-cycle-degree/programme/2025/6796
2026-06-25 13:46:56 INFO download_programmes: Parsed disa programme 6797: 'Business Administration and Sustainability' from https://www.unibo.it/en/study/second-cycle-degree/programme/2025/6797
2026-06-25 13:46:56 INFO download_programmes: Parsed disa programme 6798: 'Business Administration' from https://www.unibo.it/en/study/second-cycle-degree/programme/2025/6798
2026-06-25 13:46:56 INFO download_programmes: Parsed disa programme 6799: 'Economics and Commerce' from https://www.unibo.it/en/study/second-cycle-degree/programme/2025/6799
2026-06-25 13:46:56 INFO download_programmes: Parsed disa programme 6800: 'Economics, Consultancy and Accounting' from https://www.unibo.it/en/study/second-cycle-degree/programme/2025/6800
2026-06-25 13:46:56 INFO download_programmes: Parsed disa programme 6801: 'Economics and management' from https://www.unibo.it/en/study/second-cycle-degree/programme/2025/6801
2026-06-25 13:46:56 INFO download_programmes: Parsed disa programme 6802: 'Management for Social Economy' from https://www.unibo.it/en/study/second-cycle-degree/programme/2025/6802
2026-06-25 13:46:56 INFO download_programmes: Parsed disa programme 6803: 'International Management' from https://www.unibo.it/en/study/second-cycle-degree/programme/2025/6803
2026-06-25 13:46:56 INFO download_programmes: Parsed disa programme 6804: 'Service Management' from https://www.unibo.it/en/study/second-cycle-degree/programme/2025/6804
2026-06-25 13:46:56 INFO download_programmes: Parsed disa programme 8842: 'Business Administration and Management' from https://www.unibo.it/en/study/second-cycle-degree/programme/2025/8842
2026-06-25 13:46:56 INFO download_programmes: Parsed disa programme 8843: 'Management for Social Economy' from https://www.unibo.it/en/study/second-cycle-degree/programme/2025/8843
2026-06-25 13:46:56 INFO download_programmes: Parsed disa programme 9203: 'Economics and management' from https://www.unibo.it/en/study/second-cycle-degree/programme/2025/9203
2026-06-25 13:46:56 INFO download_programmes: Parsed disci programme 0964: 'Cultural Anthropology and Ethnology' from https://www.unibo.it/en/study/second-cycle-degree/programme/2025/0964
2026-06-25 13:46:56 INFO download_programmes: Parsed disci programme 0971: 'Geography and Territorial Processes' from https://www.unibo.it/en/study/second-cycle-degree/programme/2025/0971
2026-06-25 13:46:56 INFO download_programmes: Parsed disci programme 5890: 'Religions Histories Cultures' from https://www.unibo.it/en/study/second-cycle-degree/programme/2025/5890
2026-06-25 13:46:56 INFO download_programmes: Parsed disci programme 6033: 'Global Cultures' from https://www.unibo.it/en/study/second-cycle-degree/programme/2025/6033
2026-06-25 13:46:56 INFO download_programmes: Parsed disci programme 6683: 'Cultural Anthropology and Ethnology' from https://www.unibo.it/en/study/second-cycle-degree/programme/2025/6683
2026-06-25 13:46:56 INFO download_programmes: Parsed disci programme 6702: 'Archaeology and Cultures of the Ancient World' from https://www.unibo.it/en/study/second-cycle-degree/programme/2025/6702
2026-06-25 13:46:56 INFO download_programmes: Parsed disci programme 6778: 'Religions Histories Cultures' from https://www.unibo.it/en/study/second-cycle-degree/programme/2025/6778
2026-06-25 13:46:56 INFO download_programmes: Parsed disci programme 6807: 'Geography and Territorial Processes' from https://www.unibo.it/en/study/second-cycle-degree/programme/2025/6807
2026-06-25 13:46:56 INFO download_programmes: Parsed disci programme 6813: 'History and Oriental Studies' from https://www.unibo.it/en/study/second-cycle-degree/programme/2025/6813
2026-06-25 13:46:56 INFO download_programmes: Parsed disci programme 8845: 'History and Oriental Studies' from https://www.unibo.it/en/study/second-cycle-degree/programme/2025/8845
2026-06-25 13:46:56 INFO download_programmes: Parsed disci programme 8855: 'Archaeology and Cultures of the Ancient World' from https://www.unibo.it/en/study/second-cycle-degree/programme/2025/8855
2026-06-25 13:46:56 INFO download_programmes: Parsed disi programme 5815: 'Digital Transformation Management' from https://www.unibo.it/en/study/second-cycle-degree/programme/2025/5815
2026-06-25 13:46:56 INFO download_programmes: Parsed disi programme 5826: 'Computer Engineering' from https://www.unibo.it/en/study/second-cycle-degree/programme/2025/5826
2026-06-25 13:46:56 INFO download_programmes: Parsed disi programme 5898: 'Computer Science' from https://www.unibo.it/en/study/second-cycle-degree/programme/2025/5898
2026-06-25 13:46:56 INFO download_programmes: Parsed disi programme 6698: 'Computer Science' from https://www.unibo.it/en/study/second-cycle-degree/programme/2025/6698
2026-06-25 13:46:56 INFO download_programmes: Parsed disi programme 6699: 'Computer Science and Engineering' from https://www.unibo.it/en/study/second-cycle-degree/programme/2025/6699
2026-06-25 13:46:56 INFO download_programmes: Parsed disi programme 6700: 'Artificial Intelligence' from https://www.unibo.it/en/study/second-cycle-degree/programme/2025/6700
2026-06-25 13:46:56 INFO download_programmes: Parsed disi programme 6719: 'Computer Engineering' from https://www.unibo.it/en/study/second-cycle-degree/programme/2025/6719
2026-06-25 13:46:56 INFO download_programmes: Parsed disi programme 6823: 'Digital Transformation Management' from https://www.unibo.it/en/study/second-cycle-degree/programme/2025/6823
2026-06-25 13:46:56 INFO download_programmes: Parsed disi programme 8614: 'Computer Science and Engineering' from https://www.unibo.it/en/study/second-cycle-degree/programme/2025/8614
2026-06-25 13:46:56 INFO download_programmes: Parsed disi programme 9063: 'Artificial Intelligence' from https://www.unibo.it/en/study/second-cycle-degree/programme/2025/9063
2026-06-25 13:46:56 INFO download_programmes: Parsed distal programme 5705: 'Precise and Sustainable Agriculture' from https://www.unibo.it/en/study/second-cycle-degree/programme/2025/5705
2026-06-25 13:46:56 INFO download_programmes: Parsed distal programme 5948: 'Plant and Agricultural Biotechnology' from https://www.unibo.it/en/study/second-cycle-degree/programme/2025/5948
2026-06-25 13:46:56 INFO download_programmes: Parsed distal programme 6068: 'Planning and Management of Forest Territory, Landscape and Environment' from https://www.unibo.it/en/study/second-cycle-degree/programme/2025/6068
2026-06-25 13:46:56 INFO download_programmes: Parsed distal programme 6784: 'International Horticultural Science' from https://www.unibo.it/en/study/second-cycle-degree/programme/2025/6784
2026-06-25 13:46:56 INFO download_programmes: Parsed distal programme 6785: 'Agricultural Sciences and Technologies' from https://www.unibo.it/en/study/second-cycle-degree/programme/2025/6785
2026-06-25 13:46:56 INFO download_programmes: Parsed distal programme 6786: 'Precise and Sustainable Agriculture' from https://www.unibo.it/en/study/second-cycle-degree/programme/2025/6786
2026-06-25 13:46:56 INFO download_programmes: Parsed distal programme 6787: 'Plant and Agricultural Biotechnology' from https://www.unibo.it/en/study/second-cycle-degree/programme/2025/6787
2026-06-25 13:46:56 INFO download_programmes: Parsed distal programme 6788: 'Food Science and Technology' from https://www.unibo.it/en/study/second-cycle-degree/programme/2025/6788
2026-06-25 13:46:56 INFO download_programmes: Parsed distal programme 6792: 'Planning and Management of Forest Territory, Landscape and Environment' from https://www.unibo.it/en/study/second-cycle-degree/programme/2025/6792
2026-06-25 13:46:56 INFO download_programmes: Parsed distal programme 8531: 'Food Science and Technology' from https://www.unibo.it/en/study/second-cycle-degree/programme/2025/8531
2026-06-25 13:46:56 INFO download_programmes: Parsed distal programme 8883: 'International Horticultural Science' from https://www.unibo.it/en/study/second-cycle-degree/programme/2025/8883
2026-06-25 13:46:56 INFO download_programmes: Parsed distal programme 9140: 'Food Safety and Food Risk Management' from https://www.unibo.it/en/study/second-cycle-degree/programme/2025/9140
2026-06-25 13:46:56 INFO download_programmes: Parsed distal programme 9235: 'Agricultural Sciences and Technologies' from https://www.unibo.it/en/study/second-cycle-degree/programme/2025/9235
2026-06-25 13:46:56 INFO download_programmes: Parsed dit programme 6057: 'Intepreting' from https://www.unibo.it/en/study/second-cycle-degree/programme/2025/6057
2026-06-25 13:46:56 INFO download_programmes: Parsed dit programme 6825: 'Intepreting' from https://www.unibo.it/en/study/second-cycle-degree/programme/2025/6825
2026-06-25 13:46:56 INFO download_programmes: Parsed dit programme 6826: 'Specialized Translation' from https://www.unibo.it/en/study/second-cycle-degree/programme/2025/6826
2026-06-25 13:46:56 INFO download_programmes: Parsed dit programme 9174: 'Specialized Translation' from https://www.unibo.it/en/study/second-cycle-degree/programme/2025/9174
2026-06-25 13:46:56 INFO download_programmes: Parsed dse programme 5902: 'Health Economics and Management' from https://www.unibo.it/en/study/second-cycle-degree/programme/2025/5902
2026-06-25 13:46:56 INFO download_programmes: Parsed dse programme 5910: 'Tourism Economics and Management' from https://www.unibo.it/en/study/second-cycle-degree/programme/2025/5910
2026-06-25 13:46:56 INFO download_programmes: Parsed dse programme 5945: 'Economics and Public Policy' from https://www.unibo.it/en/study/second-cycle-degree/programme/2025/5945
2026-06-25 13:46:56 INFO download_programmes: Parsed dse programme 5969: 'Applied Economics and Markets' from https://www.unibo.it/en/study/second-cycle-degree/programme/2025/5969
2026-06-25 13:46:56 INFO download_programmes: Parsed dse programme 5977: 'Economics and Econometrics' from https://www.unibo.it/en/study/second-cycle-degree/programme/2025/5977
2026-06-25 13:46:56 INFO download_programmes: Parsed dse programme 6756: 'Applied Economics and Markets' from https://www.unibo.it/en/study/second-cycle-degree/programme/2025/6756
2026-06-25 13:46:56 INFO download_programmes: Parsed dse programme 6757: 'Economics and Econometrics' from https://www.unibo.it/en/study/second-cycle-degree/programme/2025/6757
2026-06-25 13:46:56 INFO download_programmes: Parsed dse programme 6758: 'Economics and Public Policy' from https://www.unibo.it/en/study/second-cycle-degree/programme/2025/6758
2026-06-25 13:46:56 INFO download_programmes: Parsed dse programme 6759: 'Health Economics and Management' from https://www.unibo.it/en/study/second-cycle-degree/programme/2025/6759
2026-06-25 13:46:56 INFO download_programmes: Parsed dse programme 6760: 'Resource Economics and Sustainable Development' from https://www.unibo.it/en/study/second-cycle-degree/programme/2025/6760
2026-06-25 13:46:56 INFO download_programmes: Parsed dse programme 6761: 'Tourism Economics and Management' from https://www.unibo.it/en/study/second-cycle-degree/programme/2025/6761
2026-06-25 13:46:56 INFO download_programmes: Parsed dse programme 8839: 'Resource Economics and Sustainable Development' from https://www.unibo.it/en/study/second-cycle-degree/programme/2025/8839
2026-06-25 13:46:56 INFO download_programmes: Parsed dsg programme 6682: 'Legal Studies' from https://www.unibo.it/en/study/second-cycle-degree/programme/2025/6682
2026-06-25 13:46:56 INFO download_programmes: Parsed dsg programme 9062: 'Legal Studies' from https://www.unibo.it/en/study/second-cycle-degree/programme/2025/9062
2026-06-25 13:46:56 INFO download_programmes: Parsed edu programme 6741: 'Planning and managing of educational intervention in social distress' from https://www.unibo.it/en/study/second-cycle-degree/programme/2025/6741
2026-06-25 13:46:56 INFO download_programmes: Parsed edu programme 6742: 'Planning and managing of educational intervention in social distress' from https://www.unibo.it/en/study/second-cycle-degree/programme/2025/6742
2026-06-25 13:46:56 INFO download_programmes: Parsed edu programme 6764: 'Science Of Lifelong Educational Processes' from https://www.unibo.it/en/study/second-cycle-degree/programme/2025/6764
2026-06-25 13:46:56 INFO download_programmes: Parsed edu programme 6814: 'Pedagogy - Science of education' from https://www.unibo.it/en/study/second-cycle-degree/programme/2025/6814
2026-06-25 13:46:56 INFO download_programmes: Parsed edu programme 8780: 'Science Of Lifelong Educational Processes' from https://www.unibo.it/en/study/second-cycle-degree/programme/2025/8780
2026-06-25 13:46:56 INFO download_programmes: Parsed edu programme 9206: 'Pedagogy - Science of education' from https://www.unibo.it/en/study/second-cycle-degree/programme/2025/9206
2026-06-25 13:46:56 INFO download_programmes: Parsed edu programme 9228: 'Planning and managing of educational intervention in social distress' from https://www.unibo.it/en/study/second-cycle-degree/programme/2025/9228
2026-06-25 13:46:56 INFO download_programmes: Parsed edu programme 9229: 'Planning and managing of educational intervention in social distress' from https://www.unibo.it/en/study/second-cycle-degree/programme/2025/9229
2026-06-25 13:46:56 INFO download_programmes: Parsed fabit programme 5729: 'Health Biology' from https://www.unibo.it/en/study/second-cycle-degree/programme/2025/5729
2026-06-25 13:46:56 INFO download_programmes: Parsed fabit programme 5825: 'Molecular and Cell Biology' from https://www.unibo.it/en/study/second-cycle-degree/programme/2025/5825
2026-06-25 13:46:56 INFO download_programmes: Parsed fabit programme 6767: 'Bioinformatics' from https://www.unibo.it/en/study/second-cycle-degree/programme/2025/6767
2026-06-25 13:46:56 INFO download_programmes: Parsed fabit programme 6768: 'Health Biology' from https://www.unibo.it/en/study/second-cycle-degree/programme/2025/6768
2026-06-25 13:46:56 INFO download_programmes: Parsed fabit programme 6770: 'Molecular and Cell Biology' from https://www.unibo.it/en/study/second-cycle-degree/programme/2025/6770
2026-06-25 13:46:56 INFO download_programmes: Parsed fabit programme 6806: 'Molecular and industrial biotechnology' from https://www.unibo.it/en/study/second-cycle-degree/programme/2025/6806
2026-06-25 13:46:56 INFO download_programmes: Parsed fabit programme 6820: 'Pharmaceutical Biotechnology' from https://www.unibo.it/en/study/second-cycle-degree/programme/2025/6820
2026-06-25 13:46:56 INFO download_programmes: Parsed fabit programme 8020: 'Bioinformatics' from https://www.unibo.it/en/study/second-cycle-degree/programme/2025/8020
2026-06-25 13:46:56 INFO download_programmes: Parsed fabit programme 9068: 'Pharmaceutical Biotechnology' from https://www.unibo.it/en/study/second-cycle-degree/programme/2025/9068
2026-06-25 13:46:56 INFO download_programmes: Parsed fabit programme 9212: 'Health Biology' from https://www.unibo.it/en/study/second-cycle-degree/programme/2025/9212
2026-06-25 13:46:56 INFO download_programmes: Parsed fabit programme 9213: 'Molecular and industrial biotechnology' from https://www.unibo.it/en/study/second-cycle-degree/programme/2025/9213
2026-06-25 13:46:56 INFO download_programmes: Parsed ficlit programme 5946: 'Data, Methods and Theoretical Models For Linguistics' from https://www.unibo.it/en/study/second-cycle-degree/programme/2025/5946
2026-06-25 13:46:56 INFO download_programmes: Parsed ficlit programme 6051: 'Italian Studies and European Literary Cultures' from https://www.unibo.it/en/study/second-cycle-degree/programme/2025/6051
2026-06-25 13:46:56 INFO download_programmes: Parsed ficlit programme 6689: 'Italian Studies and European Literary Cultures' from https://www.unibo.it/en/study/second-cycle-degree/programme/2025/6689
2026-06-25 13:46:56 INFO download_programmes: Parsed ficlit programme 6690: 'Philology, Literature and Classical Tradition' from https://www.unibo.it/en/study/second-cycle-degree/programme/2025/6690
2026-06-25 13:46:56 INFO download_programmes: Parsed ficlit programme 6725: 'Data, Methods and Theoretical Models For Linguistics' from https://www.unibo.it/en/study/second-cycle-degree/programme/2025/6725
2026-06-25 13:46:56 INFO download_programmes: Parsed ficlit programme 6736: 'Digital Humanities and Digital Knowledge' from https://www.unibo.it/en/study/second-cycle-degree/programme/2025/6736
2026-06-25 13:46:56 INFO download_programmes: Parsed ficlit programme 9070: 'Philology, Literature and Classical Tradition' from https://www.unibo.it/en/study/second-cycle-degree/programme/2025/9070
2026-06-25 13:46:56 INFO download_programmes: Parsed ficlit programme 9224: 'Digital Humanities and Digital Knowledge' from https://www.unibo.it/en/study/second-cycle-degree/programme/2025/9224
2026-06-25 13:46:56 INFO download_programmes: Parsed filo programme 6805: 'Philosophical Sciences' from https://www.unibo.it/en/study/second-cycle-degree/programme/2025/6805
2026-06-25 13:46:56 INFO download_programmes: Parsed filo programme 6824: 'Semiotics' from https://www.unibo.it/en/study/second-cycle-degree/programme/2025/6824
2026-06-25 13:46:56 INFO download_programmes: Parsed filo programme 8773: 'Philosophical Sciences' from https://www.unibo.it/en/study/second-cycle-degree/programme/2025/8773
2026-06-25 13:46:56 INFO download_programmes: Parsed filo programme 8886: 'Semiotics' from https://www.unibo.it/en/study/second-cycle-degree/programme/2025/8886
2026-06-25 13:46:56 INFO download_programmes: Parsed lilec programme 0981: 'Modern, Post-Colonial and Comparative Literatures' from https://www.unibo.it/en/study/second-cycle-degree/programme/2025/0981
2026-06-25 13:46:56 INFO download_programmes: Parsed lilec programme 0983: 'Italian Culture and Language for Foreigners' from https://www.unibo.it/en/study/second-cycle-degree/programme/2025/0983
2026-06-25 13:46:56 INFO download_programmes: Parsed lilec programme 6723: 'Modern, Post-Colonial and Comparative Literatures' from https://www.unibo.it/en/study/second-cycle-degree/programme/2025/6723
2026-06-25 13:46:56 INFO download_programmes: Parsed lilec programme 6724: 'Language, Society and Communication' from https://www.unibo.it/en/study/second-cycle-degree/programme/2025/6724
2026-06-25 13:46:56 INFO download_programmes: Parsed lilec programme 6726: 'Italian Culture and Language for Foreigners' from https://www.unibo.it/en/study/second-cycle-degree/programme/2025/6726
2026-06-25 13:46:56 INFO download_programmes: Parsed lilec programme 8874: 'Language, Society and Communication' from https://www.unibo.it/en/study/second-cycle-degree/programme/2025/8874
2026-06-25 13:46:56 INFO download_programmes: Parsed mat programme 5827: 'Mathematics' from https://www.unibo.it/en/study/second-cycle-degree/programme/2025/5827
2026-06-25 13:46:56 INFO download_programmes: Parsed mat programme 6730: 'Mathematics' from https://www.unibo.it/en/study/second-cycle-degree/programme/2025/6730
2026-06-25 13:46:56 INFO download_programmes: Parsed psi programme 5961: 'School and Community Psychology' from https://www.unibo.it/en/study/second-cycle-degree/programme/2025/5961
2026-06-25 13:46:56 INFO download_programmes: Parsed psi programme 5962: 'Clinical Psychology' from https://www.unibo.it/en/study/second-cycle-degree/programme/2025/5962
2026-06-25 13:46:56 INFO download_programmes: Parsed psi programme 5964: 'Neuroscience and Neuropsychological Rehabilitation' from https://www.unibo.it/en/study/second-cycle-degree/programme/2025/5964
2026-06-25 13:46:56 INFO download_programmes: Parsed psi programme 5965: 'Applied Cognitive Psychology' from https://www.unibo.it/en/study/second-cycle-degree/programme/2025/5965
2026-06-25 13:46:56 INFO download_programmes: Parsed psi programme 5966: 'Psychology of Wellbeing and Social Inclusivity' from https://www.unibo.it/en/study/second-cycle-degree/programme/2025/5966
2026-06-25 13:46:56 INFO download_programmes: Parsed psi programme 5967: 'Work, Organizational and Personnel Psychology' from https://www.unibo.it/en/study/second-cycle-degree/programme/2025/5967
2026-06-25 13:46:56 INFO download_programmes: Parsed psi programme 6743: 'Neuroscience and Neuropsychological Rehabilitation' from https://www.unibo.it/en/study/second-cycle-degree/programme/2025/6743
2026-06-25 13:46:56 INFO download_programmes: Parsed psi programme 6744: 'Clinical Psychology' from https://www.unibo.it/en/study/second-cycle-degree/programme/2025/6744
2026-06-25 13:46:56 INFO download_programmes: Parsed psi programme 6745: 'Applied Cognitive Psychology' from https://www.unibo.it/en/study/second-cycle-degree/programme/2025/6745
2026-06-25 13:46:56 INFO download_programmes: Parsed psi programme 6746: 'Psychology of Wellbeing and Social Inclusivity' from https://www.unibo.it/en/study/second-cycle-degree/programme/2025/6746
2026-06-25 13:46:56 INFO download_programmes: Parsed psi programme 6747: 'Work, Organizational and Personnel Psychology' from https://www.unibo.it/en/study/second-cycle-degree/programme/2025/6747
2026-06-25 13:46:56 INFO download_programmes: Parsed psi programme 6748: 'School and Community Psychology' from https://www.unibo.it/en/study/second-cycle-degree/programme/2025/6748
2026-06-25 13:46:56 INFO download_programmes: Parsed quvi programme 5812: 'Human Nutrition, Well-Being And Health' from https://www.unibo.it/en/study/second-cycle-degree/programme/2025/5812
2026-06-25 13:46:56 INFO download_programmes: Parsed quvi programme 5813: 'Wellness, Sport and Health' from https://www.unibo.it/en/study/second-cycle-degree/programme/2025/5813
2026-06-25 13:46:56 INFO download_programmes: Parsed quvi programme 6739: 'Wellness and Sport Management' from https://www.unibo.it/en/study/second-cycle-degree/programme/2025/6739
2026-06-25 13:46:56 INFO download_programmes: Parsed quvi programme 6775: 'Human Nutrition, Well-being and Health' from https://www.unibo.it/en/study/second-cycle-degree/programme/2025/6775
2026-06-25 13:46:56 INFO download_programmes: Parsed quvi programme 6781: 'Sciences and Techniques of Preventive and Adapted Physical Activities' from https://www.unibo.it/en/study/second-cycle-degree/programme/2025/6781
2026-06-25 13:46:56 INFO download_programmes: Parsed quvi programme 6783: 'Sciences and Techniques of Sports Activities' from https://www.unibo.it/en/study/second-cycle-degree/programme/2025/6783
2026-06-25 13:46:56 INFO download_programmes: Parsed quvi programme 9069: 'Sciences and Techniques of Sports Activities' from https://www.unibo.it/en/study/second-cycle-degree/programme/2025/9069
2026-06-25 13:46:56 INFO download_programmes: Parsed quvi programme 9214: 'Wellness and Sport Management' from https://www.unibo.it/en/study/second-cycle-degree/programme/2025/9214
2026-06-25 13:46:56 INFO download_programmes: Parsed quvi programme 9263: 'Sciences and Techniques of Preventive and Adapted Physical Activities' from https://www.unibo.it/en/study/second-cycle-degree/programme/2025/9263
2026-06-25 13:46:56 INFO download_programmes: Parsed sde programme 5811: 'Law, Economics and Governance' from https://www.unibo.it/en/study/second-cycle-degree/programme/2025/5811
2026-06-25 13:46:56 INFO download_programmes: Parsed sde programme 5913: 'Law and Economics' from https://www.unibo.it/en/study/second-cycle-degree/programme/2025/5913
2026-06-25 13:46:56 INFO download_programmes: Parsed sde programme 6762: 'Law and Economics' from https://www.unibo.it/en/study/second-cycle-degree/programme/2025/6762
2026-06-25 13:46:56 INFO download_programmes: Parsed sde programme 6817: 'Criminology for Investigation and Security' from https://www.unibo.it/en/study/second-cycle-degree/programme/2025/6817
2026-06-25 13:46:56 INFO download_programmes: Parsed sde programme 6818: 'Sociology and Social Work' from https://www.unibo.it/en/study/second-cycle-degree/programme/2025/6818
2026-06-25 13:46:56 INFO download_programmes: Parsed sde programme 6829: 'Law, Economics and Governance' from https://www.unibo.it/en/study/second-cycle-degree/programme/2025/6829
2026-06-25 13:46:56 INFO download_programmes: Parsed sde programme 8491: 'Criminology for Investigation and Security' from https://www.unibo.it/en/study/second-cycle-degree/programme/2025/8491
2026-06-25 13:46:56 INFO download_programmes: Parsed sde programme 8786: 'Sociology and Social Work' from https://www.unibo.it/en/study/second-cycle-degree/programme/2025/8786
2026-06-25 13:46:56 INFO download_programmes: Parsed sps programme 5702: 'International Politics and Economics' from https://www.unibo.it/en/study/second-cycle-degree/programme/2025/5702
2026-06-25 13:46:56 INFO download_programmes: Parsed sps programme 5703: 'Media, Public and Corporate Communication' from https://www.unibo.it/en/study/second-cycle-degree/programme/2025/5703
2026-06-25 13:46:56 INFO download_programmes: Parsed sps programme 5889: 'Digital Innovation Policies and Governance' from https://www.unibo.it/en/study/second-cycle-degree/programme/2025/5889
2026-06-25 13:46:56 INFO download_programmes: Parsed sps programme 5911: 'East European and Eurasian Studies' from https://www.unibo.it/en/study/second-cycle-degree/programme/2025/5911
2026-06-25 13:46:56 INFO download_programmes: Parsed sps programme 5912: 'Local and Global Development' from https://www.unibo.it/en/study/second-cycle-degree/programme/2025/5912
2026-06-25 13:46:56 INFO download_programmes: Parsed sps programme 6058: 'International relations and diplomatic affairs' from https://www.unibo.it/en/study/second-cycle-degree/programme/2025/6058
2026-06-25 13:46:56 INFO download_programmes: Parsed sps programme 6749: 'International Relations' from https://www.unibo.it/en/study/second-cycle-degree/programme/2025/6749
2026-06-25 13:46:56 INFO download_programmes: Parsed sps programme 6750: 'International relations and diplomatic affairs' from https://www.unibo.it/en/study/second-cycle-degree/programme/2025/6750
2026-06-25 13:46:56 INFO download_programmes: Parsed sps programme 6751: 'East European and Eurasian Studies' from https://www.unibo.it/en/study/second-cycle-degree/programme/2025/6751
2026-06-25 13:46:56 INFO download_programmes: Parsed sps programme 6763: 'International Politics and Economics' from https://www.unibo.it/en/study/second-cycle-degree/programme/2025/6763
2026-06-25 13:46:56 INFO download_programmes: Parsed sps programme 6766: 'Media, Public and Corporate Communication' from https://www.unibo.it/en/study/second-cycle-degree/programme/2025/6766
2026-06-25 13:46:56 INFO download_programmes: Parsed sps programme 6776: 'Politics Administration and Organization' from https://www.unibo.it/en/study/second-cycle-degree/programme/2025/6776
2026-06-25 13:46:56 INFO download_programmes: Parsed sps programme 6777: 'Digital Innovation Policies and Governance' from https://www.unibo.it/en/study/second-cycle-degree/programme/2025/6777
2026-06-25 13:46:56 INFO download_programmes: Parsed sps programme 6809: 'Local and Global Development' from https://www.unibo.it/en/study/second-cycle-degree/programme/2025/6809
2026-06-25 13:46:56 INFO download_programmes: Parsed sps programme 9084: 'International Relations' from https://www.unibo.it/en/study/second-cycle-degree/programme/2025/9084
2026-06-25 13:46:56 INFO download_programmes: Parsed sps programme 9085: 'Politics Administration and Organization' from https://www.unibo.it/en/study/second-cycle-degree/programme/2025/9085
2026-06-25 13:46:56 INFO download_programmes: Parsed stat programme 5885: 'Greening Energy Market and Finance' from https://www.unibo.it/en/study/second-cycle-degree/programme/2025/5885
2026-06-25 13:46:56 INFO download_programmes: Parsed stat programme 6692: 'Quantitative Finance' from https://www.unibo.it/en/study/second-cycle-degree/programme/2025/6692
2026-06-25 13:46:56 INFO download_programmes: Parsed stat programme 6693: 'Greening Energy Market and Finance' from https://www.unibo.it/en/study/second-cycle-degree/programme/2025/6693
2026-06-25 13:46:56 INFO download_programmes: Parsed stat programme 6810: 'Statistical Sciences' from https://www.unibo.it/en/study/second-cycle-degree/programme/2025/6810
2026-06-25 13:46:56 INFO download_programmes: Parsed stat programme 6811: 'Statistics, Economics and Business' from https://www.unibo.it/en/study/second-cycle-degree/programme/2025/6811
2026-06-25 13:46:56 INFO download_programmes: Parsed stat programme 6812: 'Statistical, Financial and Actuarial Sciences' from https://www.unibo.it/en/study/second-cycle-degree/programme/2025/6812
2026-06-25 13:46:56 INFO download_programmes: Parsed stat programme 8854: 'Quantitative Finance' from https://www.unibo.it/en/study/second-cycle-degree/programme/2025/8854
2026-06-25 13:46:56 INFO download_programmes: Parsed stat programme 8876: 'Statistics, Economics and Business' from https://www.unibo.it/en/study/second-cycle-degree/programme/2025/8876
2026-06-25 13:46:56 INFO download_programmes: Parsed stat programme 8877: 'Statistical, Financial and Actuarial Sciences' from https://www.unibo.it/en/study/second-cycle-degree/programme/2025/8877
2026-06-25 13:46:56 INFO download_programmes: Parsed stat programme 9222: 'Statistical Sciences' from https://www.unibo.it/en/study/second-cycle-degree/programme/2025/9222
2026-06-25 13:46:56 INFO download_programmes: Done. written=508 skipped=0
