2026-06-05 15:53:31 INFO download_programmes: Command line: download_programmes.py
2026-06-05 15:53:31 INFO download_programmes: Starting crawl for year=2025
2026-06-05 15:53:31 INFO download_programmes: Parsed bigea programme 5823: 'Natural Sciences' from https://www.unibo.it/en/study/first-and-single-cycle-degree/programme/2025/5823
2026-06-05 15:53:31 INFO download_programmes: Parsed bigea programme 5909: 'Biology of Human and Environmental Health' from https://www.unibo.it/en/study/first-and-single-cycle-degree/programme/2025/5909
2026-06-05 15:53:31 INFO download_programmes: Parsed bigea programme 5982: 'Biological Sciences' from https://www.unibo.it/en/study/first-and-single-cycle-degree/programme/2025/5982
2026-06-05 15:53:31 INFO download_programmes: Parsed bigea programme 6605: 'Biological Sciences' from https://www.unibo.it/en/study/first-and-single-cycle-degree/programme/2025/6605
2026-06-05 15:53:31 INFO download_programmes: Parsed bigea programme 6642: 'Environmental Sciences' from https://www.unibo.it/en/study/first-and-single-cycle-degree/programme/2025/6642
2026-06-05 15:53:31 INFO download_programmes: Parsed bigea programme 6643: 'Natural Sciences' from https://www.unibo.it/en/study/first-and-single-cycle-degree/programme/2025/6643
2026-06-05 15:53:31 INFO download_programmes: Parsed bigea programme 6648: 'Geological Sciences' from https://www.unibo.it/en/study/first-and-single-cycle-degree/programme/2025/6648
2026-06-05 15:53:31 INFO download_programmes: Parsed bigea programme 8011: 'Environmental Sciences' from https://www.unibo.it/en/study/first-and-single-cycle-degree/programme/2025/8011
2026-06-05 15:53:31 INFO download_programmes: Parsed bigea programme 8015: 'Geological Sciences' from https://www.unibo.it/en/study/first-and-single-cycle-degree/programme/2025/8015
2026-06-05 15:53:31 INFO download_programmes: Parsed chim programme 6631: 'Chemistry and Materials Chemistry' from https://www.unibo.it/en/study/first-and-single-cycle-degree/programme/2025/6631
2026-06-05 15:53:31 INFO download_programmes: Parsed chim programme 8006: 'Chemistry and Materials Chemistry' from https://www.unibo.it/en/study/first-and-single-cycle-degree/programme/2025/8006
2026-06-05 15:53:31 INFO download_programmes: Parsed chimind programme 6006: 'Chemical methodologies for products and processes' from https://www.unibo.it/en/study/first-and-single-cycle-degree/programme/2025/6006
2026-06-05 15:53:31 INFO download_programmes: Parsed chimind programme 6065: 'Industrial Chemistry' from https://www.unibo.it/en/study/first-and-single-cycle-degree/programme/2025/6065
2026-06-05 15:53:31 INFO download_programmes: Parsed chimind programme 6632: 'Industrial Chemistry' from https://www.unibo.it/en/study/first-and-single-cycle-degree/programme/2025/6632
2026-06-05 15:53:31 INFO download_programmes: Parsed chimind programme 6633: 'Chemistry and Technologies for the Environment and Materials' from https://www.unibo.it/en/study/first-and-single-cycle-degree/programme/2025/6633
2026-06-05 15:53:31 INFO download_programmes: Parsed chimind programme 6634: 'Chemistry and Technologies for the Environment and Materials' from https://www.unibo.it/en/study/first-and-single-cycle-degree/programme/2025/6634
2026-06-05 15:53:31 INFO download_programmes: Parsed chimind programme 8513: 'Industrial Chemistry' from https://www.unibo.it/en/study/first-and-single-cycle-degree/programme/2025/8513
2026-06-05 15:53:31 INFO download_programmes: Parsed chimind programme 8514: 'Chemistry and Technologies for the Environment and Materials' from https://www.unibo.it/en/study/first-and-single-cycle-degree/programme/2025/8514
2026-06-05 15:53:31 INFO download_programmes: Parsed chimind programme 8515: 'Chemistry and Technologies for the Environment and Materials' from https://www.unibo.it/en/study/first-and-single-cycle-degree/programme/2025/8515
2026-06-05 15:53:31 INFO download_programmes: Parsed da programme 5695: 'Architecture-Engineering' from https://www.unibo.it/en/study/first-and-single-cycle-degree/programme/2025/5695
2026-06-05 15:53:31 INFO download_programmes: Parsed da programme 6608: 'Architecture-Engineering' from https://www.unibo.it/en/study/first-and-single-cycle-degree/programme/2025/6608
2026-06-05 15:53:31 INFO download_programmes: Parsed da programme 6658: 'Industrial Design' from https://www.unibo.it/en/study/first-and-single-cycle-degree/programme/2025/6658
2026-06-05 15:53:31 INFO download_programmes: Parsed da programme 6729: 'Architecture' from https://www.unibo.it/en/study/first-and-single-cycle-degree/programme/2025/6729
2026-06-05 15:53:31 INFO download_programmes: Parsed da programme 8182: 'Industrial Design' from https://www.unibo.it/en/study/first-and-single-cycle-degree/programme/2025/8182
2026-06-05 15:53:31 INFO download_programmes: Parsed da programme 9265: 'Architecture' from https://www.unibo.it/en/study/first-and-single-cycle-degree/programme/2025/9265
2026-06-05 15:53:31 INFO download_programmes: Parsed dar programme 5821: 'Drama, Art and Music Studies' from https://www.unibo.it/en/study/first-and-single-cycle-degree/programme/2025/5821
2026-06-05 15:53:31 INFO download_programmes: Parsed dar programme 5975: 'Communication Sciences' from https://www.unibo.it/en/study/first-and-single-cycle-degree/programme/2025/5975
2026-06-05 15:53:31 INFO download_programmes: Parsed dar programme 6620: 'Communication Sciences' from https://www.unibo.it/en/study/first-and-single-cycle-degree/programme/2025/6620
2026-06-05 15:53:31 INFO download_programmes: Parsed dar programme 6636: 'Fashion Cultures and Practices' from https://www.unibo.it/en/study/first-and-single-cycle-degree/programme/2025/6636
2026-06-05 15:53:31 INFO download_programmes: Parsed dar programme 6637: 'Drama, Art and Music Studies' from https://www.unibo.it/en/study/first-and-single-cycle-degree/programme/2025/6637
2026-06-05 15:53:31 INFO download_programmes: Parsed dar programme 9064: 'Fashion Cultures and Practices' from https://www.unibo.it/en/study/first-and-single-cycle-degree/programme/2025/9064
2026-06-05 15:53:31 INFO download_programmes: Parsed dbc programme 5974: 'Mediterranean History, Societies and Cultures' from https://www.unibo.it/en/study/first-and-single-cycle-degree/programme/2025/5974
2026-06-05 15:53:31 INFO download_programmes: Parsed dbc programme 6600: 'Cultural Heritage' from https://www.unibo.it/en/study/first-and-single-cycle-degree/programme/2025/6600
2026-06-05 15:53:31 INFO download_programmes: Parsed dbc programme 8616: 'Conservation and restoration of cultural heritage' from https://www.unibo.it/en/study/first-and-single-cycle-degree/programme/2025/8616
2026-06-05 15:53:31 INFO download_programmes: Parsed dbc programme 9076: 'Cultural Heritage' from https://www.unibo.it/en/study/first-and-single-cycle-degree/programme/2025/9076
2026-06-05 15:53:31 INFO download_programmes: Parsed dei programme 5822: 'Electrical Energy Engineering' from https://www.unibo.it/en/study/first-and-single-cycle-degree/programme/2025/5822
2026-06-05 15:53:31 INFO download_programmes: Parsed dei programme 5834: 'Electronics Engineering' from https://www.unibo.it/en/study/first-and-single-cycle-degree/programme/2025/5834
2026-06-05 15:53:31 INFO download_programmes: Parsed dei programme 6009: 'Mechatronics' from https://www.unibo.it/en/study/first-and-single-cycle-degree/programme/2025/6009
2026-06-05 15:53:31 INFO download_programmes: Parsed dei programme 6669: 'Biomedical Engineering' from https://www.unibo.it/en/study/first-and-single-cycle-degree/programme/2025/6669
2026-06-05 15:53:31 INFO download_programmes: Parsed dei programme 6670: 'Electronics Engineering' from https://www.unibo.it/en/study/first-and-single-cycle-degree/programme/2025/6670
2026-06-05 15:53:31 INFO download_programmes: Parsed dei programme 6671: 'Automation Engineering' from https://www.unibo.it/en/study/first-and-single-cycle-degree/programme/2025/6671
2026-06-05 15:53:31 INFO download_programmes: Parsed dei programme 6672: 'Electronics and Telecommunications Engineering' from https://www.unibo.it/en/study/first-and-single-cycle-degree/programme/2025/6672
2026-06-05 15:53:31 INFO download_programmes: Parsed dei programme 6675: 'Electrical Energy Engineering' from https://www.unibo.it/en/study/first-and-single-cycle-degree/programme/2025/6675
2026-06-05 15:53:31 INFO download_programmes: Parsed dei programme 9065: 'Electronics and Telecommunications Engineering' from https://www.unibo.it/en/study/first-and-single-cycle-degree/programme/2025/9065
2026-06-05 15:53:31 INFO download_programmes: Parsed dei programme 9082: 'Biomedical Engineering' from https://www.unibo.it/en/study/first-and-single-cycle-degree/programme/2025/9082
2026-06-05 15:53:31 INFO download_programmes: Parsed dei programme 9217: 'Automation Engineering' from https://www.unibo.it/en/study/first-and-single-cycle-degree/programme/2025/9217
2026-06-05 15:53:31 INFO download_programmes: Parsed dibinem programme 5708: 'Medicine and Surgery' from https://www.unibo.it/en/study/first-and-single-cycle-degree/programme/2025/5708
2026-06-05 15:53:31 INFO download_programmes: Parsed dibinem programme 5906: 'Medicine and Surgery' from https://www.unibo.it/en/study/first-and-single-cycle-degree/programme/2025/5906
2026-06-05 15:53:31 INFO download_programmes: Parsed dibinem programme 5915: 'Orthopaedics Techniques' from https://www.unibo.it/en/study/first-and-single-cycle-degree/programme/2025/5915
2026-06-05 15:53:31 INFO download_programmes: Parsed dibinem programme 5988: 'School of Dentistry' from https://www.unibo.it/en/study/first-and-single-cycle-degree/programme/2025/5988
2026-06-05 15:53:31 INFO download_programmes: Parsed dibinem programme 6731: 'Medicine and Surgery' from https://www.unibo.it/en/study/first-and-single-cycle-degree/programme/2025/6731
2026-06-05 15:53:31 INFO download_programmes: Parsed dibinem programme 6738: 'School of Dentistry' from https://www.unibo.it/en/study/first-and-single-cycle-degree/programme/2025/6738
2026-06-05 15:53:31 INFO download_programmes: Parsed dibinem programme 8204: 'School of Dentistry' from https://www.unibo.it/en/study/first-and-single-cycle-degree/programme/2025/8204
2026-06-05 15:53:31 INFO download_programmes: Parsed dibinem programme 8476: 'Physiotherapy' from https://www.unibo.it/en/study/first-and-single-cycle-degree/programme/2025/8476
2026-06-05 15:53:31 INFO download_programmes: Parsed dibinem programme 8477: 'Professional education' from https://www.unibo.it/en/study/first-and-single-cycle-degree/programme/2025/8477
2026-06-05 15:53:31 INFO download_programmes: Parsed dibinem programme 8479: 'Podiatry' from https://www.unibo.it/en/study/first-and-single-cycle-degree/programme/2025/8479
2026-06-05 15:53:31 INFO download_programmes: Parsed dibinem programme 8481: 'Dental Hygiene' from https://www.unibo.it/en/study/first-and-single-cycle-degree/programme/2025/8481
2026-06-05 15:53:31 INFO download_programmes: Parsed dibinem programme 8482: 'Neurophysiopathology techniques' from https://www.unibo.it/en/study/first-and-single-cycle-degree/programme/2025/8482
2026-06-05 15:53:31 INFO download_programmes: Parsed dibinem programme 9080: 'Speech and Language Therapy' from https://www.unibo.it/en/study/first-and-single-cycle-degree/programme/2025/9080
2026-06-05 15:53:31 INFO download_programmes: Parsed dicam programme 5897: 'Building Construction Engineering' from https://www.unibo.it/en/study/first-and-single-cycle-degree/programme/2025/5897
2026-06-05 15:53:31 INFO download_programmes: Parsed dicam programme 6008: 'Techniques and Management for Construction and Land' from https://www.unibo.it/en/study/first-and-single-cycle-degree/programme/2025/6008
2026-06-05 15:53:31 INFO download_programmes: Parsed dicam programme 6115: 'Techniques and Management for Construction and Land' from https://www.unibo.it/en/study/first-and-single-cycle-degree/programme/2025/6115
2026-06-05 15:53:31 INFO download_programmes: Parsed dicam programme 6623: 'Building Construction Engineering' from https://www.unibo.it/en/study/first-and-single-cycle-degree/programme/2025/6623
2026-06-05 15:53:31 INFO download_programmes: Parsed dicam programme 6666: 'Environmental Engineering' from https://www.unibo.it/en/study/first-and-single-cycle-degree/programme/2025/6666
2026-06-05 15:53:31 INFO download_programmes: Parsed dicam programme 6667: 'Civil Engineering' from https://www.unibo.it/en/study/first-and-single-cycle-degree/programme/2025/6667
2026-06-05 15:53:31 INFO download_programmes: Parsed dicam programme 6674: 'Chemical and Biochemical Engineering' from https://www.unibo.it/en/study/first-and-single-cycle-degree/programme/2025/6674
2026-06-05 15:53:31 INFO download_programmes: Parsed dicam programme 8887: 'Chemical and Biochemical Engineering' from https://www.unibo.it/en/study/first-and-single-cycle-degree/programme/2025/8887
2026-06-05 15:53:31 INFO download_programmes: Parsed dicam programme 8888: 'Civil Engineering' from https://www.unibo.it/en/study/first-and-single-cycle-degree/programme/2025/8888
2026-06-05 15:53:31 INFO download_programmes: Parsed dicam programme 9198: 'Environmental Engineering' from https://www.unibo.it/en/study/first-and-single-cycle-degree/programme/2025/9198
2026-06-05 15:53:31 INFO download_programmes: Parsed difa programme 5940: 'Materials Science' from https://www.unibo.it/en/study/first-and-single-cycle-degree/programme/2025/5940
2026-06-05 15:53:31 INFO download_programmes: Parsed difa programme 6638: 'Astronomy' from https://www.unibo.it/en/study/first-and-single-cycle-degree/programme/2025/6638
2026-06-05 15:53:31 INFO download_programmes: Parsed difa programme 6639: 'Physics' from https://www.unibo.it/en/study/first-and-single-cycle-degree/programme/2025/6639
2026-06-05 15:53:31 INFO download_programmes: Parsed difa programme 6830: 'Materials Science' from https://www.unibo.it/en/study/first-and-single-cycle-degree/programme/2025/6830
2026-06-05 15:53:31 INFO download_programmes: Parsed difa programme 8004: 'Astronomy' from https://www.unibo.it/en/study/first-and-single-cycle-degree/programme/2025/8004
2026-06-05 15:53:31 INFO download_programmes: Parsed difa programme 9244: 'Physics' from https://www.unibo.it/en/study/first-and-single-cycle-degree/programme/2025/9244
2026-06-05 15:53:31 INFO download_programmes: Parsed dimec programme 5709: 'Medicine and Surgery' from https://www.unibo.it/en/study/first-and-single-cycle-degree/programme/2025/5709
2026-06-05 15:53:31 INFO download_programmes: Parsed dimec programme 5904: 'Medicine and Surgery' from https://www.unibo.it/en/study/first-and-single-cycle-degree/programme/2025/5904
2026-06-05 15:53:31 INFO download_programmes: Parsed dimec programme 5905: 'Medicine and Surgery' from https://www.unibo.it/en/study/first-and-single-cycle-degree/programme/2025/5905
2026-06-05 15:53:31 INFO download_programmes: Parsed dimec programme 5907: 'Nursing' from https://www.unibo.it/en/study/first-and-single-cycle-degree/programme/2025/5907
2026-06-05 15:53:31 INFO download_programmes: Parsed dimec programme 5908: 'Nursing' from https://www.unibo.it/en/study/first-and-single-cycle-degree/programme/2025/5908
2026-06-05 15:53:31 INFO download_programmes: Parsed dimec programme 6063: 'Imaging and Radiotherapy techniques' from https://www.unibo.it/en/study/first-and-single-cycle-degree/programme/2025/6063
2026-06-05 15:53:31 INFO download_programmes: Parsed dimec programme 6064: 'Midwifery' from https://www.unibo.it/en/study/first-and-single-cycle-degree/programme/2025/6064
2026-06-05 15:53:31 INFO download_programmes: Parsed dimec programme 6732: 'Medicine and Surgery' from https://www.unibo.it/en/study/first-and-single-cycle-degree/programme/2025/6732
2026-06-05 15:53:31 INFO download_programmes: Parsed dimec programme 6733: 'Medicine and Surgery' from https://www.unibo.it/en/study/first-and-single-cycle-degree/programme/2025/6733
2026-06-05 15:53:31 INFO download_programmes: Parsed dimec programme 6734: 'Medicine and Surgery' from https://www.unibo.it/en/study/first-and-single-cycle-degree/programme/2025/6734
2026-06-05 15:53:31 INFO download_programmes: Parsed dimec programme 8415: 'Medicine and Surgery' from https://www.unibo.it/en/study/first-and-single-cycle-degree/programme/2025/8415
2026-06-05 15:53:31 INFO download_programmes: Parsed dimec programme 8470: 'Dietistic' from https://www.unibo.it/en/study/first-and-single-cycle-degree/programme/2025/8470
2026-06-05 15:53:31 INFO download_programmes: Parsed dimec programme 8475: 'Nursing' from https://www.unibo.it/en/study/first-and-single-cycle-degree/programme/2025/8475
2026-06-05 15:53:31 INFO download_programmes: Parsed dimec programme 8484: 'Biomedical Laboratory techniques' from https://www.unibo.it/en/study/first-and-single-cycle-degree/programme/2025/8484
2026-06-05 15:53:31 INFO download_programmes: Parsed dimec programme 8487: 'Environment and Workplace Prevention Techniques' from https://www.unibo.it/en/study/first-and-single-cycle-degree/programme/2025/8487
2026-06-05 15:53:31 INFO download_programmes: Parsed dimec programme 9079: 'Imaging and Radiotherapy techniques' from https://www.unibo.it/en/study/first-and-single-cycle-degree/programme/2025/9079
2026-06-05 15:53:31 INFO download_programmes: Parsed dimec programme 9201: 'Midwifery' from https://www.unibo.it/en/study/first-and-single-cycle-degree/programme/2025/9201
2026-06-05 15:53:31 INFO download_programmes: Parsed dimec programme 9210: 'Medicine and Surgery' from https://www.unibo.it/en/study/first-and-single-cycle-degree/programme/2025/9210
2026-06-05 15:53:31 INFO download_programmes: Parsed dimevet programme 5984: 'Veterinary Medicine' from https://www.unibo.it/en/study/first-and-single-cycle-degree/programme/2025/5984
2026-06-05 15:53:31 INFO download_programmes: Parsed dimevet programme 6062: 'Aquaculture and Fish Production Hygiene' from https://www.unibo.it/en/study/first-and-single-cycle-degree/programme/2025/6062
2026-06-05 15:53:31 INFO download_programmes: Parsed dimevet programme 6197: 'Veterinary Medicine' from https://www.unibo.it/en/study/first-and-single-cycle-degree/programme/2025/6197
2026-06-05 15:53:31 INFO download_programmes: Parsed dimevet programme 6656: 'Aquaculture and Fish Production Hygiene' from https://www.unibo.it/en/study/first-and-single-cycle-degree/programme/2025/6656
2026-06-05 15:53:31 INFO download_programmes: Parsed dimevet programme 6735: 'Veterinary Medicine' from https://www.unibo.it/en/study/first-and-single-cycle-degree/programme/2025/6735
2026-06-05 15:53:31 INFO download_programmes: Parsed dimevet programme 8617: 'Veterinary Medicine' from https://www.unibo.it/en/study/first-and-single-cycle-degree/programme/2025/8617
2026-06-05 15:53:31 INFO download_programmes: Parsed dimevet programme 8834: 'Aquaculture and Fish Production Hygiene' from https://www.unibo.it/en/study/first-and-single-cycle-degree/programme/2025/8834
2026-06-05 15:53:31 INFO download_programmes: Parsed din programme 0924: 'Energy Engineering' from https://www.unibo.it/en/study/first-and-single-cycle-degree/programme/2025/0924
2026-06-05 15:53:31 INFO download_programmes: Parsed din programme 0925: 'Engineering Management' from https://www.unibo.it/en/study/first-and-single-cycle-degree/programme/2025/0925
2026-06-05 15:53:31 INFO download_programmes: Parsed din programme 0927: 'Mechanical Engineering' from https://www.unibo.it/en/study/first-and-single-cycle-degree/programme/2025/0927
2026-06-05 15:53:31 INFO download_programmes: Parsed din programme 0949: 'Mechanical Engineering' from https://www.unibo.it/en/study/first-and-single-cycle-degree/programme/2025/0949
2026-06-05 15:53:31 INFO download_programmes: Parsed din programme 5941: 'Polymeric Composite' from https://www.unibo.it/en/study/first-and-single-cycle-degree/programme/2025/5941
2026-06-05 15:53:31 INFO download_programmes: Parsed din programme 6676: 'Aerospace Engineering' from https://www.unibo.it/en/study/first-and-single-cycle-degree/programme/2025/6676
2026-06-05 15:53:31 INFO download_programmes: Parsed din programme 6677: 'Mechanical Engineering' from https://www.unibo.it/en/study/first-and-single-cycle-degree/programme/2025/6677
2026-06-05 15:53:31 INFO download_programmes: Parsed din programme 6678: 'Energy Engineering' from https://www.unibo.it/en/study/first-and-single-cycle-degree/programme/2025/6678
2026-06-05 15:53:31 INFO download_programmes: Parsed din programme 6679: 'Engineering Management' from https://www.unibo.it/en/study/first-and-single-cycle-degree/programme/2025/6679
2026-06-05 15:53:31 INFO download_programmes: Parsed din programme 6680: 'Mechanical Engineering' from https://www.unibo.it/en/study/first-and-single-cycle-degree/programme/2025/6680
2026-06-05 15:53:31 INFO download_programmes: Parsed din programme 9234: 'Aerospace Engineering' from https://www.unibo.it/en/study/first-and-single-cycle-degree/programme/2025/9234
2026-06-05 15:53:31 INFO download_programmes: Parsed disa programme 5892: 'Management and Economics' from https://www.unibo.it/en/study/first-and-single-cycle-degree/programme/2025/5892
2026-06-05 15:53:31 INFO download_programmes: Parsed disa programme 6609: 'Business and Economics' from https://www.unibo.it/en/study/first-and-single-cycle-degree/programme/2025/6609
2026-06-05 15:53:31 INFO download_programmes: Parsed disa programme 6610: 'Business Administration' from https://www.unibo.it/en/study/first-and-single-cycle-degree/programme/2025/6610
2026-06-05 15:53:31 INFO download_programmes: Parsed disa programme 6611: 'Business Economics' from https://www.unibo.it/en/study/first-and-single-cycle-degree/programme/2025/6611
2026-06-05 15:53:31 INFO download_programmes: Parsed disa programme 6612: 'Economics and business' from https://www.unibo.it/en/study/first-and-single-cycle-degree/programme/2025/6612
2026-06-05 15:53:31 INFO download_programmes: Parsed disa programme 6613: 'Management and Marketing' from https://www.unibo.it/en/study/first-and-single-cycle-degree/programme/2025/6613
2026-06-05 15:53:31 INFO download_programmes: Parsed disa programme 6614: 'Management and Economics' from https://www.unibo.it/en/study/first-and-single-cycle-degree/programme/2025/6614
2026-06-05 15:53:31 INFO download_programmes: Parsed disa programme 8406: 'Management and Marketing' from https://www.unibo.it/en/study/first-and-single-cycle-degree/programme/2025/8406
2026-06-05 15:53:31 INFO download_programmes: Parsed disa programme 8848: 'Business Economics' from https://www.unibo.it/en/study/first-and-single-cycle-degree/programme/2025/8848
2026-06-05 15:53:31 INFO download_programmes: Parsed disa programme 8871: 'Business Administration' from https://www.unibo.it/en/study/first-and-single-cycle-degree/programme/2025/8871
2026-06-05 15:53:31 INFO download_programmes: Parsed disa programme 8965: 'Business and Economics' from https://www.unibo.it/en/study/first-and-single-cycle-degree/programme/2025/8965
2026-06-05 15:53:31 INFO download_programmes: Parsed disa programme 9202: 'Economics and business' from https://www.unibo.it/en/study/first-and-single-cycle-degree/programme/2025/9202
2026-06-05 15:53:31 INFO download_programmes: Parsed disci programme 0962: 'History' from https://www.unibo.it/en/study/first-and-single-cycle-degree/programme/2025/0962
2026-06-05 15:53:31 INFO download_programmes: Parsed disci programme 6663: 'Anthropology, Religions, Oriental Civilizations' from https://www.unibo.it/en/study/first-and-single-cycle-degree/programme/2025/6663
2026-06-05 15:53:31 INFO download_programmes: Parsed disci programme 6664: 'History' from https://www.unibo.it/en/study/first-and-single-cycle-degree/programme/2025/6664
2026-06-05 15:53:31 INFO download_programmes: Parsed disci programme 8493: 'Anthropology, Religions, Oriental Civilizations' from https://www.unibo.it/en/study/first-and-single-cycle-degree/programme/2025/8493
2026-06-05 15:53:31 INFO download_programmes: Parsed disi programme 6007: 'Computer Systems Technologies' from https://www.unibo.it/en/study/first-and-single-cycle-degree/programme/2025/6007
2026-06-05 15:53:31 INFO download_programmes: Parsed disi programme 6060: 'Information Science for Management' from https://www.unibo.it/en/study/first-and-single-cycle-degree/programme/2025/6060
2026-06-05 15:53:31 INFO download_programmes: Parsed disi programme 6640: 'Computer Science' from https://www.unibo.it/en/study/first-and-single-cycle-degree/programme/2025/6640
2026-06-05 15:53:31 INFO download_programmes: Parsed disi programme 6641: 'Information Science for Management' from https://www.unibo.it/en/study/first-and-single-cycle-degree/programme/2025/6641
2026-06-05 15:53:31 INFO download_programmes: Parsed disi programme 6668: 'Computer Engineering' from https://www.unibo.it/en/study/first-and-single-cycle-degree/programme/2025/6668
2026-06-05 15:53:31 INFO download_programmes: Parsed disi programme 6673: 'Computer Science and Engineering' from https://www.unibo.it/en/study/first-and-single-cycle-degree/programme/2025/6673
2026-06-05 15:53:31 INFO download_programmes: Parsed disi programme 8009: 'Computer Science' from https://www.unibo.it/en/study/first-and-single-cycle-degree/programme/2025/8009
2026-06-05 15:53:31 INFO download_programmes: Parsed disi programme 8014: 'Information Science for Management' from https://www.unibo.it/en/study/first-and-single-cycle-degree/programme/2025/8014
2026-06-05 15:53:31 INFO download_programmes: Parsed disi programme 8615: 'Computer Science and Engineering' from https://www.unibo.it/en/study/first-and-single-cycle-degree/programme/2025/8615
2026-06-05 15:53:31 INFO download_programmes: Parsed disi programme 9254: 'Computer Engineering' from https://www.unibo.it/en/study/first-and-single-cycle-degree/programme/2025/9254
2026-06-05 15:53:31 INFO download_programmes: Parsed distal programme 5808: 'Sciences and Culture of Gastronomy' from https://www.unibo.it/en/study/first-and-single-cycle-degree/programme/2025/5808
2026-06-05 15:53:31 INFO download_programmes: Parsed distal programme 5830: 'Sciences and Technologies for Green and Landscape' from https://www.unibo.it/en/study/first-and-single-cycle-degree/programme/2025/5830
2026-06-05 15:53:31 INFO download_programmes: Parsed distal programme 5831: 'Land and Agro-Forestry Technologies' from https://www.unibo.it/en/study/first-and-single-cycle-degree/programme/2025/5831
2026-06-05 15:53:31 INFO download_programmes: Parsed distal programme 5832: 'Agricultural Technology' from https://www.unibo.it/en/study/first-and-single-cycle-degree/programme/2025/5832
2026-06-05 15:53:31 INFO download_programmes: Parsed distal programme 5833: 'Marketing and Economics of the Agro-Industrial System' from https://www.unibo.it/en/study/first-and-single-cycle-degree/programme/2025/5833
2026-06-05 15:53:31 INFO download_programmes: Parsed distal programme 6625: 'Agri-food economics and markets' from https://www.unibo.it/en/study/first-and-single-cycle-degree/programme/2025/6625
2026-06-05 15:53:31 INFO download_programmes: Parsed distal programme 6626: 'Land and Agro-Forestry Technologies' from https://www.unibo.it/en/study/first-and-single-cycle-degree/programme/2025/6626
2026-06-05 15:53:31 INFO download_programmes: Parsed distal programme 6627: 'Agricultural Technology' from https://www.unibo.it/en/study/first-and-single-cycle-degree/programme/2025/6627
2026-06-05 15:53:31 INFO download_programmes: Parsed distal programme 6628: 'Sciences and Technologies for Green and Landscape' from https://www.unibo.it/en/study/first-and-single-cycle-degree/programme/2025/6628
2026-06-05 15:53:31 INFO download_programmes: Parsed distal programme 6629: 'Food Technology' from https://www.unibo.it/en/study/first-and-single-cycle-degree/programme/2025/6629
2026-06-05 15:53:31 INFO download_programmes: Parsed distal programme 6630: 'Viticulture and Enology' from https://www.unibo.it/en/study/first-and-single-cycle-degree/programme/2025/6630
2026-06-05 15:53:31 INFO download_programmes: Parsed distal programme 6655: 'Animal Production' from https://www.unibo.it/en/study/first-and-single-cycle-degree/programme/2025/6655
2026-06-05 15:53:31 INFO download_programmes: Parsed distal programme 6681: 'Sciences and Culture of Gastronomy' from https://www.unibo.it/en/study/first-and-single-cycle-degree/programme/2025/6681
2026-06-05 15:53:31 INFO download_programmes: Parsed distal programme 8527: 'Viticulture and Enology' from https://www.unibo.it/en/study/first-and-single-cycle-degree/programme/2025/8527
2026-06-05 15:53:31 INFO download_programmes: Parsed distal programme 8528: 'Food Technology' from https://www.unibo.it/en/study/first-and-single-cycle-degree/programme/2025/8528
2026-06-05 15:53:31 INFO download_programmes: Parsed distal programme 8882: 'Animal Production' from https://www.unibo.it/en/study/first-and-single-cycle-degree/programme/2025/8882
2026-06-05 15:53:31 INFO download_programmes: Parsed dit programme 5979: 'Languages and Technologies for Intercultural Communication' from https://www.unibo.it/en/study/first-and-single-cycle-degree/programme/2025/5979
2026-06-05 15:53:31 INFO download_programmes: Parsed dit programme 6604: 'Languages and Technologies for Intercultural Communication' from https://www.unibo.it/en/study/first-and-single-cycle-degree/programme/2025/6604
2026-06-05 15:53:31 INFO download_programmes: Parsed dse programme 5819: 'Economics, Politics and Social Sciences' from https://www.unibo.it/en/study/first-and-single-cycle-degree/programme/2025/5819
2026-06-05 15:53:31 INFO download_programmes: Parsed dse programme 6054: 'Economics of Tourism and Cities' from https://www.unibo.it/en/study/first-and-single-cycle-degree/programme/2025/6054
2026-06-05 15:53:31 INFO download_programmes: Parsed dse programme 6644: 'Economics, Markets and Institutions' from https://www.unibo.it/en/study/first-and-single-cycle-degree/programme/2025/6644
2026-06-05 15:53:31 INFO download_programmes: Parsed dse programme 6645: 'Economics of Tourism and Cities' from https://www.unibo.it/en/study/first-and-single-cycle-degree/programme/2025/6645
2026-06-05 15:53:31 INFO download_programmes: Parsed dse programme 6646: 'Economics and Finance' from https://www.unibo.it/en/study/first-and-single-cycle-degree/programme/2025/6646
2026-06-05 15:53:31 INFO download_programmes: Parsed dse programme 6647: 'Economics, Politics and Social Sciences' from https://www.unibo.it/en/study/first-and-single-cycle-degree/programme/2025/6647
2026-06-05 15:53:31 INFO download_programmes: Parsed dse programme 8038: 'Economics, Markets and Institutions' from https://www.unibo.it/en/study/first-and-single-cycle-degree/programme/2025/8038
2026-06-05 15:53:31 INFO download_programmes: Parsed dse programme 8835: 'Economics and Finance' from https://www.unibo.it/en/study/first-and-single-cycle-degree/programme/2025/8835
2026-06-05 15:53:31 INFO download_programmes: Parsed dse programme 8847: 'Economics of Tourism' from https://www.unibo.it/en/study/first-and-single-cycle-degree/programme/2025/8847
2026-06-05 15:53:31 INFO download_programmes: Parsed dsg programme 5903: 'Law' from https://www.unibo.it/en/study/first-and-single-cycle-degree/programme/2025/5903
2026-06-05 15:53:31 INFO download_programmes: Parsed dsg programme 6606: 'Employment and Business Relations Consultant' from https://www.unibo.it/en/study/first-and-single-cycle-degree/programme/2025/6606
2026-06-05 15:53:31 INFO download_programmes: Parsed dsg programme 6607: 'Legal Consultant in Business and Public Administration' from https://www.unibo.it/en/study/first-and-single-cycle-degree/programme/2025/6607
2026-06-05 15:53:31 INFO download_programmes: Parsed dsg programme 6827: 'Law' from https://www.unibo.it/en/study/first-and-single-cycle-degree/programme/2025/6827
2026-06-05 15:53:31 INFO download_programmes: Parsed dsg programme 6828: 'Law' from https://www.unibo.it/en/study/first-and-single-cycle-degree/programme/2025/6828
2026-06-05 15:53:31 INFO download_programmes: Parsed dsg programme 9230: 'Employment and Business Relations Consultant' from https://www.unibo.it/en/study/first-and-single-cycle-degree/programme/2025/9230
2026-06-05 15:53:31 INFO download_programmes: Parsed dsg programme 9232: 'Law' from https://www.unibo.it/en/study/first-and-single-cycle-degree/programme/2025/9232
2026-06-05 15:53:31 INFO download_programmes: Parsed dsg programme 9233: 'Law' from https://www.unibo.it/en/study/first-and-single-cycle-degree/programme/2025/9233
2026-06-05 15:53:31 INFO download_programmes: Parsed dsg programme 9242: 'Legal Consultant in Business and Public Administration' from https://www.unibo.it/en/study/first-and-single-cycle-degree/programme/2025/9242
2026-06-05 15:53:31 INFO download_programmes: Parsed edu programme 5711: 'Primary Teacher Education' from https://www.unibo.it/en/study/first-and-single-cycle-degree/programme/2025/5711
2026-06-05 15:53:31 INFO download_programmes: Parsed edu programme 5726: 'Expert in Social and Cultural Education' from https://www.unibo.it/en/study/first-and-single-cycle-degree/programme/2025/5726
2026-06-05 15:53:31 INFO download_programmes: Parsed edu programme 5727: 'Expert in Social and Cultural Education' from https://www.unibo.it/en/study/first-and-single-cycle-degree/programme/2025/5727
2026-06-05 15:53:31 INFO download_programmes: Parsed edu programme 6615: 'Educator in Childhood Social Services' from https://www.unibo.it/en/study/first-and-single-cycle-degree/programme/2025/6615
2026-06-05 15:53:31 INFO download_programmes: Parsed edu programme 6616: 'Expert in Social and Cultural Education' from https://www.unibo.it/en/study/first-and-single-cycle-degree/programme/2025/6616
2026-06-05 15:53:31 INFO download_programmes: Parsed edu programme 6617: 'Expert in Social and Cultural Education' from https://www.unibo.it/en/study/first-and-single-cycle-degree/programme/2025/6617
2026-06-05 15:53:31 INFO download_programmes: Parsed edu programme 9083: 'Educator in Childhood Social Services' from https://www.unibo.it/en/study/first-and-single-cycle-degree/programme/2025/9083
2026-06-05 15:53:31 INFO download_programmes: Parsed fabit programme 5976: 'Biotechnology' from https://www.unibo.it/en/study/first-and-single-cycle-degree/programme/2025/5976
2026-06-05 15:53:31 INFO download_programmes: Parsed fabit programme 5985: 'Pharmacy' from https://www.unibo.it/en/study/first-and-single-cycle-degree/programme/2025/5985
2026-06-05 15:53:31 INFO download_programmes: Parsed fabit programme 5986: 'Pharmaceutical Chemistry and Technology' from https://www.unibo.it/en/study/first-and-single-cycle-degree/programme/2025/5986
2026-06-05 15:53:31 INFO download_programmes: Parsed fabit programme 5987: 'Pharmacy' from https://www.unibo.it/en/study/first-and-single-cycle-degree/programme/2025/5987
2026-06-05 15:53:31 INFO download_programmes: Parsed fabit programme 6618: 'Biotechnology' from https://www.unibo.it/en/study/first-and-single-cycle-degree/programme/2025/6618
2026-06-05 15:53:31 INFO download_programmes: Parsed fabit programme 6619: 'Genomics' from https://www.unibo.it/en/study/first-and-single-cycle-degree/programme/2025/6619
2026-06-05 15:53:31 INFO download_programmes: Parsed fabit programme 6635: 'Applied Pharmaceutical Sciences' from https://www.unibo.it/en/study/first-and-single-cycle-degree/programme/2025/6635
2026-06-05 15:53:31 INFO download_programmes: Parsed fabit programme 6686: 'Pharmaceutical Chemistry and Technology' from https://www.unibo.it/en/study/first-and-single-cycle-degree/programme/2025/6686
2026-06-05 15:53:31 INFO download_programmes: Parsed fabit programme 6687: 'Pharmacy' from https://www.unibo.it/en/study/first-and-single-cycle-degree/programme/2025/6687
2026-06-05 15:53:31 INFO download_programmes: Parsed fabit programme 6688: 'Pharmacy' from https://www.unibo.it/en/study/first-and-single-cycle-degree/programme/2025/6688
2026-06-05 15:53:31 INFO download_programmes: Parsed fabit programme 8518: 'Applied Pharmaceutical Sciences' from https://www.unibo.it/en/study/first-and-single-cycle-degree/programme/2025/8518
2026-06-05 15:53:31 INFO download_programmes: Parsed fabit programme 9078: 'Pharmacy' from https://www.unibo.it/en/study/first-and-single-cycle-degree/programme/2025/9078
2026-06-05 15:53:31 INFO download_programmes: Parsed fabit programme 9211: 'Genomics' from https://www.unibo.it/en/study/first-and-single-cycle-degree/programme/2025/9211
2026-06-05 15:53:31 INFO download_programmes: Parsed fabit programme 9219: 'Pharmacy' from https://www.unibo.it/en/study/first-and-single-cycle-degree/programme/2025/9219
2026-06-05 15:53:31 INFO download_programmes: Parsed fabit programme 9262: 'Pharmaceutical Chemistry and Technology' from https://www.unibo.it/en/study/first-and-single-cycle-degree/programme/2025/9262
2026-06-05 15:53:31 INFO download_programmes: Parsed ficlit programme 6601: 'Humanities' from https://www.unibo.it/en/study/first-and-single-cycle-degree/programme/2025/6601
2026-06-05 15:53:31 INFO download_programmes: Parsed ficlit programme 8850: 'Humanities' from https://www.unibo.it/en/study/first-and-single-cycle-degree/programme/2025/8850
2026-06-05 15:53:31 INFO download_programmes: Parsed filo programme 6665: 'Philosophy' from https://www.unibo.it/en/study/first-and-single-cycle-degree/programme/2025/6665
2026-06-05 15:53:31 INFO download_programmes: Parsed filo programme 9216: 'Philosophy' from https://www.unibo.it/en/study/first-and-single-cycle-degree/programme/2025/9216
2026-06-05 15:53:31 INFO download_programmes: Parsed lilec programme 0979: 'Foreign Languages and Literature' from https://www.unibo.it/en/study/first-and-single-cycle-degree/programme/2025/0979
2026-06-05 15:53:31 INFO download_programmes: Parsed lilec programme 6602: 'Foreign Languages and Literature' from https://www.unibo.it/en/study/first-and-single-cycle-degree/programme/2025/6602
2026-06-05 15:53:31 INFO download_programmes: Parsed lilec programme 6603: 'Languages, Markets and Cultures of Asia and Mediterranean Africa' from https://www.unibo.it/en/study/first-and-single-cycle-degree/programme/2025/6603
2026-06-05 15:53:31 INFO download_programmes: Parsed lilec programme 9264: 'Languages, Markets and Cultures of Asia and Mediterranean Africa' from https://www.unibo.it/en/study/first-and-single-cycle-degree/programme/2025/9264
2026-06-05 15:53:31 INFO download_programmes: Parsed mat programme 6061: 'Mathematics' from https://www.unibo.it/en/study/first-and-single-cycle-degree/programme/2025/6061
2026-06-05 15:53:31 INFO download_programmes: Parsed mat programme 6649: 'Mathematics' from https://www.unibo.it/en/study/first-and-single-cycle-degree/programme/2025/6649
2026-06-05 15:53:31 INFO download_programmes: Parsed mat programme 8010: 'Mathematics' from https://www.unibo.it/en/study/first-and-single-cycle-degree/programme/2025/8010
2026-06-05 15:53:31 INFO download_programmes: Parsed psi programme 5963: 'Psychological Sciences and Techniques' from https://www.unibo.it/en/study/first-and-single-cycle-degree/programme/2025/5963
2026-06-05 15:53:31 INFO download_programmes: Parsed psi programme 6624: 'Psychological Sciences and Techniques' from https://www.unibo.it/en/study/first-and-single-cycle-degree/programme/2025/6624
2026-06-05 15:53:31 INFO download_programmes: Parsed quvi programme 6621: 'Exercise and Sport Sciences' from https://www.unibo.it/en/study/first-and-single-cycle-degree/programme/2025/6621
2026-06-05 15:53:31 INFO download_programmes: Parsed quvi programme 6622: 'Exercise and Sport Sciences' from https://www.unibo.it/en/study/first-and-single-cycle-degree/programme/2025/6622
2026-06-05 15:53:31 INFO download_programmes: Parsed quvi programme 8512: 'Exercise and Sport Sciences' from https://www.unibo.it/en/study/first-and-single-cycle-degree/programme/2025/8512
2026-06-05 15:53:31 INFO download_programmes: Parsed quvi programme 8766: 'Exercise and Sport Sciences' from https://www.unibo.it/en/study/first-and-single-cycle-degree/programme/2025/8766
2026-06-05 15:53:31 INFO download_programmes: Parsed sde programme 6657: 'Social Work' from https://www.unibo.it/en/study/first-and-single-cycle-degree/programme/2025/6657
2026-06-05 15:53:31 INFO download_programmes: Parsed sde programme 6659: 'Sociology' from https://www.unibo.it/en/study/first-and-single-cycle-degree/programme/2025/6659
2026-06-05 15:53:31 INFO download_programmes: Parsed sde programme 8040: 'Social Work' from https://www.unibo.it/en/study/first-and-single-cycle-degree/programme/2025/8040
2026-06-05 15:53:31 INFO download_programmes: Parsed sde programme 8495: 'Sociology' from https://www.unibo.it/en/study/first-and-single-cycle-degree/programme/2025/8495
2026-06-05 15:53:31 INFO download_programmes: Parsed sps programme 5949: 'International Studies' from https://www.unibo.it/en/study/first-and-single-cycle-degree/programme/2025/5949
2026-06-05 15:53:31 INFO download_programmes: Parsed sps programme 5983: 'European Studies' from https://www.unibo.it/en/study/first-and-single-cycle-degree/programme/2025/5983
2026-06-05 15:53:31 INFO download_programmes: Parsed sps programme 6650: 'International Studies' from https://www.unibo.it/en/study/first-and-single-cycle-degree/programme/2025/6650
2026-06-05 15:53:31 INFO download_programmes: Parsed sps programme 6651: 'International relations and diplomatic affairs' from https://www.unibo.it/en/study/first-and-single-cycle-degree/programme/2025/6651
2026-06-05 15:53:31 INFO download_programmes: Parsed sps programme 6652: 'Political, Social and International Sciences' from https://www.unibo.it/en/study/first-and-single-cycle-degree/programme/2025/6652
2026-06-05 15:53:31 INFO download_programmes: Parsed sps programme 6653: 'European Studies' from https://www.unibo.it/en/study/first-and-single-cycle-degree/programme/2025/6653
2026-06-05 15:53:31 INFO download_programmes: Parsed sps programme 8048: 'International relations and diplomatic affairs' from https://www.unibo.it/en/study/first-and-single-cycle-degree/programme/2025/8048
2026-06-05 15:53:31 INFO download_programmes: Parsed sps programme 8853: 'Political, Social and International Sciences' from https://www.unibo.it/en/study/first-and-single-cycle-degree/programme/2025/8853
2026-06-05 15:53:31 INFO download_programmes: Parsed stat programme 5901: 'Statistics, Finance and Insurance' from https://www.unibo.it/en/study/first-and-single-cycle-degree/programme/2025/5901
2026-06-05 15:53:31 INFO download_programmes: Parsed stat programme 6654: 'International Development and Cooperation' from https://www.unibo.it/en/study/first-and-single-cycle-degree/programme/2025/6654
2026-06-05 15:53:31 INFO download_programmes: Parsed stat programme 6660: 'Statistics, Finance and Insurance' from https://www.unibo.it/en/study/first-and-single-cycle-degree/programme/2025/6660
2026-06-05 15:53:31 INFO download_programmes: Parsed stat programme 6661: 'Statistical Sciences' from https://www.unibo.it/en/study/first-and-single-cycle-degree/programme/2025/6661
2026-06-05 15:53:31 INFO download_programmes: Parsed stat programme 8873: 'Statistical Sciences' from https://www.unibo.it/en/study/first-and-single-cycle-degree/programme/2025/8873
2026-06-05 15:53:31 INFO download_programmes: Parsed stat programme 8890: 'International Development and Cooperation' from https://www.unibo.it/en/study/first-and-single-cycle-degree/programme/2025/8890
2026-06-05 15:53:31 INFO download_programmes: Done. written=230 skipped=0
